Component: ARM Compiler 5.06 (build 20) Tool: armlink [4d35a3]

==============================================================================

Section Cross References

    sysinit.o(i.SystemInit) refers to board_sysinit.o(i.Board_SystemInit) for Board_SystemInit
    keil_freertos_startup_lpc15xx.o(STACK) refers (Special) to heapauxi.o(.text) for __use_two_region_memory
    keil_freertos_startup_lpc15xx.o(HEAP) refers (Special) to heapauxi.o(.text) for __use_two_region_memory
    keil_freertos_startup_lpc15xx.o(RESET) refers (Special) to heapauxi.o(.text) for __use_two_region_memory
    keil_freertos_startup_lpc15xx.o(RESET) refers to keil_freertos_startup_lpc15xx.o(STACK) for __initial_sp
    keil_freertos_startup_lpc15xx.o(RESET) refers to keil_freertos_startup_lpc15xx.o(.text) for Reset_Handler
    keil_freertos_startup_lpc15xx.o(RESET) refers to port.o(.emb_text) for SVC_Handler
    keil_freertos_startup_lpc15xx.o(RESET) refers to port.o(i.SysTick_Handler) for SysTick_Handler
    keil_freertos_startup_lpc15xx.o(.text) refers (Special) to heapauxi.o(.text) for __use_two_region_memory
    keil_freertos_startup_lpc15xx.o(.text) refers to sysinit.o(i.SystemInit) for SystemInit
    keil_freertos_startup_lpc15xx.o(.text) refers to __main.o(!!!main) for __main
    keil_freertos_startup_lpc15xx.o(.text) refers to keil_freertos_startup_lpc15xx.o(HEAP) for Heap_Mem
    keil_freertos_startup_lpc15xx.o(.text) refers to keil_freertos_startup_lpc15xx.o(STACK) for Stack_Mem
    queue.o(i.prvCopyDataFromQueue) refers to rt_memcpy_v6.o(.text) for __aeabi_memcpy
    queue.o(i.prvCopyDataToQueue) refers to tasks.o(i.vTaskPriorityDisinherit) for vTaskPriorityDisinherit
    queue.o(i.prvCopyDataToQueue) refers to rt_memcpy_v6.o(.text) for __aeabi_memcpy
    queue.o(i.prvIsQueueEmpty) refers to port.o(i.vPortEnterCritical) for vPortEnterCritical
    queue.o(i.prvIsQueueEmpty) refers to port.o(i.vPortExitCritical) for vPortExitCritical
    queue.o(i.prvIsQueueFull) refers to port.o(i.vPortEnterCritical) for vPortEnterCritical
    queue.o(i.prvIsQueueFull) refers to port.o(i.vPortExitCritical) for vPortExitCritical
    queue.o(i.prvUnlockQueue) refers to port.o(i.vPortEnterCritical) for vPortEnterCritical
    queue.o(i.prvUnlockQueue) refers to tasks.o(i.xTaskRemoveFromEventList) for xTaskRemoveFromEventList
    queue.o(i.prvUnlockQueue) refers to tasks.o(i.vTaskMissedYield) for vTaskMissedYield
    queue.o(i.prvUnlockQueue) refers to port.o(i.vPortExitCritical) for vPortExitCritical
    queue.o(i.uxQueueMessagesWaiting) refers to port.o(i.vPortEnterCritical) for vPortEnterCritical
    queue.o(i.uxQueueMessagesWaiting) refers to port.o(i.vPortExitCritical) for vPortExitCritical
    queue.o(i.uxQueueSpacesAvailable) refers to port.o(i.vPortEnterCritical) for vPortEnterCritical
    queue.o(i.uxQueueSpacesAvailable) refers to port.o(i.vPortExitCritical) for vPortExitCritical
    queue.o(i.vQueueAddToRegistry) refers to queue.o(.bss) for xQueueRegistry
    queue.o(i.vQueueDelete) refers to queue.o(i.vQueueUnregisterQueue) for vQueueUnregisterQueue
    queue.o(i.vQueueDelete) refers to heap_3.o(i.vPortFree) for vPortFree
    queue.o(i.vQueueUnregisterQueue) refers to queue.o(.bss) for xQueueRegistry
    queue.o(i.xQueueCreateCountingSemaphore) refers to queue.o(i.xQueueGenericCreate) for xQueueGenericCreate
    queue.o(i.xQueueCreateMutex) refers to heap_3.o(i.pvPortMalloc) for pvPortMalloc
    queue.o(i.xQueueCreateMutex) refers to list.o(i.vListInitialise) for vListInitialise
    queue.o(i.xQueueCreateMutex) refers to queue.o(i.xQueueGenericSend) for xQueueGenericSend
    queue.o(i.xQueueGenericCreate) refers to heap_3.o(i.pvPortMalloc) for pvPortMalloc
    queue.o(i.xQueueGenericCreate) refers to queue.o(i.xQueueGenericReset) for xQueueGenericReset
    queue.o(i.xQueueGenericCreate) refers to heap_3.o(i.vPortFree) for vPortFree
    queue.o(i.xQueueGenericReceive) refers to port.o(i.vPortEnterCritical) for vPortEnterCritical
    queue.o(i.xQueueGenericReceive) refers to queue.o(i.prvCopyDataFromQueue) for prvCopyDataFromQueue
    queue.o(i.xQueueGenericReceive) refers to tasks.o(i.xTaskGetCurrentTaskHandle) for xTaskGetCurrentTaskHandle
    queue.o(i.xQueueGenericReceive) refers to tasks.o(i.xTaskRemoveFromEventList) for xTaskRemoveFromEventList
    queue.o(i.xQueueGenericReceive) refers to port.o(i.vPortYield) for vPortYield
    queue.o(i.xQueueGenericReceive) refers to port.o(i.vPortExitCritical) for vPortExitCritical
    queue.o(i.xQueueGenericReceive) refers to tasks.o(i.vTaskSetTimeOutState) for vTaskSetTimeOutState
    queue.o(i.xQueueGenericReceive) refers to tasks.o(i.vTaskSuspendAll) for vTaskSuspendAll
    queue.o(i.xQueueGenericReceive) refers to tasks.o(i.xTaskCheckForTimeOut) for xTaskCheckForTimeOut
    queue.o(i.xQueueGenericReceive) refers to queue.o(i.prvIsQueueEmpty) for prvIsQueueEmpty
    queue.o(i.xQueueGenericReceive) refers to tasks.o(i.vTaskPriorityInherit) for vTaskPriorityInherit
[...]
    Removing swm_15xx.o(i.Chip_SWM_IsFixedPinEnabled), (36 bytes).
    Removing sysinit_15xx.o(.rev16_text), (4 bytes).
    Removing sysinit_15xx.o(.revsh_text), (4 bytes).
    Removing sysinit_15xx.o(i.Chip_SetupIrcClocking), (88 bytes).
    Removing sysinit_15xx.o(i.Chip_SystemInit), (4 bytes).
    Removing uart_15xx.o(.rev16_text), (4 bytes).
    Removing uart_15xx.o(.revsh_text), (4 bytes).
    Removing uart_15xx.o(i.Chip_UART_DeInit), (14 bytes).
    Removing uart_15xx.o(i.Chip_UART_IRQRBHandler), (46 bytes).
    Removing uart_15xx.o(i.Chip_UART_RXIntHandlerRB), (30 bytes).
    Removing uart_15xx.o(i.Chip_UART_Read), (28 bytes).
    Removing uart_15xx.o(i.Chip_UART_ReadBlocking), (36 bytes).
    Removing uart_15xx.o(i.Chip_UART_ReadRB), (16 bytes).
    Removing uart_15xx.o(i.Chip_UART_SendRB), (56 bytes).
    Removing uart_15xx.o(i.Chip_UART_SetBaudWithRTC32K), (32 bytes).
    Removing uart_15xx.o(i.Chip_UART_TXIntHandlerRB), (34 bytes).
    Removing ring_buffer.o(i.RingBuffer_Init), (16 bytes).
    Removing ring_buffer.o(i.RingBuffer_Insert), (48 bytes).
    Removing ring_buffer.o(i.RingBuffer_InsertMult), (122 bytes).
    Removing ring_buffer.o(i.RingBuffer_IsEmpty), (16 bytes).
    Removing ring_buffer.o(i.RingBuffer_IsFull), (20 bytes).
    Removing ring_buffer.o(i.RingBuffer_Pop), (48 bytes).
    Removing ring_buffer.o(i.RingBuffer_PopMult), (118 bytes).

151 unused section(s) (total 6016 bytes) removed from the image.

==============================================================================

Image Symbol Table

    Local Symbols

    Symbol Name                              Value     Ov Type        Size  Object(Section)

    RESET                                    0x00000000   Section      252  keil_freertos_startup_lpc15xx.o(RESET)
    ../clib/angel/boardlib.s                 0x00000000   Number         0  boardinit3.o ABSOLUTE
    ../clib/angel/boardlib.s                 0x00000000   Number         0  boardinit1.o ABSOLUTE
    ../clib/angel/boardlib.s                 0x00000000   Number         0  boardshut.o ABSOLUTE
    ../clib/angel/boardlib.s                 0x00000000   Number         0  boardinit2.o ABSOLUTE
    ../clib/angel/handlers.s                 0x00000000   Number         0  __scatter_copy.o ABSOLUTE
    ../clib/angel/handlers.s                 0x00000000   Number         0  __scatter_zi.o ABSOLUTE
    ../clib/angel/kernel.s                   0x00000000   Number         0  __rtentry2.o ABSOLUTE
    ../clib/angel/kernel.s                   0x00000000   Number         0  __rtentry4.o ABSOLUTE
    ../clib/angel/kernel.s                   0x00000000   Number         0  rtexit2.o ABSOLUTE
    ../clib/angel/kernel.s                   0x00000000   Number         0  __rtentry.o ABSOLUTE
    ../clib/angel/kernel.s                   0x00000000   Number         0  rtexit.o ABSOLUTE
    ../clib/angel/rt.s                       0x00000000   Number         0  rt_div0.o ABSOLUTE
    ../clib/angel/rt.s                       0x00000000   Number         0  rt_raise.o ABSOLUTE
    ../clib/angel/rt.s                       0x00000000   Number         0  aeabi_ldiv0.o ABSOLUTE
    ../clib/angel/rt.s                       0x00000000   Number         0  rt_heap_descriptor_intlibspace.o ABSOLUTE
    ../clib/angel/rt.s                       0x00000000   Number         0  rt_heap_descriptor.o ABSOLUTE
    ../clib/angel/rt.s                       0x00000000   Number         0  aeabi_ldiv0_sigfpe.o ABSOLUTE
    ../clib/angel/scatter.s                  0x00000000   Number         0  __scatter.o ABSOLUTE
    ../clib/angel/startup.s                  0x00000000   Number         0  __main.o ABSOLUTE
    ../clib/angel/sys.s                      0x00000000   Number         0  libspace.o ABSOLUTE
    ../clib/angel/sys.s                      0x00000000   Number         0  indicate_semi.o ABSOLUTE
    ../clib/angel/sys.s                      0x00000000   Number         0  sys_stackheap_outer.o ABSOLUTE
    ../clib/angel/sys.s                      0x00000000   Number         0  use_no_semi.o ABSOLUTE
    ../clib/angel/sys.s                      0x00000000   Number         0  mutex_dummy.o ABSOLUTE
    ../clib/angel/sysapp.c                   0x00000000   Number         0  sys_wrch.o ABSOLUTE
    ../clib/angel/sysapp.c                   0x00000000   Number         0  sys_command.o ABSOLUTE
    ../clib/armsys.c                         0x00000000   Number         0  argv_veneer.o ABSOLUTE
    ../clib/armsys.c                         0x00000000   Number         0  _get_argv_nomalloc.o ABSOLUTE
    ../clib/armsys.c                         0x00000000   Number         0  argv_veneer.o ABSOLUTE
    ../clib/armsys.c                         0x00000000   Number         0  no_argv.o ABSOLUTE
    ../clib/armsys.c                         0x00000000   Number         0  _get_argv.o ABSOLUTE
    ../clib/heap1.c                          0x00000000   Number         0  h1_free_mt.o ABSOLUTE
    ../clib/heap1.c                          0x00000000   Number         0  h1_final.o ABSOLUTE
    ../clib/heap1.c                          0x00000000   Number         0  h1_final_mt.o ABSOLUTE
    ../clib/heap1.c                          0x00000000   Number         0  h1_alloc.o ABSOLUTE
    ../clib/heap1.c                          0x00000000   Number         0  h1_extend_mt.o ABSOLUTE
    ../clib/heap1.c                          0x00000000   Number         0  h1_init_mt.o ABSOLUTE
    ../clib/heap1.c                          0x00000000   Number         0  h1_init.o ABSOLUTE
    ../clib/heap1.c                          0x00000000   Number         0  h1_free.o ABSOLUTE
    ../clib/heap1.c                          0x00000000   Number         0  h1_alloc_mt.o ABSOLUTE
    ../clib/heap1.c                          0x00000000   Number         0  h1_extend.o ABSOLUTE
    ../clib/heap2.c                          0x00000000   Number         0  heap2mt.o ABSOLUTE
    ../clib/heap2.c                          0x00000000   Number         0  heap2.o ABSOLUTE
    ../clib/heap2.c                          0x00000000   Number         0  fdtree.o ABSOLUTE
    ../clib/heapalloc.c                      0x00000000   Number         0  malloc.o ABSOLUTE
    ../clib/heapalloc.c                      0x00000000   Number         0  maybetermalloc1.o ABSOLUTE
    ../clib/heapalloc.c                      0x00000000   Number         0  heapstubs.o ABSOLUTE
    ../clib/heapalloc.c                      0x00000000   Number         0  init_alloc.o ABSOLUTE
    ../clib/heapalloc.c                      0x00000000   Number         0  hguard.o ABSOLUTE
    ../clib/heapalloc.c                      0x00000000   Number         0  maybetermalloc1.o ABSOLUTE
    ../clib/heapalloc.c                      0x00000000   Number         0  term_alloc.o ABSOLUTE
    ../clib/heapalloc.c                      0x00000000   Number         0  maybetermalloc2.o ABSOLUTE
    ../clib/heapalloc.c                      0x00000000   Number         0  maybetermalloc2.o ABSOLUTE
    ../clib/heapalloc.c                      0x00000000   Number         0  hrguard.o ABSOLUTE
    ../clib/heapalloc.c                      0x00000000   Number         0  free.o ABSOLUTE
    ../clib/heapaux.c                        0x00000000   Number         0  heapauxa.o ABSOLUTE
    ../clib/heapaux.c                        0x00000000   Number         0  heapauxi.o ABSOLUTE
    ../clib/libinit.s                        0x00000000   Number         0  libshutdown.o ABSOLUTE
    ../clib/libinit.s                        0x00000000   Number         0  libinit2.o ABSOLUTE
    ../clib/libinit.s                        0x00000000   Number         0  libshutdown2.o ABSOLUTE
    ../clib/libinit.s                        0x00000000   Number         0  libinit.o ABSOLUTE
    ../clib/longlong.s                       0x00000000   Number         0  lludivv7m.o ABSOLUTE
    ../clib/memcpset.s                       0x00000000   Number         0  rt_memclr.o ABSOLUTE
    ../clib/memcpset.s                       0x00000000   Number         0  rt_memcpy_v6.o ABSOLUTE
    ../clib/memcpset.s                       0x00000000   Number         0  rt_memcpy_w.o ABSOLUTE
    ../clib/memcpset.s                       0x00000000   Number         0  rt_memclr_w.o ABSOLUTE
    ../clib/memcpset.s                       0x00000000   Number         0  aeabi_memset.o ABSOLUTE
    ../clib/printf.c                         0x00000000   Number         0  _printf_char.o ABSOLUTE
    ../clib/printf.c                         0x00000000   Number         0  _printf_intcommon.o ABSOLUTE
    ../clib/printf.c                         0x00000000   Number         0  __printf_ss.o ABSOLUTE
    ../clib/printf.c                         0x00000000   Number         0  _printf_dec.o ABSOLUTE
    ../clib/printf.c                         0x00000000   Number         0  _printf_str.o ABSOLUTE
    ../clib/printf.c                         0x00000000   Number         0  __printf.o ABSOLUTE
    ../clib/printf.c                         0x00000000   Number         0  __printf_nopercent.o ABSOLUTE
    ../clib/printf.c                         0x00000000   Number         0  noretval__2printf.o ABSOLUTE
    ../clib/printf.c                         0x00000000   Number         0  __2printf.o ABSOLUTE
    ../clib/printf.c                         0x00000000   Number         0  __printf_flags.o ABSOLUTE
    ../clib/printf.c                         0x00000000   Number         0  _printf_char_common.o ABSOLUTE
    ../clib/printf.c                         0x00000000   Number         0  __printf_flags_ss_wp.o ABSOLUTE
    ../clib/printf.c                         0x00000000   Number         0  __printf_ss_wp.o ABSOLUTE
    ../clib/printf.c                         0x00000000   Number         0  __printf_flags_wp.o ABSOLUTE
    ../clib/printf.c                         0x00000000   Number         0  __printf_wp.o ABSOLUTE
    ../clib/printf.c                         0x00000000   Number         0  __printf_flags_ss.o ABSOLUTE
    ../clib/printf.c                         0x00000000   Number         0  _printf_char_file.o ABSOLUTE
    ../clib/printf_percent.s                 0x00000000   Number         0  _printf_s.o ABSOLUTE
    ../clib/printf_percent.s                 0x00000000   Number         0  _printf_d.o ABSOLUTE
    ../clib/printf_percent.s                 0x00000000   Number         0  _printf_percent.o ABSOLUTE
    ../clib/printf_percent.s                 0x00000000   Number         0  _printf_percent_end.o ABSOLUTE
    ../clib/signal.c                         0x00000000   Number         0  defsig_rtmem_inner.o ABSOLUTE
    ../clib/signal.c                         0x00000000   Number         0  defsig_other.o ABSOLUTE
    ../clib/signal.c                         0x00000000   Number         0  defsig_rtmem_formal.o ABSOLUTE
    ../clib/signal.c                         0x00000000   Number         0  defsig_rtred_inner.o ABSOLUTE
    ../clib/signal.c                         0x00000000   Number         0  defsig_stak_inner.o ABSOLUTE
    ../clib/signal.c                         0x00000000   Number         0  defsig_fpe_inner.o ABSOLUTE
    ../clib/signal.c                         0x00000000   Number         0  defsig_general.o ABSOLUTE
    ../clib/signal.c                         0x00000000   Number         0  __raise.o ABSOLUTE
    ../clib/signal.c                         0x00000000   Number         0  defsig_pvfn_inner.o ABSOLUTE
    ../clib/signal.c                         0x00000000   Number         0  defsig_cppl_inner.o ABSOLUTE
    ../clib/signal.c                         0x00000000   Number         0  defsig_segv_inner.o ABSOLUTE
    ../clib/signal.c                         0x00000000   Number         0  defsig_rtmem_outer.o ABSOLUTE
    ../clib/signal.c                         0x00000000   Number         0  defsig_abrt_inner.o ABSOLUTE
    ../clib/signal.c                         0x00000000   Number         0  defsig_fpe_formal.o ABSOLUTE
    ../clib/signal.c                         0x00000000   Number         0  defsig_fpe_outer.o ABSOLUTE
    ../clib/signal.c                         0x00000000   Number         0  defsig_exit.o ABSOLUTE
    ../clib/signal.s                         0x00000000   Number         0  defsig.o ABSOLUTE
    ../clib/stdlib.c                         0x00000000   Number         0  exit.o ABSOLUTE
    ../fplib/fpinit.s                        0x00000000   Number         0  fpinit.o ABSOLUTE
    ..\chip_common\ring_buffer.c             0x00000000   Number         0  ring_buffer.o ABSOLUTE
    board.c                                  0x00000000   Number         0  board.o ABSOLUTE
    board.c                                  0x00000000   Number         0  board.o ABSOLUTE
    board_sysinit.c                          0x00000000   Number         0  board_sysinit.o ABSOLUTE
    board_sysinit.c                          0x00000000   Number         0  board_sysinit.o ABSOLUTE
    chip_15xx.c                              0x00000000   Number         0  chip_15xx.o ABSOLUTE
    chip_15xx.c                              0x00000000   Number         0  chip_15xx.o ABSOLUTE
    clock_15xx.c                             0x00000000   Number         0  clock_15xx.o ABSOLUTE
    clock_15xx.c                             0x00000000   Number         0  clock_15xx.o ABSOLUTE
    dc.s                                     0x00000000   Number         0  dc.o ABSOLUTE
    examples\freertos\startup_code\keil_freertos_startup_lpc15xx.s 0x00000000   Number         0  keil_freertos_startup_lpc15xx.o ABSOLUTE
    freertos\\freertos\\Source\\list.c       0x00000000   Number         0  list.o ABSOLUTE
    freertos\\freertos\\Source\\portable\\MemMang\\heap_3.c 0x00000000   Number         0  heap_3.o ABSOLUTE
    freertos\\freertos\\Source\\portable\\RVDS\\ARM_CM3\\port.c 0x00000000   Number         0  port.o ABSOLUTE
    freertos\\freertos\\Source\\queue.c      0x00000000   Number         0  queue.o ABSOLUTE
    freertos\\freertos\\Source\\tasks.c      0x00000000   Number         0  tasks.o ABSOLUTE
    freertos\\freertos\\Source\\timers.c     0x00000000   Number         0  timers.o ABSOLUTE
    freertos\\freertoslpc\\FreeRTOSCommonHooks.c 0x00000000   Number         0  freertoscommonhooks.o ABSOLUTE
    freertos\freertos\Source\list.c          0x00000000   Number         0  list.o ABSOLUTE
    freertos\freertos\Source\portable\MemMang\heap_3.c 0x00000000   Number         0  heap_3.o ABSOLUTE
    freertos\freertos\Source\portable\RVDS\ARM_CM3\port.c 0x00000000   Number         0  port.o ABSOLUTE
    freertos\freertos\Source\queue.c         0x00000000   Number         0  queue.o ABSOLUTE
    freertos\freertos\Source\tasks.c         0x00000000   Number         0  tasks.o ABSOLUTE
    freertos\freertos\Source\timers.c        0x00000000   Number         0  timers.o ABSOLUTE
    freertos\freertoslpc\FreeRTOSCommonHooks.c 0x00000000   Number         0  freertoscommonhooks.o ABSOLUTE
    gpio_15xx.c                              0x00000000   Number         0  gpio_15xx.o ABSOLUTE
    gpio_15xx.c                              0x00000000   Number         0  gpio_15xx.o ABSOLUTE
    iocon_15xx.c                             0x00000000   Number         0  iocon_15xx.o ABSOLUTE
    iocon_15xx.c                             0x00000000   Number         0  iocon_15xx.o ABSOLUTE
    main.c                                   0x00000000   Number         0  main.o ABSOLUTE
    main.c                                   0x00000000   Number         0  main.o ABSOLUTE
    startup_code\\sysinit.c                  0x00000000   Number         0  sysinit.o ABSOLUTE
    startup_code\sysinit.c                   0x00000000   Number         0  sysinit.o ABSOLUTE
    swm_15xx.c                               0x00000000   Number         0  swm_15xx.o ABSOLUTE
    swm_15xx.c                               0x00000000   Number         0  swm_15xx.o ABSOLUTE
    sysctl_15xx.c                            0x00000000   Number         0  sysctl_15xx.o ABSOLUTE
    sysctl_15xx.c                            0x00000000   Number         0  sysctl_15xx.o ABSOLUTE
    sysinit_15xx.c                           0x00000000   Number         0  sysinit_15xx.o ABSOLUTE
    sysinit_15xx.c                           0x00000000   Number         0  sysinit_15xx.o ABSOLUTE
    uart_15xx.c                              0x00000000   Number         0  uart_15xx.o ABSOLUTE
    uart_15xx.c                              0x00000000   Number         0  uart_15xx.o ABSOLUTE
    !!!main                                  0x000000fc   Section        8  __main.o(!!!main)
    !!!scatter                               0x00000104   Section       52  __scatter.o(!!!scatter)
    !!handler_copy                           0x00000138   Section       26  __scatter_copy.o(!!handler_copy)
    !!handler_zi                             0x00000154   Section       28  __scatter_zi.o(!!handler_zi)
    .ARM.Collect$$_printf_percent$$00000000  0x00000170   Section        0  _printf_percent.o(.ARM.Collect$$_printf_percent$$00000000)
    .ARM.Collect$$_printf_percent$$00000009  0x00000170   Section        6  _printf_d.o(.ARM.Collect$$_printf_percent$$00000009)
    .ARM.Collect$$_printf_percent$$00000017  0x00000176   Section        4  _printf_percent_end.o(.ARM.Collect$$_printf_percent$$00000017)
    .ARM.Collect$$libinit$$00000000          0x0000017a   Section        2  libinit.o(.ARM.Collect$$libinit$$00000000)
    .ARM.Collect$$libinit$$00000002          0x0000017c   Section        0  libinit2.o(.ARM.Collect$$libinit$$00000002)
    .ARM.Collect$$libinit$$00000004          0x0000017c   Section        0  libinit2.o(.ARM.Collect$$libinit$$00000004)
    .ARM.Collect$$libinit$$00000005          0x0000017c   Section        8  libinit2.o(.ARM.Collect$$libinit$$00000005)
    .ARM.Collect$$libinit$$0000000A          0x00000184   Section        0  libinit2.o(.ARM.Collect$$libinit$$0000000A)
    .ARM.Collect$$libinit$$0000000C          0x00000184   Section        0  libinit2.o(.ARM.Collect$$libinit$$0000000C)
    .ARM.Collect$$libinit$$0000000E          0x00000184   Section        0  libinit2.o(.ARM.Collect$$libinit$$0000000E)
    .ARM.Collect$$libinit$$00000011          0x00000184   Section        0  libinit2.o(.ARM.Collect$$libinit$$00000011)
    .ARM.Collect$$libinit$$00000013          0x00000184   Section        0  libinit2.o(.ARM.Collect$$libinit$$00000013)
    .ARM.Collect$$libinit$$00000015          0x00000184   Section        0  libinit2.o(.ARM.Collect$$libinit$$00000015)
    .ARM.Collect$$libinit$$00000017          0x00000184   Section        0  libinit2.o(.ARM.Collect$$libinit$$00000017)
    .ARM.Collect$$libinit$$00000019          0x00000184   Section        0  libinit2.o(.ARM.Collect$$libinit$$00000019)
    .ARM.Collect$$libinit$$0000001B          0x00000184   Section        0  libinit2.o(.ARM.Collect$$libinit$$0000001B)
    .ARM.Collect$$libinit$$0000001D          0x00000184   Section        0  libinit2.o(.ARM.Collect$$libinit$$0000001D)
    .ARM.Collect$$libinit$$0000001F          0x00000184   Section        0  libinit2.o(.ARM.Collect$$libinit$$0000001F)
    .ARM.Collect$$libinit$$00000021          0x00000184   Section        0  libinit2.o(.ARM.Collect$$libinit$$00000021)
    .ARM.Collect$$libinit$$00000023          0x00000184   Section        0  libinit2.o(.ARM.Collect$$libinit$$00000023)
    .ARM.Collect$$libinit$$00000025          0x00000184   Section        0  libinit2.o(.ARM.Collect$$libinit$$00000025)
    .ARM.Collect$$libinit$$0000002C          0x00000184   Section        0  libinit2.o(.ARM.Collect$$libinit$$0000002C)
    .ARM.Collect$$libinit$$0000002E          0x00000184   Section        0  libinit2.o(.ARM.Collect$$libinit$$0000002E)
    .ARM.Collect$$libinit$$00000030          0x00000184   Section        0  libinit2.o(.ARM.Collect$$libinit$$00000030)
    .ARM.Collect$$libinit$$00000032          0x00000184   Section        0  libinit2.o(.ARM.Collect$$libinit$$00000032)
    .ARM.Collect$$libinit$$00000033          0x00000184   Section        2  libinit2.o(.ARM.Collect$$libinit$$00000033)
    .ARM.Collect$$libshutdown$$00000000      0x00000186   Section        2  libshutdown.o(.ARM.Collect$$libshutdown$$00000000)
    .ARM.Collect$$libshutdown$$00000002      0x00000188   Section        0  libshutdown2.o(.ARM.Collect$$libshutdown$$00000002)
    .ARM.Collect$$libshutdown$$00000004      0x00000188   Section        0  libshutdown2.o(.ARM.Collect$$libshutdown$$00000004)
    .ARM.Collect$$libshutdown$$00000007      0x00000188   Section        0  libshutdown2.o(.ARM.Collect$$libshutdown$$00000007)
    .ARM.Collect$$libshutdown$$0000000A      0x00000188   Section        0  libshutdown2.o(.ARM.Collect$$libshutdown$$0000000A)
    .ARM.Collect$$libshutdown$$0000000C      0x00000188   Section        0  libshutdown2.o(.ARM.Collect$$libshutdown$$0000000C)
    .ARM.Collect$$libshutdown$$0000000F      0x00000188   Section        0  libshutdown2.o(.ARM.Collect$$libshutdown$$0000000F)
    .ARM.Collect$$libshutdown$$00000010      0x00000188   Section        2  libshutdown2.o(.ARM.Collect$$libshutdown$$00000010)
    .ARM.Collect$$rtentry$$00000000          0x0000018a   Section        0  __rtentry.o(.ARM.Collect$$rtentry$$00000000)
    .ARM.Collect$$rtentry$$00000002          0x0000018a   Section        0  __rtentry2.o(.ARM.Collect$$rtentry$$00000002)
    .ARM.Collect$$rtentry$$00000004          0x0000018a   Section        6  __rtentry4.o(.ARM.Collect$$rtentry$$00000004)
    .ARM.Collect$$rtentry$$00000009          0x00000190   Section        0  __rtentry2.o(.ARM.Collect$$rtentry$$00000009)
    .ARM.Collect$$rtentry$$0000000A          0x00000190   Section        4  __rtentry2.o(.ARM.Collect$$rtentry$$0000000A)
    .ARM.Collect$$rtentry$$0000000C          0x00000194   Section        0  __rtentry2.o(.ARM.Collect$$rtentry$$0000000C)
    .ARM.Collect$$rtentry$$0000000D          0x00000194   Section        8  __rtentry2.o(.ARM.Collect$$rtentry$$0000000D)
    .ARM.Collect$$rtexit$$00000000           0x0000019c   Section        2  rtexit.o(.ARM.Collect$$rtexit$$00000000)
    .ARM.Collect$$rtexit$$00000002           0x0000019e   Section        0  rtexit2.o(.ARM.Collect$$rtexit$$00000002)
    .ARM.Collect$$rtexit$$00000003           0x0000019e   Section        4  rtexit2.o(.ARM.Collect$$rtexit$$00000003)
    .ARM.Collect$$rtexit$$00000004           0x000001a2   Section        6  rtexit2.o(.ARM.Collect$$rtexit$$00000004)
    .emb_text                                0x000001a8   Section      158  port.o(.emb_text)
    .emb_text                                0x00000248   Section        0  maybetermalloc1.o(.emb_text)
    .text                                    0x00000248   Section       60  keil_freertos_startup_lpc15xx.o(.text)
    .text                                    0x00000284   Section        0  h1_alloc.o(.text)
    .text                                    0x000002e2   Section        0  h1_free.o(.text)
    .text                                    0x00000330   Section      238  lludivv7m.o(.text)
    .text                                    0x00000420   Section        0  noretval__2printf.o(.text)
    .text                                    0x00000438   Section        0  __printf.o(.text)
    .text                                    0x000004a0   Section        0  _printf_dec.o(.text)
    .text                                    0x00000518   Section       16  aeabi_memset.o(.text)
    .text                                    0x00000528   Section        0  heapauxi.o(.text)
    .text                                    0x00000530   Section        8  rt_heap_descriptor_intlibspace.o(.text)
    .text                                    0x00000538   Section        0  hguard.o(.text)
    .text                                    0x0000053c   Section        0  init_alloc.o(.text)
    .text                                    0x000005c6   Section        0  h1_init.o(.text)
    .text                                    0x000005d4   Section        0  _printf_intcommon.o(.text)
    .text                                    0x00000688   Section        0  _printf_char_file.o(.text)
    .text                                    0x000006ac   Section       68  rt_memclr.o(.text)
    .text                                    0x000006f0   Section        8  libspace.o(.text)
    .text                                    0x000006f8   Section        0  h1_extend.o(.text)
    .text                                    0x0000072c   Section        0  _printf_char_common.o(.text)
    _printf_input_char                       0x0000072d   Thumb Code    10  _printf_char_common.o(.text)
    .text                                    0x0000075c   Section        0  defsig_rtmem_outer.o(.text)
    .text                                    0x0000076a   Section       78  rt_memclr_w.o(.text)
    .text                                    0x000007b8   Section        2  use_no_semi.o(.text)
    .text                                    0x000007ba   Section        0  indicate_semi.o(.text)
    .text                                    0x000007ba   Section       74  sys_stackheap_outer.o(.text)
    .text                                    0x00000804   Section        0  exit.o(.text)
    .text                                    0x00000816   Section        0  defsig_exit.o(.text)
    .text                                    0x00000820   Section        0  defsig_rtmem_inner.o(.text)
    .text                                    0x00000870   Section        0  defsig_general.o(.text)
    .text                                    0x000008a2   Section        0  sys_wrch.o(.text)
    i.Board_Debug_Init                       0x000008b0   Section        0  board.o(i.Board_Debug_Init)
    i.Board_Init                             0x00000910   Section        0  board.o(i.Board_Init)
    i.Board_LED_Set                          0x00000958   Section        0  board.o(i.Board_LED_Set)
    i.Board_SetupClocking                    0x0000097c   Section        0  board_sysinit.o(i.Board_SetupClocking)
    i.Board_SetupMuxing                      0x000009b4   Section        0  board_sysinit.o(i.Board_SetupMuxing)
    i.Board_SystemInit                       0x00000a04   Section        0  board_sysinit.o(i.Board_SystemInit)
    i.Board_UARTPutChar                      0x00000a1c   Section        0  board.o(i.Board_UARTPutChar)
    i.Chip_Clock_EnablePeriphClock           0x00000a30   Section        0  clock_15xx.o(i.Chip_Clock_EnablePeriphClock)
    i.Chip_Clock_GetMainClockRate            0x00000a50   Section        0  clock_15xx.o(i.Chip_Clock_GetMainClockRate)
    i.Chip_Clock_GetMain_A_ClockRate         0x00000a68   Section        0  clock_15xx.o(i.Chip_Clock_GetMain_A_ClockRate)
    i.Chip_Clock_GetMain_B_ClockRate         0x00000a9c   Section        0  clock_15xx.o(i.Chip_Clock_GetMain_B_ClockRate)
    i.Chip_Clock_GetPLLFreq                  0x00000ad0   Section        0  clock_15xx.o(i.Chip_Clock_GetPLLFreq)
    Chip_Clock_GetPLLFreq                    0x00000ad1   Thumb Code    12  clock_15xx.o(i.Chip_Clock_GetPLLFreq)
    i.Chip_Clock_GetPLLInClockRate           0x00000adc   Section        0  clock_15xx.o(i.Chip_Clock_GetPLLInClockRate)
    Chip_Clock_GetPLLInClockRate             0x00000add   Thumb Code    24  clock_15xx.o(i.Chip_Clock_GetPLLInClockRate)
    i.Chip_Clock_GetSystemClockRate          0x00000afc   Section        0  clock_15xx.o(i.Chip_Clock_GetSystemClockRate)
    i.Chip_Clock_GetSystemPLLInClockRate     0x00000b14   Section        0  clock_15xx.o(i.Chip_Clock_GetSystemPLLInClockRate)
    i.Chip_Clock_GetSystemPLLOutClockRate    0x00000b24   Section        0  clock_15xx.o(i.Chip_Clock_GetSystemPLLOutClockRate)
    i.Chip_Clock_GetUARTBaseClockRate        0x00000b40   Section        0  clock_15xx.o(i.Chip_Clock_GetUARTBaseClockRate)
    i.Chip_Clock_SetMainClockSource          0x00000b80   Section        0  clock_15xx.o(i.Chip_Clock_SetMainClockSource)
    i.Chip_Clock_SetUARTBaseClockRate        0x00000ba0   Section        0  clock_15xx.o(i.Chip_Clock_SetUARTBaseClockRate)
    i.Chip_FMC_SetFLASHAccess                0x00000bf0   Section        0  sysinit_15xx.o(i.Chip_FMC_SetFLASHAccess)
    Chip_FMC_SetFLASHAccess                  0x00000bf1   Thumb Code    24  sysinit_15xx.o(i.Chip_FMC_SetFLASHAccess)
    i.Chip_GPIO_Init                         0x00000c0c   Section        0  gpio_15xx.o(i.Chip_GPIO_Init)
    i.Chip_IOCON_SetPinMuxing                0x00000c38   Section        0  iocon_15xx.o(i.Chip_IOCON_SetPinMuxing)
    i.Chip_SWM_MovablePinAssign              0x00000c5c   Section        0  swm_15xx.o(i.Chip_SWM_MovablePinAssign)
    i.Chip_SWM_MovablePortPinAssign          0x00000c80   Section        0  board.o(i.Chip_SWM_MovablePortPinAssign)
    Chip_SWM_MovablePortPinAssign            0x00000c81   Thumb Code    10  board.o(i.Chip_SWM_MovablePortPinAssign)
    i.Chip_SYSCTL_AssertPeriphReset          0x00000c8c   Section        0  sysctl_15xx.o(i.Chip_SYSCTL_AssertPeriphReset)
    i.Chip_SYSCTL_DeassertPeriphReset        0x00000cb0   Section        0  sysctl_15xx.o(i.Chip_SYSCTL_DeassertPeriphReset)
    i.Chip_SYSCTL_PeriphReset                0x00000cd4   Section        0  uart_15xx.o(i.Chip_SYSCTL_PeriphReset)
    Chip_SYSCTL_PeriphReset                  0x00000cd5   Thumb Code    18  uart_15xx.o(i.Chip_SYSCTL_PeriphReset)
    i.Chip_SYSCTL_PowerDown                  0x00000ce8   Section        0  sysctl_15xx.o(i.Chip_SYSCTL_PowerDown)
    i.Chip_SYSCTL_PowerUp                    0x00000d04   Section        0  sysctl_15xx.o(i.Chip_SYSCTL_PowerUp)
    i.Chip_SetupXtalClocking                 0x00000d20   Section        0  sysinit_15xx.o(i.Chip_SetupXtalClocking)
    i.Chip_UART_Init                         0x00000d80   Section        0  uart_15xx.o(i.Chip_UART_Init)
    i.Chip_UART_Send                         0x00000db4   Section        0  uart_15xx.o(i.Chip_UART_Send)
    i.Chip_UART_SendBlocking                 0x00000dd0   Section        0  uart_15xx.o(i.Chip_UART_SendBlocking)
    i.Chip_UART_SetBaud                      0x00000df4   Section        0  uart_15xx.o(i.Chip_UART_SetBaud)
    i.SysTick_Handler                        0x00000e0c   Section        0  port.o(i.SysTick_Handler)
    i.SystemCoreClockUpdate                  0x00000e2c   Section        0  chip_15xx.o(i.SystemCoreClockUpdate)
    i.SystemInit                             0x00000e3c   Section        0  sysinit.o(i.SystemInit)
    i._sys_exit                              0x00000e44   Section        0  board.o(i._sys_exit)
    i.eTaskConfirmSleepModeStatus            0x00000e48   Section        0  tasks.o(i.eTaskConfirmSleepModeStatus)
    i.ferror                                 0x00000e84   Section        0  board.o(i.ferror)
    i.fputc                                  0x00000e8a   Section        0  board.o(i.fputc)
    i.getUARTClockID                         0x00000e98   Section        0  uart_15xx.o(i.getUARTClockID)
    getUARTClockID                           0x00000e99   Thumb Code    24  uart_15xx.o(i.getUARTClockID)
    i.main                                   0x00000eb8   Section        0  main.o(i.main)
    i.prvAddCurrentTaskToDelayedList         0x00000f40   Section        0  tasks.o(i.prvAddCurrentTaskToDelayedList)
    prvAddCurrentTaskToDelayedList           0x00000f41   Thumb Code    62  tasks.o(i.prvAddCurrentTaskToDelayedList)
    i.prvAllocateTCBAndStack                 0x00000f94   Section        0  tasks.o(i.prvAllocateTCBAndStack)
    prvAllocateTCBAndStack                   0x00000f95   Thumb Code    58  tasks.o(i.prvAllocateTCBAndStack)
    i.prvCheckTasksWaitingTermination        0x00000fd0   Section        0  tasks.o(i.prvCheckTasksWaitingTermination)
    prvCheckTasksWaitingTermination          0x00000fd1   Thumb Code    86  tasks.o(i.prvCheckTasksWaitingTermination)
    i.prvDeleteTCB                           0x00001034   Section        0  tasks.o(i.prvDeleteTCB)
    prvDeleteTCB                             0x00001035   Thumb Code    18  tasks.o(i.prvDeleteTCB)
    i.prvGetExpectedIdleTime                 0x00001048   Section        0  tasks.o(i.prvGetExpectedIdleTime)
    prvGetExpectedIdleTime                   0x00001049   Thumb Code    36  tasks.o(i.prvGetExpectedIdleTime)
    i.prvIdleTask                            0x0000107c   Section        0  tasks.o(i.prvIdleTask)
    prvIdleTask                              0x0000107d   Thumb Code    58  tasks.o(i.prvIdleTask)
    i.prvInitialiseTCBVariables              0x000010bc   Section        0  tasks.o(i.prvInitialiseTCBVariables)
    prvInitialiseTCBVariables                0x000010bd   Thumb Code    86  tasks.o(i.prvInitialiseTCBVariables)
    i.prvInitialiseTaskLists                 0x00001114   Section        0  tasks.o(i.prvInitialiseTaskLists)
    prvInitialiseTaskLists                   0x00001115   Thumb Code    70  tasks.o(i.prvInitialiseTaskLists)
    i.prvResetNextTaskUnblockTime            0x0000117c   Section        0  tasks.o(i.prvResetNextTaskUnblockTime)
    prvResetNextTaskUnblockTime              0x0000117d   Thumb Code    42  tasks.o(i.prvResetNextTaskUnblockTime)
    i.prvSetupHardware                       0x000011b0   Section        0  main.o(i.prvSetupHardware)
    prvSetupHardware                         0x000011b1   Thumb Code    20  main.o(i.prvSetupHardware)
    i.prvTaskExitError                       0x000011c4   Section        0  port.o(i.prvTaskExitError)
    prvTaskExitError                         0x000011c5   Thumb Code     8  port.o(i.prvTaskExitError)
    i.pvPortMalloc                           0x000011cc   Section        0  heap_3.o(i.pvPortMalloc)
    i.pxPortInitialiseStack                  0x000011e4   Section        0  port.o(i.pxPortInitialiseStack)
    i.uxListRemove                           0x00001204   Section        0  list.o(i.uxListRemove)
    i.vApplicationIdleHook                   0x0000122c   Section        0  freertoscommonhooks.o(i.vApplicationIdleHook)
    i.vLEDTask1                              0x00001230   Section        0  main.o(i.vLEDTask1)
    vLEDTask1                                0x00001231   Thumb Code    24  main.o(i.vLEDTask1)
    i.vLEDTask2                              0x00001248   Section        0  main.o(i.vLEDTask2)
    vLEDTask2                                0x00001249   Thumb Code    24  main.o(i.vLEDTask2)
    i.vListInitialise                        0x00001260   Section        0  list.o(i.vListInitialise)
    i.vListInitialiseItem                    0x0000127a   Section        0  list.o(i.vListInitialiseItem)
    i.vListInsert                            0x00001280   Section        0  list.o(i.vListInsert)
    i.vListInsertEnd                         0x000012b4   Section        0  list.o(i.vListInsertEnd)
    i.vPortEnterCritical                     0x000012cc   Section        0  port.o(i.vPortEnterCritical)
    i.vPortExitCritical                      0x000012ec   Section        0  port.o(i.vPortExitCritical)
    i.vPortFree                              0x0000130c   Section        0  heap_3.o(i.vPortFree)
    i.vPortSetupTimerInterrupt               0x00001324   Section        0  port.o(i.vPortSetupTimerInterrupt)
    i.vPortSuppressTicksAndSleep             0x00001380   Section        0  port.o(i.vPortSuppressTicksAndSleep)
    i.vPortYield                             0x000014c4   Section        0  port.o(i.vPortYield)
    i.vTaskDelay                             0x000014dc   Section        0  tasks.o(i.vTaskDelay)
    i.vTaskStartScheduler                    0x00001514   Section        0  tasks.o(i.vTaskStartScheduler)
    i.vTaskStepTick                          0x0000155c   Section        0  tasks.o(i.vTaskStepTick)
    i.vTaskSuspendAll                        0x0000156c   Section        0  tasks.o(i.vTaskSuspendAll)
    i.vTaskSwitchContext                     0x0000157c   Section        0  tasks.o(i.vTaskSwitchContext)
    i.vUARTTask                              0x000015fc   Section        0  main.o(i.vUARTTask)
    vUARTTask                                0x000015fd   Thumb Code    24  main.o(i.vUARTTask)
    i.xPortStartScheduler                    0x00001620   Section        0  port.o(i.xPortStartScheduler)
    i.xTaskGenericCreate                     0x00001654   Section        0  tasks.o(i.xTaskGenericCreate)
    i.xTaskIncrementTick                     0x00001754   Section        0  tasks.o(i.xTaskIncrementTick)
    i.xTaskResumeAll                         0x00001870   Section        0  tasks.o(i.xTaskResumeAll)
    .constdata                               0x00001948   Section        4  board.o(.constdata)
    .constdata                               0x0000194c   Section        4  board.o(.constdata)
    .constdata                               0x00001950   Section       21  board.o(.constdata)
    ledpins                                  0x00001950   Data           3  board.o(.constdata)
    ledports                                 0x00001953   Data           3  board.o(.constdata)
    portButton                               0x00001956   Data           5  board.o(.constdata)
    pinButton                                0x0000195b   Data           5  board.o(.constdata)
    stateButton                              0x00001960   Data           5  board.o(.constdata)
    .constdata                               0x00001968   Section      124  board_sysinit.o(.constdata)
    swmSetup                                 0x00001968   Data           6  board_sysinit.o(.constdata)
    ioconSetup                               0x00001970   Data         116  board_sysinit.o(.constdata)
    .data                                    0x02000000   Section       56  tasks.o(.data)
    pxDelayedTaskList                        0x02000004   Data           4  tasks.o(.data)
    pxOverflowDelayedTaskList                0x02000008   Data           4  tasks.o(.data)
    uxTasksDeleted                           0x0200000c   Data           4  tasks.o(.data)
    uxCurrentNumberOfTasks                   0x02000010   Data           4  tasks.o(.data)
    xTickCount                               0x02000014   Data           4  tasks.o(.data)
    uxTopReadyPriority                       0x02000018   Data           4  tasks.o(.data)
    xSchedulerRunning                        0x0200001c   Data           4  tasks.o(.data)
    uxPendedTicks                            0x02000020   Data           4  tasks.o(.data)
    xYieldPending                            0x02000024   Data           4  tasks.o(.data)
    xNumOfOverflows                          0x02000028   Data           4  tasks.o(.data)
    uxTaskNumber                             0x0200002c   Data           4  tasks.o(.data)
    xNextTaskUnblockTime                     0x02000030   Data           4  tasks.o(.data)
    uxSchedulerSuspended                     0x02000034   Data           4  tasks.o(.data)
    .data                                    0x02000038   Section       16  port.o(.data)
    uxCriticalNesting                        0x02000038   Data           4  port.o(.data)
    ulTimerCountsForOneTick                  0x0200003c   Data           4  port.o(.data)
    xMaximumPossibleSuppressedTicks          0x02000040   Data           4  port.o(.data)
    ulStoppedTimerCompensation               0x02000044   Data           4  port.o(.data)
    .data                                    0x02000048   Section        4  chip_15xx.o(.data)
    .data                                    0x0200004c   Section        4  board.o(.data)
    .bss                                     0x02000050   Section      260  tasks.o(.bss)
    pxReadyTasksLists                        0x02000050   Data         160  tasks.o(.bss)
    xDelayedTaskList1                        0x020000f0   Data          20  tasks.o(.bss)
    xDelayedTaskList2                        0x02000104   Data          20  tasks.o(.bss)
    xPendingReadyList                        0x02000118   Data          20  tasks.o(.bss)
    xTasksWaitingTermination                 0x0200012c   Data          20  tasks.o(.bss)
    xSuspendedTaskList                       0x02000140   Data          20  tasks.o(.bss)
    .bss                                     0x02000154   Section       96  libspace.o(.bss)
    HEAP                                     0x020001b8   Section     4096  keil_freertos_startup_lpc15xx.o(HEAP)
    Heap_Mem                                 0x020001b8   Data        4096  keil_freertos_startup_lpc15xx.o(HEAP)
    STACK                                    0x020011b8   Section     2048  keil_freertos_startup_lpc15xx.o(STACK)
    Stack_Mem                                0x020011b8   Data        2048  keil_freertos_startup_lpc15xx.o(STACK)
    __initial_sp                             0x020019b8   Data           0  keil_freertos_startup_lpc15xx.o(STACK)

    Global Symbols

    Symbol Name                              Value     Ov Type        Size  Object(Section)

    BuildAttributes$$THM_ISAv4$P$D$K$B$S$PE$A:L22UL41UL21$X:L11$S22US41US21$IEEE1$IW$USESV6$~STKCKD$USESV7$~SHL$OTIME$ROPI$EBA8$UX$STANDARDLIB$REQ8$PRES8$EABIv2 0x00000000   Number         0  anon$$obj.o ABSOLUTE
    __ARM_use_no_argv                        0x00000000   Number         0  main.o ABSOLUTE
    __Vectors                                0x00000000   Data           4  keil_freertos_startup_lpc15xx.o(RESET)
    __ARM_exceptions_init                     - Undefined Weak Reference
    __alloca_initialize                       - Undefined Weak Reference
    __arm_preinit_                            - Undefined Weak Reference
    __cpp_initialize__aeabi_                  - Undefined Weak Reference
    __cxa_finalize                            - Undefined Weak Reference
    __rt_locale                               - Undefined Weak Reference
    __sigvec_lookup                           - Undefined Weak Reference
    __user_heap_extent                        - Undefined Weak Reference
    _atexit_init                              - Undefined Weak Reference
    _call_atexit_fns                          - Undefined Weak Reference
    _clock_init                               - Undefined Weak Reference
    _fp_trap_init                             - Undefined Weak Reference
    _fp_trap_shutdown                         - Undefined Weak Reference
    _get_lc_collate                           - Undefined Weak Reference
    _get_lc_ctype                             - Undefined Weak Reference
    _get_lc_monetary                          - Undefined Weak Reference
    _get_lc_numeric                           - Undefined Weak Reference
    _get_lc_time                              - Undefined Weak Reference
    _getenv_init                              - Undefined Weak Reference
    _handle_redirection                       - Undefined Weak Reference
    _initio                                   - Undefined Weak Reference
    _mutex_acquire                            - Undefined Weak Reference
    _mutex_free                               - Undefined Weak Reference
    _mutex_release                            - Undefined Weak Reference
    _printf_mbtowc                            - Undefined Weak Reference
    _printf_post_padding                      - Undefined Weak Reference
    _printf_pre_padding                       - Undefined Weak Reference
    _printf_truncate_signed                   - Undefined Weak Reference
    _printf_truncate_unsigned                 - Undefined Weak Reference
    _rand_init                                - Undefined Weak Reference
    _signal_finish                            - Undefined Weak Reference
    _signal_init                              - Undefined Weak Reference
    _terminateio                              - Undefined Weak Reference
    __main                                   0x000000fd   Thumb Code     8  __main.o(!!!main)
    __scatterload                            0x00000105   Thumb Code     0  __scatter.o(!!!scatter)
    __scatterload_rt2                        0x00000105   Thumb Code    44  __scatter.o(!!!scatter)
    __scatterload_rt2_thumb_only             0x00000105   Thumb Code     0  __scatter.o(!!!scatter)
    __scatterload_null                       0x00000113   Thumb Code     0  __scatter.o(!!!scatter)
    __scatterload_copy                       0x00000139   Thumb Code    26  __scatter_copy.o(!!handler_copy)
    __scatterload_zeroinit                   0x00000155   Thumb Code    28  __scatter_zi.o(!!handler_zi)
    _printf_d                                0x00000171   Thumb Code     0  _printf_d.o(.ARM.Collect$$_printf_percent$$00000009)
    _printf_percent                          0x00000171   Thumb Code     0  _printf_percent.o(.ARM.Collect$$_printf_percent$$00000000)
    _printf_percent_end                      0x00000177   Thumb Code     0  _printf_percent_end.o(.ARM.Collect$$_printf_percent$$00000017)
    __rt_lib_init                            0x0000017b   Thumb Code     0  libinit.o(.ARM.Collect$$libinit$$00000000)
    __rt_lib_init_fp_1                       0x0000017d   Thumb Code     0  libinit2.o(.ARM.Collect$$libinit$$00000002)
    __rt_lib_init_heap_2                     0x0000017d   Thumb Code     0  libinit2.o(.ARM.Collect$$libinit$$00000005)
    __rt_lib_init_preinit_1                  0x0000017d   Thumb Code     0  libinit2.o(.ARM.Collect$$libinit$$00000004)
    __rt_lib_init_alloca_1                   0x00000185   Thumb Code     0  libinit2.o(.ARM.Collect$$libinit$$0000002E)
    __rt_lib_init_argv_1                     0x00000185   Thumb Code     0  libinit2.o(.ARM.Collect$$libinit$$0000002C)
    __rt_lib_init_atexit_1                   0x00000185   Thumb Code     0  libinit2.o(.ARM.Collect$$libinit$$0000001B)
    __rt_lib_init_clock_1                    0x00000185   Thumb Code     0  libinit2.o(.ARM.Collect$$libinit$$00000021)
    __rt_lib_init_cpp_1                      0x00000185   Thumb Code     0  libinit2.o(.ARM.Collect$$libinit$$00000032)
    __rt_lib_init_exceptions_1               0x00000185   Thumb Code     0  libinit2.o(.ARM.Collect$$libinit$$00000030)
    __rt_lib_init_fp_trap_1                  0x00000185   Thumb Code     0  libinit2.o(.ARM.Collect$$libinit$$0000001F)
    __rt_lib_init_getenv_1                   0x00000185   Thumb Code     0  libinit2.o(.ARM.Collect$$libinit$$00000023)
    __rt_lib_init_heap_1                     0x00000185   Thumb Code     0  libinit2.o(.ARM.Collect$$libinit$$0000000A)
    __rt_lib_init_lc_collate_1               0x00000185   Thumb Code     0  libinit2.o(.ARM.Collect$$libinit$$00000011)
    __rt_lib_init_lc_ctype_1                 0x00000185   Thumb Code     0  libinit2.o(.ARM.Collect$$libinit$$00000013)
    __rt_lib_init_lc_monetary_1              0x00000185   Thumb Code     0  libinit2.o(.ARM.Collect$$libinit$$00000015)
    __rt_lib_init_lc_numeric_1               0x00000185   Thumb Code     0  libinit2.o(.ARM.Collect$$libinit$$00000017)
    __rt_lib_init_lc_time_1                  0x00000185   Thumb Code     0  libinit2.o(.ARM.Collect$$libinit$$00000019)
    __rt_lib_init_rand_1                     0x00000185   Thumb Code     0  libinit2.o(.ARM.Collect$$libinit$$0000000E)
    __rt_lib_init_return                     0x00000185   Thumb Code     0  libinit2.o(.ARM.Collect$$libinit$$00000033)
    __rt_lib_init_signal_1                   0x00000185   Thumb Code     0  libinit2.o(.ARM.Collect$$libinit$$0000001D)
    __rt_lib_init_stdio_1                    0x00000185   Thumb Code     0  libinit2.o(.ARM.Collect$$libinit$$00000025)
    __rt_lib_init_user_alloc_1               0x00000185   Thumb Code     0  libinit2.o(.ARM.Collect$$libinit$$0000000C)
    __rt_lib_shutdown                        0x00000187   Thumb Code     0  libshutdown.o(.ARM.Collect$$libshutdown$$00000000)
    __rt_lib_shutdown_cpp_1                  0x00000189   Thumb Code     0  libshutdown2.o(.ARM.Collect$$libshutdown$$00000002)
    __rt_lib_shutdown_fp_trap_1              0x00000189   Thumb Code     0  libshutdown2.o(.ARM.Collect$$libshutdown$$00000007)
    __rt_lib_shutdown_heap_1                 0x00000189   Thumb Code     0  libshutdown2.o(.ARM.Collect$$libshutdown$$0000000F)
    __rt_lib_shutdown_return                 0x00000189   Thumb Code     0  libshutdown2.o(.ARM.Collect$$libshutdown$$00000010)
    __rt_lib_shutdown_signal_1               0x00000189   Thumb Code     0  libshutdown2.o(.ARM.Collect$$libshutdown$$0000000A)
    __rt_lib_shutdown_stdio_1                0x00000189   Thumb Code     0  libshutdown2.o(.ARM.Collect$$libshutdown$$00000004)
    __rt_lib_shutdown_user_alloc_1           0x00000189   Thumb Code     0  libshutdown2.o(.ARM.Collect$$libshutdown$$0000000C)
    __rt_entry                               0x0000018b   Thumb Code     0  __rtentry.o(.ARM.Collect$$rtentry$$00000000)
    __rt_entry_presh_1                       0x0000018b   Thumb Code     0  __rtentry2.o(.ARM.Collect$$rtentry$$00000002)
    __rt_entry_sh                            0x0000018b   Thumb Code     0  __rtentry4.o(.ARM.Collect$$rtentry$$00000004)
    __rt_entry_li                            0x00000191   Thumb Code     0  __rtentry2.o(.ARM.Collect$$rtentry$$0000000A)
    __rt_entry_postsh_1                      0x00000191   Thumb Code     0  __rtentry2.o(.ARM.Collect$$rtentry$$00000009)
    __rt_entry_main                          0x00000195   Thumb Code     0  __rtentry2.o(.ARM.Collect$$rtentry$$0000000D)
    __rt_entry_postli_1                      0x00000195   Thumb Code     0  __rtentry2.o(.ARM.Collect$$rtentry$$0000000C)
    __rt_exit                                0x0000019d   Thumb Code     0  rtexit.o(.ARM.Collect$$rtexit$$00000000)
    __rt_exit_ls                             0x0000019f   Thumb Code     0  rtexit2.o(.ARM.Collect$$rtexit$$00000003)
    __rt_exit_prels_1                        0x0000019f   Thumb Code     0  rtexit2.o(.ARM.Collect$$rtexit$$00000002)
    __rt_exit_exit                           0x000001a3   Thumb Code     0  rtexit2.o(.ARM.Collect$$rtexit$$00000004)
    SVC_Handler                              0x000001a9   Thumb Code    32  port.o(.emb_text)
    __asm___6_port_c_39a90d8d__prvStartFirstTask 0x000001cd   Thumb Code    24  port.o(.emb_text)
    PendSV_Handler                           0x000001e9   Thumb Code    64  port.o(.emb_text)
    ulPortSetInterruptMask                   0x0000022d   Thumb Code    14  port.o(.emb_text)
    vPortClearInterruptMask                  0x0000023b   Thumb Code     6  port.o(.emb_text)
    vPortGetIPSR                             0x00000241   Thumb Code     6  port.o(.emb_text)
    Reset_Handler                            0x00000249   Thumb Code     8  keil_freertos_startup_lpc15xx.o(.text)
    _maybe_terminate_alloc                   0x00000249   Thumb Code     0  maybetermalloc1.o(.emb_text)
    NMI_Handler                              0x00000251   Thumb Code     2  keil_freertos_startup_lpc15xx.o(.text)
    HardFault_Handler                        0x00000253   Thumb Code     2  keil_freertos_startup_lpc15xx.o(.text)
    Reserved_IRQHandler                      0x0000025b   Thumb Code     2  keil_freertos_startup_lpc15xx.o(.text)
    ACMP0_IRQHandler                         0x0000025d   Thumb Code     0  keil_freertos_startup_lpc15xx.o(.text)
    ACMP1_IRQHandler                         0x0000025d   Thumb Code     0  keil_freertos_startup_lpc15xx.o(.text)
    ACMP2_IRQHandler                         0x0000025d   Thumb Code     0  keil_freertos_startup_lpc15xx.o(.text)
    ACMP3_IRQHandler                         0x0000025d   Thumb Code     0  keil_freertos_startup_lpc15xx.o(.text)
    ADC0A_IRQHandler                         0x0000025d   Thumb Code     0  keil_freertos_startup_lpc15xx.o(.text)
    ADC0B_IRQHandler                         0x0000025d   Thumb Code     0  keil_freertos_startup_lpc15xx.o(.text)
    ADC0_OVR_IRQHandler                      0x0000025d   Thumb Code     0  keil_freertos_startup_lpc15xx.o(.text)
    ADC0_THCMP_IRQHandler                    0x0000025d   Thumb Code     0  keil_freertos_startup_lpc15xx.o(.text)
    ADC1A_IRQHandler                         0x0000025d   Thumb Code     0  keil_freertos_startup_lpc15xx.o(.text)
    ADC1B_IRQHandler                         0x0000025d   Thumb Code     0  keil_freertos_startup_lpc15xx.o(.text)
    ADC1_OVR_IRQHandler                      0x0000025d   Thumb Code     0  keil_freertos_startup_lpc15xx.o(.text)
    ADC1_THCMP_IRQHandler                    0x0000025d   Thumb Code     0  keil_freertos_startup_lpc15xx.o(.text)
    BOD_IRQHandler                           0x0000025d   Thumb Code     0  keil_freertos_startup_lpc15xx.o(.text)
    CAN_IRQHandler                           0x0000025d   Thumb Code     0  keil_freertos_startup_lpc15xx.o(.text)
    DAC_IRQHandler                           0x0000025d   Thumb Code     0  keil_freertos_startup_lpc15xx.o(.text)
    DMA_IRQHandler                           0x0000025d   Thumb Code     0  keil_freertos_startup_lpc15xx.o(.text)
    EEPROM_IRQHandler                        0x0000025d   Thumb Code     0  keil_freertos_startup_lpc15xx.o(.text)
    FMC_IRQHandler                           0x0000025d   Thumb Code     0  keil_freertos_startup_lpc15xx.o(.text)
    GINT0_IRQHandler                         0x0000025d   Thumb Code     0  keil_freertos_startup_lpc15xx.o(.text)
    GINT1_IRQHandler                         0x0000025d   Thumb Code     0  keil_freertos_startup_lpc15xx.o(.text)
    I2C0_IRQHandler                          0x0000025d   Thumb Code     0  keil_freertos_startup_lpc15xx.o(.text)
    MRT_IRQHandler                           0x0000025d   Thumb Code     0  keil_freertos_startup_lpc15xx.o(.text)
    PIN_INT0_IRQHandler                      0x0000025d   Thumb Code     0  keil_freertos_startup_lpc15xx.o(.text)
    PIN_INT1_IRQHandler                      0x0000025d   Thumb Code     0  keil_freertos_startup_lpc15xx.o(.text)
    PIN_INT2_IRQHandler                      0x0000025d   Thumb Code     0  keil_freertos_startup_lpc15xx.o(.text)
    PIN_INT3_IRQHandler                      0x0000025d   Thumb Code     0  keil_freertos_startup_lpc15xx.o(.text)
    PIN_INT4_IRQHandler                      0x0000025d   Thumb Code     0  keil_freertos_startup_lpc15xx.o(.text)
    PIN_INT5_IRQHandler                      0x0000025d   Thumb Code     0  keil_freertos_startup_lpc15xx.o(.text)
    PIN_INT6_IRQHandler                      0x0000025d   Thumb Code     0  keil_freertos_startup_lpc15xx.o(.text)
    PIN_INT7_IRQHandler                      0x0000025d   Thumb Code     0  keil_freertos_startup_lpc15xx.o(.text)
    QEI_IRQHandler                           0x0000025d   Thumb Code     0  keil_freertos_startup_lpc15xx.o(.text)
    RIT_IRQHandler                           0x0000025d   Thumb Code     0  keil_freertos_startup_lpc15xx.o(.text)
    RTC_ALARM_IRQHandler                     0x0000025d   Thumb Code     0  keil_freertos_startup_lpc15xx.o(.text)
    RTC_WAKE_IRQHandler                      0x0000025d   Thumb Code     0  keil_freertos_startup_lpc15xx.o(.text)
    SCT0_IRQHandler                          0x0000025d   Thumb Code     0  keil_freertos_startup_lpc15xx.o(.text)
    SCT1_IRQHandler                          0x0000025d   Thumb Code     0  keil_freertos_startup_lpc15xx.o(.text)
    SCT2_IRQHandler                          0x0000025d   Thumb Code     0  keil_freertos_startup_lpc15xx.o(.text)
    SCT3_IRQHandler                          0x0000025d   Thumb Code     0  keil_freertos_startup_lpc15xx.o(.text)
    SPI0_IRQHandler                          0x0000025d   Thumb Code     0  keil_freertos_startup_lpc15xx.o(.text)
    SPI1_IRQHandler                          0x0000025d   Thumb Code     0  keil_freertos_startup_lpc15xx.o(.text)
    UART0_IRQHandler                         0x0000025d   Thumb Code     0  keil_freertos_startup_lpc15xx.o(.text)
    UART1_IRQHandler                         0x0000025d   Thumb Code     0  keil_freertos_startup_lpc15xx.o(.text)
    UART2_IRQHandler                         0x0000025d   Thumb Code     0  keil_freertos_startup_lpc15xx.o(.text)
    USBWakeup_IRQHandler                     0x0000025d   Thumb Code     0  keil_freertos_startup_lpc15xx.o(.text)
    USB_FIQHandler                           0x0000025d   Thumb Code     0  keil_freertos_startup_lpc15xx.o(.text)
    USB_IRQHandler                           0x0000025d   Thumb Code     0  keil_freertos_startup_lpc15xx.o(.text)
    WDT_IRQHandler                           0x0000025d   Thumb Code     0  keil_freertos_startup_lpc15xx.o(.text)
    __user_initial_stackheap                 0x00000261   Thumb Code     0  keil_freertos_startup_lpc15xx.o(.text)
    malloc                                   0x00000285   Thumb Code    94  h1_alloc.o(.text)
    free                                     0x000002e3   Thumb Code    78  h1_free.o(.text)
    __aeabi_uldivmod                         0x00000331   Thumb Code     0  lludivv7m.o(.text)
    _ll_udiv                                 0x00000331   Thumb Code   238  lludivv7m.o(.text)
    __2printf                                0x00000421   Thumb Code    20  noretval__2printf.o(.text)
    __printf                                 0x00000439   Thumb Code   104  __printf.o(.text)
    _printf_int_dec                          0x000004a1   Thumb Code   104  _printf_dec.o(.text)
    __aeabi_memset                           0x00000519   Thumb Code    16  aeabi_memset.o(.text)
    __use_two_region_memory                  0x00000529   Thumb Code     2  heapauxi.o(.text)
    __rt_heap_escrow                         0x0000052b   Thumb Code     2  heapauxi.o(.text)
    __rt_heap_expand                         0x0000052d   Thumb Code     2  heapauxi.o(.text)
    __rt_heap_descriptor                     0x00000531   Thumb Code     8  rt_heap_descriptor_intlibspace.o(.text)
    __use_no_heap                            0x00000539   Thumb Code     2  hguard.o(.text)
    __heap$guard                             0x0000053b   Thumb Code     2  hguard.o(.text)
    _terminate_user_alloc                    0x0000053d   Thumb Code     2  init_alloc.o(.text)
    _init_user_alloc                         0x0000053f   Thumb Code     2  init_alloc.o(.text)
    __Heap_Full                              0x00000541   Thumb Code    34  init_alloc.o(.text)
    __Heap_Broken                            0x00000563   Thumb Code     6  init_alloc.o(.text)
    _init_alloc                              0x00000569   Thumb Code    94  init_alloc.o(.text)
    __Heap_Initialize                        0x000005c7   Thumb Code    10  h1_init.o(.text)
    __Heap_DescSize                          0x000005d1   Thumb Code     4  h1_init.o(.text)
    _printf_int_common                       0x000005d5   Thumb Code   178  _printf_intcommon.o(.text)
    _printf_char_file                        0x00000689   Thumb Code    32  _printf_char_file.o(.text)
    __aeabi_memclr                           0x000006ad   Thumb Code     0  rt_memclr.o(.text)
    __rt_memclr                              0x000006ad   Thumb Code    68  rt_memclr.o(.text)
    _memset                                  0x000006b1   Thumb Code     0  rt_memclr.o(.text)
    __user_libspace                          0x000006f1   Thumb Code     8  libspace.o(.text)
    __user_perproc_libspace                  0x000006f1   Thumb Code     0  libspace.o(.text)
    __user_perthread_libspace                0x000006f1   Thumb Code     0  libspace.o(.text)
    __Heap_ProvideMemory                     0x000006f9   Thumb Code    52  h1_extend.o(.text)
    _printf_char_common                      0x00000737   Thumb Code    32  _printf_char_common.o(.text)
    __rt_SIGRTMEM                            0x0000075d   Thumb Code    14  defsig_rtmem_outer.o(.text)
    __aeabi_memclr4                          0x0000076b   Thumb Code     0  rt_memclr_w.o(.text)
    __aeabi_memclr8                          0x0000076b   Thumb Code     0  rt_memclr_w.o(.text)
    __rt_memclr_w                            0x0000076b   Thumb Code    78  rt_memclr_w.o(.text)
    _memset_w                                0x0000076f   Thumb Code     0  rt_memclr_w.o(.text)
    __I$use$semihosting                      0x000007b9   Thumb Code     0  use_no_semi.o(.text)
    __use_no_semihosting_swi                 0x000007b9   Thumb Code     2  use_no_semi.o(.text)
    __semihosting_library_function           0x000007bb   Thumb Code     0  indicate_semi.o(.text)
    __user_setup_stackheap                   0x000007bb   Thumb Code    74  sys_stackheap_outer.o(.text)
    exit                                     0x00000805   Thumb Code    18  exit.o(.text)
    __sig_exit                               0x00000817   Thumb Code    10  defsig_exit.o(.text)
    __rt_SIGRTMEM_inner                      0x00000821   Thumb Code    22  defsig_rtmem_inner.o(.text)
    __default_signal_display                 0x00000871   Thumb Code    50  defsig_general.o(.text)
    _ttywrch                                 0x000008a3   Thumb Code    14  sys_wrch.o(.text)
    Board_Debug_Init                         0x000008b1   Thumb Code    88  board.o(i.Board_Debug_Init)
    Board_Init                               0x00000911   Thumb Code    68  board.o(i.Board_Init)
    Board_LED_Set                            0x00000959   Thumb Code    32  board.o(i.Board_LED_Set)
    Board_SetupClocking                      0x0000097d   Thumb Code    50  board_sysinit.o(i.Board_SetupClocking)
    Board_SetupMuxing                        0x000009b5   Thumb Code    72  board_sysinit.o(i.Board_SetupMuxing)
    Board_SystemInit                         0x00000a05   Thumb Code    20  board_sysinit.o(i.Board_SystemInit)
    Board_UARTPutChar                        0x00000a1d   Thumb Code    14  board.o(i.Board_UARTPutChar)
    Chip_Clock_EnablePeriphClock             0x00000a31   Thumb Code    28  clock_15xx.o(i.Chip_Clock_EnablePeriphClock)
    Chip_Clock_GetMainClockRate              0x00000a51   Thumb Code    20  clock_15xx.o(i.Chip_Clock_GetMainClockRate)
    Chip_Clock_GetMain_A_ClockRate           0x00000a69   Thumb Code    36  clock_15xx.o(i.Chip_Clock_GetMain_A_ClockRate)
    Chip_Clock_GetMain_B_ClockRate           0x00000a9d   Thumb Code    44  clock_15xx.o(i.Chip_Clock_GetMain_B_ClockRate)
    Chip_Clock_GetSystemClockRate            0x00000afd   Thumb Code    18  clock_15xx.o(i.Chip_Clock_GetSystemClockRate)
    Chip_Clock_GetSystemPLLInClockRate       0x00000b15   Thumb Code    10  clock_15xx.o(i.Chip_Clock_GetSystemPLLInClockRate)
    Chip_Clock_GetSystemPLLOutClockRate      0x00000b25   Thumb Code    22  clock_15xx.o(i.Chip_Clock_GetSystemPLLOutClockRate)
    Chip_Clock_GetUARTBaseClockRate          0x00000b41   Thumb Code    60  clock_15xx.o(i.Chip_Clock_GetUARTBaseClockRate)
    Chip_Clock_SetMainClockSource            0x00000b81   Thumb Code    26  clock_15xx.o(i.Chip_Clock_SetMainClockSource)
    Chip_Clock_SetUARTBaseClockRate          0x00000ba1   Thumb Code    76  clock_15xx.o(i.Chip_Clock_SetUARTBaseClockRate)
    Chip_GPIO_Init                           0x00000c0d   Thumb Code    44  gpio_15xx.o(i.Chip_GPIO_Init)
    Chip_IOCON_SetPinMuxing                  0x00000c39   Thumb Code    36  iocon_15xx.o(i.Chip_IOCON_SetPinMuxing)
    Chip_SWM_MovablePinAssign                0x00000c5d   Thumb Code    30  swm_15xx.o(i.Chip_SWM_MovablePinAssign)
    Chip_SYSCTL_AssertPeriphReset            0x00000c8d   Thumb Code    30  sysctl_15xx.o(i.Chip_SYSCTL_AssertPeriphReset)
    Chip_SYSCTL_DeassertPeriphReset          0x00000cb1   Thumb Code    30  sysctl_15xx.o(i.Chip_SYSCTL_DeassertPeriphReset)
    Chip_SYSCTL_PowerDown                    0x00000ce9   Thumb Code    20  sysctl_15xx.o(i.Chip_SYSCTL_PowerDown)
    Chip_SYSCTL_PowerUp                      0x00000d05   Thumb Code    20  sysctl_15xx.o(i.Chip_SYSCTL_PowerUp)
    Chip_SetupXtalClocking                   0x00000d21   Thumb Code    92  sysinit_15xx.o(i.Chip_SetupXtalClocking)
    Chip_UART_Init                           0x00000d81   Thumb Code    42  uart_15xx.o(i.Chip_UART_Init)
    Chip_UART_Send                           0x00000db5   Thumb Code    28  uart_15xx.o(i.Chip_UART_Send)
    Chip_UART_SendBlocking                   0x00000dd1   Thumb Code    36  uart_15xx.o(i.Chip_UART_SendBlocking)
    Chip_UART_SetBaud                        0x00000df5   Thumb Code    22  uart_15xx.o(i.Chip_UART_SetBaud)
    SysTick_Handler                          0x00000e0d   Thumb Code    28  port.o(i.SysTick_Handler)
    SystemCoreClockUpdate                    0x00000e2d   Thumb Code    12  chip_15xx.o(i.SystemCoreClockUpdate)
    SystemInit                               0x00000e3d   Thumb Code     8  sysinit.o(i.SystemInit)
    _sys_exit                                0x00000e45   Thumb Code     4  board.o(i._sys_exit)
    eTaskConfirmSleepModeStatus              0x00000e49   Thumb Code    44  tasks.o(i.eTaskConfirmSleepModeStatus)
    ferror                                   0x00000e85   Thumb Code     6  board.o(i.ferror)
    fputc                                    0x00000e8b   Thumb Code    12  board.o(i.fputc)
    main                                     0x00000eb9   Thumb Code    88  main.o(i.main)
    pvPortMalloc                             0x000011cd   Thumb Code    24  heap_3.o(i.pvPortMalloc)
    pxPortInitialiseStack                    0x000011e5   Thumb Code    26  port.o(i.pxPortInitialiseStack)
    uxListRemove                             0x00001205   Thumb Code    40  list.o(i.uxListRemove)
    vApplicationIdleHook                     0x0000122d   Thumb Code     4  freertoscommonhooks.o(i.vApplicationIdleHook)
    vListInitialise                          0x00001261   Thumb Code    26  list.o(i.vListInitialise)
    vListInitialiseItem                      0x0000127b   Thumb Code     6  list.o(i.vListInitialiseItem)
    vListInsert                              0x00001281   Thumb Code    52  list.o(i.vListInsert)
    vListInsertEnd                           0x000012b5   Thumb Code    24  list.o(i.vListInsertEnd)
    vPortEnterCritical                       0x000012cd   Thumb Code    26  port.o(i.vPortEnterCritical)
    vPortExitCritical                        0x000012ed   Thumb Code    26  port.o(i.vPortExitCritical)
    vPortFree                                0x0000130d   Thumb Code    22  heap_3.o(i.vPortFree)
    vPortSetupTimerInterrupt                 0x00001325   Thumb Code    76  port.o(i.vPortSetupTimerInterrupt)
    vPortSuppressTicksAndSleep               0x00001381   Thumb Code   312  port.o(i.vPortSuppressTicksAndSleep)
    vPortYield                               0x000014c5   Thumb Code    18  port.o(i.vPortYield)
    vTaskDelay                               0x000014dd   Thumb Code    48  tasks.o(i.vTaskDelay)
    vTaskStartScheduler                      0x00001515   Thumb Code    52  tasks.o(i.vTaskStartScheduler)
    vTaskStepTick                            0x0000155d   Thumb Code    12  tasks.o(i.vTaskStepTick)
    vTaskSuspendAll                          0x0000156d   Thumb Code    12  tasks.o(i.vTaskSuspendAll)
    vTaskSwitchContext                       0x0000157d   Thumb Code   106  tasks.o(i.vTaskSwitchContext)
    xPortStartScheduler                      0x00001621   Thumb Code    42  port.o(i.xPortStartScheduler)
    xTaskGenericCreate                       0x00001655   Thumb Code   230  tasks.o(i.xTaskGenericCreate)
    xTaskIncrementTick                       0x00001755   Thumb Code   240  tasks.o(i.xTaskIncrementTick)
    xTaskResumeAll                           0x00001871   Thumb Code   184  tasks.o(i.xTaskResumeAll)
    OscRateIn                                0x00001948   Data           4  board.o(.constdata)
    RTCOscRateIn                             0x0000194c   Data           4  board.o(.constdata)
    Region$$Table$$Base                      0x000019e4   Number         0  anon$$obj.o(Region$$Table)
    Region$$Table$$Limit                     0x00001a04   Number         0  anon$$obj.o(Region$$Table)
    pxCurrentTCB                             0x02000000   Data           4  tasks.o(.data)
    SystemCoreClock                          0x02000048   Data           4  chip_15xx.o(.data)
    __stdout                                 0x0200004c   Data           4  board.o(.data)
    __libspace_start                         0x02000154   Data          96  libspace.o(.bss)
    __temporary_stack_top$libspace           0x020001b4   Data           0  libspace.o(.bss)



==============================================================================

Memory Map of the image

  Image Entry point : 0x000000fd

  Load Region LR_IROM1 (Base: 0x00000000, Size: 0x00001a54, Max: 0x00040000, ABSOLUTE)

    Execution Region ER_IROM1 (Base: 0x00000000, Size: 0x00001a04, Max: 0x00040000, ABSOLUTE)

    Base Addr    Size         Type   Attr      Idx    E Section Name        Object

    0x00000000   0x000000fc   Data   RO          186    RESET               keil_freertos_startup_lpc15xx.o
    0x000000fc   0x00000008   Code   RO         2114  * !!!main             c_w.l(__main.o)
    0x00000104   0x00000034   Code   RO         2340    !!!scatter          c_w.l(__scatter.o)
    0x00000138   0x0000001a   Code   RO         2342    !!handler_copy      c_w.l(__scatter_copy.o)
    0x00000152   0x00000002   PAD
    0x00000154   0x0000001c   Code   RO         2344    !!handler_zi        c_w.l(__scatter_zi.o)
    0x00000170   0x00000000   Code   RO         2107    .ARM.Collect$$_printf_percent$$00000000  c_w.l(_printf_percent.o)
    0x00000170   0x00000006   Code   RO         2106    .ARM.Collect$$_printf_percent$$00000009  c_w.l(_printf_d.o)
    0x00000176   0x00000004   Code   RO         2154    .ARM.Collect$$_printf_percent$$00000017  c_w.l(_printf_percent_end.o)
    0x0000017a   0x00000002   Code   RO         2281    .ARM.Collect$$libinit$$00000000  c_w.l(libinit.o)
    0x0000017c   0x00000000   Code   RO         2162    .ARM.Collect$$libinit$$00000002  c_w.l(libinit2.o)
    0x0000017c   0x00000000   Code   RO         2164    .ARM.Collect$$libinit$$00000004  c_w.l(libinit2.o)
    0x0000017c   0x00000008   Code   RO         2165    .ARM.Collect$$libinit$$00000005  c_w.l(libinit2.o)
    0x00000184   0x00000000   Code   RO         2167    .ARM.Collect$$libinit$$0000000A  c_w.l(libinit2.o)
    0x00000184   0x00000000   Code   RO         2169    .ARM.Collect$$libinit$$0000000C  c_w.l(libinit2.o)
    0x00000184   0x00000000   Code   RO         2171    .ARM.Collect$$libinit$$0000000E  c_w.l(libinit2.o)
    0x00000184   0x00000000   Code   RO         2174    .ARM.Collect$$libinit$$00000011  c_w.l(libinit2.o)
    0x00000184   0x00000000   Code   RO         2176    .ARM.Collect$$libinit$$00000013  c_w.l(libinit2.o)
    0x00000184   0x00000000   Code   RO         2178    .ARM.Collect$$libinit$$00000015  c_w.l(libinit2.o)
    0x00000184   0x00000000   Code   RO         2180    .ARM.Collect$$libinit$$00000017  c_w.l(libinit2.o)
    0x00000184   0x00000000   Code   RO         2182    .ARM.Collect$$libinit$$00000019  c_w.l(libinit2.o)
    0x00000184   0x00000000   Code   RO         2184    .ARM.Collect$$libinit$$0000001B  c_w.l(libinit2.o)
    0x00000184   0x00000000   Code   RO         2186    .ARM.Collect$$libinit$$0000001D  c_w.l(libinit2.o)
    0x00000184   0x00000000   Code   RO         2188    .ARM.Collect$$libinit$$0000001F  c_w.l(libinit2.o)
    0x00000184   0x00000000   Code   RO         2190    .ARM.Collect$$libinit$$00000021  c_w.l(libinit2.o)
    0x00000184   0x00000000   Code   RO         2192    .ARM.Collect$$libinit$$00000023  c_w.l(libinit2.o)
    0x00000184   0x00000000   Code   RO         2194    .ARM.Collect$$libinit$$00000025  c_w.l(libinit2.o)
    0x00000184   0x00000000   Code   RO         2198    .ARM.Collect$$libinit$$0000002C  c_w.l(libinit2.o)
    0x00000184   0x00000000   Code   RO         2200    .ARM.Collect$$libinit$$0000002E  c_w.l(libinit2.o)
    0x00000184   0x00000000   Code   RO         2202    .ARM.Collect$$libinit$$00000030  c_w.l(libinit2.o)
    0x00000184   0x00000000   Code   RO         2204    .ARM.Collect$$libinit$$00000032  c_w.l(libinit2.o)
    0x00000184   0x00000002   Code   RO         2205    .ARM.Collect$$libinit$$00000033  c_w.l(libinit2.o)
    0x00000186   0x00000002   Code   RO         2337    .ARM.Collect$$libshutdown$$00000000  c_w.l(libshutdown.o)
    0x00000188   0x00000000   Code   RO         2295    .ARM.Collect$$libshutdown$$00000002  c_w.l(libshutdown2.o)
    0x00000188   0x00000000   Code   RO         2297    .ARM.Collect$$libshutdown$$00000004  c_w.l(libshutdown2.o)
    0x00000188   0x00000000   Code   RO         2300    .ARM.Collect$$libshutdown$$00000007  c_w.l(libshutdown2.o)
    0x00000188   0x00000000   Code   RO         2303    .ARM.Collect$$libshutdown$$0000000A  c_w.l(libshutdown2.o)
    0x00000188   0x00000000   Code   RO         2305    .ARM.Collect$$libshutdown$$0000000C  c_w.l(libshutdown2.o)
    0x00000188   0x00000000   Code   RO         2308    .ARM.Collect$$libshutdown$$0000000F  c_w.l(libshutdown2.o)
    0x00000188   0x00000002   Code   RO         2309    .ARM.Collect$$libshutdown$$00000010  c_w.l(libshutdown2.o)
    0x0000018a   0x00000000   Code   RO         2118    .ARM.Collect$$rtentry$$00000000  c_w.l(__rtentry.o)
    0x0000018a   0x00000000   Code   RO         2212    .ARM.Collect$$rtentry$$00000002  c_w.l(__rtentry2.o)
    0x0000018a   0x00000006   Code   RO         2224    .ARM.Collect$$rtentry$$00000004  c_w.l(__rtentry4.o)
    0x00000190   0x00000000   Code   RO         2214    .ARM.Collect$$rtentry$$00000009  c_w.l(__rtentry2.o)
    0x00000190   0x00000004   Code   RO         2215    .ARM.Collect$$rtentry$$0000000A  c_w.l(__rtentry2.o)
    0x00000194   0x00000000   Code   RO         2217    .ARM.Collect$$rtentry$$0000000C  c_w.l(__rtentry2.o)
    0x00000194   0x00000008   Code   RO         2218    .ARM.Collect$$rtentry$$0000000D  c_w.l(__rtentry2.o)
    0x0000019c   0x00000002   Code   RO         2282    .ARM.Collect$$rtexit$$00000000  c_w.l(rtexit.o)
    0x0000019e   0x00000000   Code   RO         2313    .ARM.Collect$$rtexit$$00000002  c_w.l(rtexit2.o)
    0x0000019e   0x00000004   Code   RO         2314    .ARM.Collect$$rtexit$$00000003  c_w.l(rtexit2.o)
    0x000001a2   0x00000006   Code   RO         2315    .ARM.Collect$$rtexit$$00000004  c_w.l(rtexit2.o)
    0x000001a8   0x0000009e   Code   RO          809    .emb_text           port.o
    0x00000246   0x00000002   PAD
    0x00000248   0x00000000   Code   RO         2230    .emb_text           c_w.l(maybetermalloc1.o)
    0x00000248   0x0000003c   Code   RO          187    .text               keil_freertos_startup_lpc15xx.o
    0x00000284   0x0000005e   Code   RO         2015    .text               c_w.l(h1_alloc.o)
    0x000002e2   0x0000004e   Code   RO         2017    .text               c_w.l(h1_free.o)
    0x00000330   0x000000ee   Code   RO         2073    .text               c_w.l(lludivv7m.o)
    0x0000041e   0x00000002   PAD
    0x00000420   0x00000018   Code   RO         2077    .text               c_w.l(noretval__2printf.o)
    0x00000438   0x00000068   Code   RO         2079    .text               c_w.l(__printf.o)
    0x000004a0   0x00000078   Code   RO         2083    .text               c_w.l(_printf_dec.o)
    0x00000518   0x00000010   Code   RO         2110    .text               c_w.l(aeabi_memset.o)
    0x00000528   0x00000006   Code   RO         2112    .text               c_w.l(heapauxi.o)
    0x0000052e   0x00000002   PAD
    0x00000530   0x00000008   Code   RO         2126    .text               c_w.l(rt_heap_descriptor_intlibspace.o)
    0x00000538   0x00000004   Code   RO         2128    .text               c_w.l(hguard.o)
    0x0000053c   0x0000008a   Code   RO         2130    .text               c_w.l(init_alloc.o)
    0x000005c6   0x0000000e   Code   RO         2134    .text               c_w.l(h1_init.o)
    0x000005d4   0x000000b2   Code   RO         2148    .text               c_w.l(_printf_intcommon.o)
    0x00000686   0x00000002   PAD
    0x00000688   0x00000024   Code   RO         2152    .text               c_w.l(_printf_char_file.o)
    0x000006ac   0x00000044   Code   RO         2157    .text               c_w.l(rt_memclr.o)
    0x000006f0   0x00000008   Code   RO         2208    .text               c_w.l(libspace.o)
    0x000006f8   0x00000034   Code   RO         2232    .text               c_w.l(h1_extend.o)
    0x0000072c   0x00000030   Code   RO         2236    .text               c_w.l(_printf_char_common.o)
    0x0000075c   0x0000000e   Code   RO         2238    .text               c_w.l(defsig_rtmem_outer.o)
    0x0000076a   0x0000004e   Code   RO         2242    .text               c_w.l(rt_memclr_w.o)
    0x000007b8   0x00000002   Code   RO         2251    .text               c_w.l(use_no_semi.o)
    0x000007ba   0x00000000   Code   RO         2253    .text               c_w.l(indicate_semi.o)
    0x000007ba   0x0000004a   Code   RO         2254    .text               c_w.l(sys_stackheap_outer.o)
    0x00000804   0x00000012   Code   RO         2262    .text               c_w.l(exit.o)
    0x00000816   0x0000000a   Code   RO         2264    .text               c_w.l(defsig_exit.o)
    0x00000820   0x00000050   Code   RO         2270    .text               c_w.l(defsig_rtmem_inner.o)
    0x00000870   0x00000032   Code   RO         2290    .text               c_w.l(defsig_general.o)
    0x000008a2   0x0000000e   Code   RO         2310    .text               c_w.l(sys_wrch.o)
    0x000008b0   0x00000060   Code   RO         1152    i.Board_Debug_Init  board_nxp_lpcxpresso_1549.lib(board.o)
    0x00000910   0x00000048   Code   RO         1153    i.Board_Init        board_nxp_lpcxpresso_1549.lib(board.o)
    0x00000958   0x00000024   Code   RO         1155    i.Board_LED_Set     board_nxp_lpcxpresso_1549.lib(board.o)
    0x0000097c   0x00000038   Code   RO         1427    i.Board_SetupClocking  board_nxp_lpcxpresso_1549.lib(board_sysinit.o)
    0x000009b4   0x00000050   Code   RO         1428    i.Board_SetupMuxing  board_nxp_lpcxpresso_1549.lib(board_sysinit.o)
    0x00000a04   0x00000018   Code   RO         1429    i.Board_SystemInit  board_nxp_lpcxpresso_1549.lib(board_sysinit.o)
    0x00000a1c   0x00000014   Code   RO         1159    i.Board_UARTPutChar  board_nxp_lpcxpresso_1549.lib(board.o)
    0x00000a30   0x00000020   Code   RO         1544    i.Chip_Clock_EnablePeriphClock  chip_15xx_lib.lib(clock_15xx.o)
    0x00000a50   0x00000018   Code   RO         1546    i.Chip_Clock_GetMainClockRate  chip_15xx_lib.lib(clock_15xx.o)
    0x00000a68   0x00000034   Code   RO         1548    i.Chip_Clock_GetMain_A_ClockRate  chip_15xx_lib.lib(clock_15xx.o)
    0x00000a9c   0x00000034   Code   RO         1549    i.Chip_Clock_GetMain_B_ClockRate  chip_15xx_lib.lib(clock_15xx.o)
    0x00000ad0   0x0000000c   Code   RO         1550    i.Chip_Clock_GetPLLFreq  chip_15xx_lib.lib(clock_15xx.o)
    0x00000adc   0x00000020   Code   RO         1551    i.Chip_Clock_GetPLLInClockRate  chip_15xx_lib.lib(clock_15xx.o)
    0x00000afc   0x00000018   Code   RO         1555    i.Chip_Clock_GetSystemClockRate  chip_15xx_lib.lib(clock_15xx.o)
    0x00000b14   0x00000010   Code   RO         1556    i.Chip_Clock_GetSystemPLLInClockRate  chip_15xx_lib.lib(clock_15xx.o)
    0x00000b24   0x0000001c   Code   RO         1557    i.Chip_Clock_GetSystemPLLOutClockRate  chip_15xx_lib.lib(clock_15xx.o)
    0x00000b40   0x00000040   Code   RO         1558    i.Chip_Clock_GetUARTBaseClockRate  chip_15xx_lib.lib(clock_15xx.o)
    0x00000b80   0x00000020   Code   RO         1562    i.Chip_Clock_SetMainClockSource  chip_15xx_lib.lib(clock_15xx.o)
    0x00000ba0   0x00000050   Code   RO         1564    i.Chip_Clock_SetUARTBaseClockRate  chip_15xx_lib.lib(clock_15xx.o)
    0x00000bf0   0x0000001c   Code   RO         1805    i.Chip_FMC_SetFLASHAccess  chip_15xx_lib.lib(sysinit_15xx.o)
    0x00000c0c   0x0000002c   Code   RO         1687    i.Chip_GPIO_Init    chip_15xx_lib.lib(gpio_15xx.o)
    0x00000c38   0x00000024   Code   RO         1739    i.Chip_IOCON_SetPinMuxing  chip_15xx_lib.lib(iocon_15xx.o)
    0x00000c5c   0x00000024   Code   RO         1766    i.Chip_SWM_MovablePinAssign  chip_15xx_lib.lib(swm_15xx.o)
    0x00000c80   0x0000000a   Code   RO         1162    i.Chip_SWM_MovablePortPinAssign  board_nxp_lpcxpresso_1549.lib(board.o)
    0x00000c8a   0x00000002   PAD
    0x00000c8c   0x00000024   Code   RO         1483    i.Chip_SYSCTL_AssertPeriphReset  chip_15xx_lib.lib(sysctl_15xx.o)
    0x00000cb0   0x00000024   Code   RO         1484    i.Chip_SYSCTL_DeassertPeriphReset  chip_15xx_lib.lib(sysctl_15xx.o)
    0x00000cd4   0x00000012   Code   RO         1848    i.Chip_SYSCTL_PeriphReset  chip_15xx_lib.lib(uart_15xx.o)
    0x00000ce6   0x00000002   PAD
    0x00000ce8   0x0000001c   Code   RO         1486    i.Chip_SYSCTL_PowerDown  chip_15xx_lib.lib(sysctl_15xx.o)
    0x00000d04   0x0000001c   Code   RO         1487    i.Chip_SYSCTL_PowerUp  chip_15xx_lib.lib(sysctl_15xx.o)
    0x00000d20   0x00000060   Code   RO         1807    i.Chip_SetupXtalClocking  chip_15xx_lib.lib(sysinit_15xx.o)
    0x00000d80   0x00000034   Code   RO         1851    i.Chip_UART_Init    chip_15xx_lib.lib(uart_15xx.o)
    0x00000db4   0x0000001c   Code   RO         1856    i.Chip_UART_Send    chip_15xx_lib.lib(uart_15xx.o)
    0x00000dd0   0x00000024   Code   RO         1857    i.Chip_UART_SendBlocking  chip_15xx_lib.lib(uart_15xx.o)
    0x00000df4   0x00000016   Code   RO         1859    i.Chip_UART_SetBaud  chip_15xx_lib.lib(uart_15xx.o)
    0x00000e0a   0x00000002   PAD
    0x00000e0c   0x00000020   Code   RO          810    i.SysTick_Handler   port.o
    0x00000e2c   0x00000010   Code   RO          986    i.SystemCoreClockUpdate  chip_15xx_lib.lib(chip_15xx.o)
    0x00000e3c   0x00000008   Code   RO            3    i.SystemInit        sysinit.o
    0x00000e44   0x00000004   Code   RO         1164    i._sys_exit         board_nxp_lpcxpresso_1549.lib(board.o)
    0x00000e48   0x0000003c   Code   RO          475    i.eTaskConfirmSleepModeStatus  tasks.o
    0x00000e84   0x00000006   Code   RO         1166    i.ferror            board_nxp_lpcxpresso_1549.lib(board.o)
    0x00000e8a   0x0000000c   Code   RO         1168    i.fputc             board_nxp_lpcxpresso_1549.lib(board.o)
    0x00000e96   0x00000002   PAD
    0x00000e98   0x00000020   Code   RO         1862    i.getUARTClockID    chip_15xx_lib.lib(uart_15xx.o)
    0x00000eb8   0x00000088   Code   RO          942    i.main              main.o
    0x00000f40   0x00000054   Code   RO          476    i.prvAddCurrentTaskToDelayedList  tasks.o
    0x00000f94   0x0000003a   Code   RO          477    i.prvAllocateTCBAndStack  tasks.o
    0x00000fce   0x00000002   PAD
    0x00000fd0   0x00000064   Code   RO          478    i.prvCheckTasksWaitingTermination  tasks.o
    0x00001034   0x00000012   Code   RO          479    i.prvDeleteTCB      tasks.o
    0x00001046   0x00000002   PAD
    0x00001048   0x00000034   Code   RO          480    i.prvGetExpectedIdleTime  tasks.o
    0x0000107c   0x00000040   Code   RO          481    i.prvIdleTask       tasks.o
    0x000010bc   0x00000056   Code   RO          482    i.prvInitialiseTCBVariables  tasks.o
    0x00001112   0x00000002   PAD
    0x00001114   0x00000068   Code   RO          483    i.prvInitialiseTaskLists  tasks.o
    0x0000117c   0x00000034   Code   RO          485    i.prvResetNextTaskUnblockTime  tasks.o
    0x000011b0   0x00000014   Code   RO          943    i.prvSetupHardware  main.o
    0x000011c4   0x00000008   Code   RO          811    i.prvTaskExitError  port.o
    0x000011cc   0x00000018   Code   RO          783    i.pvPortMalloc      heap_3.o
    0x000011e4   0x00000020   Code   RO          812    i.pxPortInitialiseStack  port.o
    0x00001204   0x00000028   Code   RO          193    i.uxListRemove      list.o
    0x0000122c   0x00000004   Code   RO          896    i.vApplicationIdleHook  freertoscommonhooks.o
    0x00001230   0x00000018   Code   RO          944    i.vLEDTask1         main.o
    0x00001248   0x00000018   Code   RO          945    i.vLEDTask2         main.o
    0x00001260   0x0000001a   Code   RO          194    i.vListInitialise   list.o
    0x0000127a   0x00000006   Code   RO          195    i.vListInitialiseItem  list.o
    0x00001280   0x00000034   Code   RO          196    i.vListInsert       list.o
    0x000012b4   0x00000018   Code   RO          197    i.vListInsertEnd    list.o
    0x000012cc   0x00000020   Code   RO          814    i.vPortEnterCritical  port.o
    0x000012ec   0x00000020   Code   RO          815    i.vPortExitCritical  port.o
    0x0000130c   0x00000016   Code   RO          784    i.vPortFree         heap_3.o
    0x00001322   0x00000002   PAD
    0x00001324   0x0000005c   Code   RO          816    i.vPortSetupTimerInterrupt  port.o
    0x00001380   0x00000144   Code   RO          817    i.vPortSuppressTicksAndSleep  port.o
    0x000014c4   0x00000018   Code   RO          818    i.vPortYield        port.o
    0x000014dc   0x00000038   Code   RO          494    i.vTaskDelay        tasks.o
    0x00001514   0x00000048   Code   RO          507    i.vTaskStartScheduler  tasks.o
    0x0000155c   0x00000010   Code   RO          508    i.vTaskStepTick     tasks.o
    0x0000156c   0x00000010   Code   RO          510    i.vTaskSuspendAll   tasks.o
    0x0000157c   0x00000080   Code   RO          511    i.vTaskSwitchContext  tasks.o
    0x000015fc   0x00000024   Code   RO          946    i.vUARTTask         main.o
    0x00001620   0x00000034   Code   RO          819    i.xPortStartScheduler  port.o
    0x00001654   0x00000100   Code   RO          513    i.xTaskGenericCreate  tasks.o
    0x00001754   0x0000011c   Code   RO          517    i.xTaskIncrementTick  tasks.o
    0x00001870   0x000000d8   Code   RO          520    i.xTaskResumeAll    tasks.o
    0x00001948   0x00000004   Data   RO         1169    .constdata          board_nxp_lpcxpresso_1549.lib(board.o)
    0x0000194c   0x00000004   Data   RO         1170    .constdata          board_nxp_lpcxpresso_1549.lib(board.o)
    0x00001950   0x00000015   Data   RO         1171    .constdata          board_nxp_lpcxpresso_1549.lib(board.o)
    0x00001965   0x00000003   PAD
    0x00001968   0x0000007c   Data   RO         1430    .constdata          board_nxp_lpcxpresso_1549.lib(board_sysinit.o)
    0x000019e4   0x00000020   Data   RO         2338    Region$$Table       anon$$obj.o


    Execution Region RW_IRAM1 (Base: 0x02000000, Size: 0x000019b8, Max: 0x00009000, ABSOLUTE)

    Base Addr    Size         Type   Attr      Idx    E Section Name        Object

    0x02000000   0x00000038   Data   RW          523    .data               tasks.o
    0x02000038   0x00000010   Data   RW          820    .data               port.o
    0x02000048   0x00000004   Data   RW          987    .data               chip_15xx_lib.lib(chip_15xx.o)
    0x0200004c   0x00000004   Data   RW         1172    .data               board_nxp_lpcxpresso_1549.lib(board.o)
    0x02000050   0x00000104   Zero   RW          522    .bss                tasks.o
    0x02000154   0x00000060   Zero   RW         2209    .bss                c_w.l(libspace.o)
    0x020001b4   0x00000004   PAD
    0x020001b8   0x00001000   Zero   RW          185    HEAP                keil_freertos_startup_lpc15xx.o
    0x020011b8   0x00000800   Zero   RW          184    STACK               keil_freertos_startup_lpc15xx.o


==============================================================================

Image component sizes


      Code (inc. data)   RO Data    RW Data    ZI Data      Debug   Object Name

         4          0          0          0          0        487   freertoscommonhooks.o
        46          0          0          0          0       1215   heap_3.o
        60         28        252          0       6144        760   keil_freertos_startup_lpc15xx.o
       148          0          0          0          0       9150   list.o
       240         60          0          0          0       2239   main.o
       786         78          0         16          0       8370   port.o
         0          0          0          0          0       2164   queue.o
         8          0          0          0          0       4977   sysinit.o
      1722        278          0         56        260      14646   tasks.o

    ----------------------------------------------------------------------
      3024        444        284         72       6404      44008   Object Totals
         0          0         32          0          0          0   (incl. Generated)
        10          0          0          0          0          0   (incl. Padding)

    ----------------------------------------------------------------------

      Code (inc. data)   RO Data    RW Data    ZI Data      Debug   Library Member Name

       256         22         29          4          0      17376   board.o
       160         18        124          0          0      15705   board_sysinit.o
         8          0          0          0          0         68   __main.o
       104          0          0          0          0         84   __printf.o
         0          0          0          0          0          0   __rtentry.o
        12          0          0          0          0          0   __rtentry2.o
         6          0          0          0          0          0   __rtentry4.o
        52          8          0          0          0          0   __scatter.o
        26          0          0          0          0          0   __scatter_copy.o
        28          0          0          0          0          0   __scatter_zi.o
        48          6          0          0          0         96   _printf_char_common.o
        36          4          0          0          0         80   _printf_char_file.o
         6          0          0          0          0          0   _printf_d.o
       120         16          0          0          0         92   _printf_dec.o
       178          0          0          0          0         88   _printf_intcommon.o
         0          0          0          0          0          0   _printf_percent.o
         4          0          0          0          0          0   _printf_percent_end.o
        16          0          0          0          0         68   aeabi_memset.o
        10          0          0          0          0         68   defsig_exit.o
        50          0          0          0          0         88   defsig_general.o
        80         58          0          0          0         76   defsig_rtmem_inner.o
        14          0          0          0          0         80   defsig_rtmem_outer.o
        18          0          0          0          0         80   exit.o
        94          0          0          0          0         80   h1_alloc.o
        52          0          0          0          0         68   h1_extend.o
        78          0          0          0          0         80   h1_free.o
        14          0          0          0          0         84   h1_init.o
         6          0          0          0          0        152   heapauxi.o
         4          0          0          0          0        136   hguard.o
         0          0          0          0          0          0   indicate_semi.o
       138          0          0          0          0        168   init_alloc.o
         2          0          0          0          0          0   libinit.o
        10          0          0          0          0          0   libinit2.o
         2          0          0          0          0          0   libshutdown.o
         2          0          0          0          0          0   libshutdown2.o
         8          4          0          0         96         68   libspace.o
       238          0          0          0          0        100   lludivv7m.o
         0          0          0          0          0          0   maybetermalloc1.o
        24          4          0          0          0         84   noretval__2printf.o
         8          4          0          0          0         68   rt_heap_descriptor_intlibspace.o
        68          0          0          0          0         68   rt_memclr.o
        78          0          0          0          0         80   rt_memclr_w.o
         2          0          0          0          0          0   rtexit.o
        10          0          0          0          0          0   rtexit2.o
        74          0          0          0          0         80   sys_stackheap_outer.o
        14          0          0          0          0         76   sys_wrch.o
         2          0          0          0          0         68   use_no_semi.o
        16          4          0          4          0      11082   chip_15xx.o
       448         72          0          0          0      12562   clock_15xx.o
        44          0          0          0          0       2933   gpio_15xx.o
        36          0          0          0          0       2258   iocon_15xx.o
        36          6          0          0          0        624   swm_15xx.o
       128         28          0          0          0       9188   sysctl_15xx.o
       124          8          0          0          0      12633   sysinit_15xx.o
       188         18          0          0          0      12296   uart_15xx.o

    ----------------------------------------------------------------------
      3196        280        156          8        100      99085   Library Totals
        16          0          3          0          4          0   (incl. Padding)

    ----------------------------------------------------------------------

      Code (inc. data)   RO Data    RW Data    ZI Data      Debug   Library Name

       416         40        153          4          0      33081   board_nxp_lpcxpresso_1549.lib
      1744        104          0          0         96       2428   c_w.l
      1020        136          0          4          0      63576   chip_15xx_lib.lib

    ----------------------------------------------------------------------
      3196        280        156          8        100      99085   Library Totals

    ----------------------------------------------------------------------

==============================================================================


      Code (inc. data)   RO Data    RW Data    ZI Data      Debug   

      6220        724        440         80       6504     137941   Grand Totals
      6220        724        440         80       6504     137941   ELF Image Totals
      6220        724        440         80          0          0   ROM Totals

==============================================================================

    Total RO  Size (Code + RO Data)                 6660 (   6.50kB)
    Total RW  Size (RW Data + ZI Data)              6584 (   6.43kB)
    Total ROM Size (Code + RO Data + RW Data)       6740 (   6.58kB)

==============================================================================

