<!doctype html public "-//w3c//dtd html 4.0 transitional//en">
<html><head>
<title>Static Call Graph - [.\keil_output\iflash_nxp_lpcxpresso_1549\freertos_blinky.axf]</title></head>
<body><HR>
<H1>Static Call Graph for image .\keil_output\iflash_nxp_lpcxpresso_1549\freertos_blinky.axf</H1><HR>
<BR><P>#&#060CALLGRAPH&#062# ARM Linker, 5060020: Last Updated: Mon Nov 30 13:16:25 2015
<BR><P>
<H3>Maximum Stack Usage =        200 bytes + Unknown(Functions without stacksize, Cycles, Untraceable Function Pointers)</H3><H3>
Call chain for Maximum Stack Depth:</H3>
__rt_entry_main &rArr; main &rArr; osStartKernel &rArr; vTaskStartScheduler &rArr; xTaskGenericCreate &rArr; prvAllocateTCBAndStack &rArr; pvPortMalloc &rArr; malloc &rArr; __Heap_Full &rArr; __Heap_ProvideMemory &rArr; free
<P>
<H3>
Functions with no stack information
</H3><UL>
 <LI><a href="#[f0]">__user_initial_stackheap</a>
</UL>
</UL>
<P>
<H3>
Mutually Recursive functions
</H3> <LI><a href="#[a]">NMI_Handler</a>&nbsp;&nbsp;&nbsp;&rArr;&nbsp;&nbsp;&nbsp;<a href="#[a]">NMI_Handler</a><BR>
 <LI><a href="#[b]">HardFault_Handler</a>&nbsp;&nbsp;&nbsp;&rArr;&nbsp;&nbsp;&nbsp;<a href="#[b]">HardFault_Handler</a><BR>
 <LI><a href="#[37]">ACMP0_IRQHandler</a>&nbsp;&nbsp;&nbsp;&rArr;&nbsp;&nbsp;&nbsp;<a href="#[37]">ACMP0_IRQHandler</a><BR>
 <LI><a href="#[5a]">_sys_exit</a>&nbsp;&nbsp;&nbsp;&rArr;&nbsp;&nbsp;&nbsp;<a href="#[5a]">_sys_exit</a><BR>
</UL>
<P>
<H3>
Function Pointers
</H3><UL>
 <LI><a href="#[37]">ACMP0_IRQHandler</a> from keil_freertos_startup_lpc15xx.o(.text) referenced from keil_freertos_startup_lpc15xx.o(RESET)
 <LI><a href="#[38]">ACMP1_IRQHandler</a> from keil_freertos_startup_lpc15xx.o(.text) referenced from keil_freertos_startup_lpc15xx.o(RESET)
 <LI><a href="#[39]">ACMP2_IRQHandler</a> from keil_freertos_startup_lpc15xx.o(.text) referenced from keil_freertos_startup_lpc15xx.o(RESET)
 <LI><a href="#[3a]">ACMP3_IRQHandler</a> from keil_freertos_startup_lpc15xx.o(.text) referenced from keil_freertos_startup_lpc15xx.o(RESET)
 <LI><a href="#[2e]">ADC0A_IRQHandler</a> from keil_freertos_startup_lpc15xx.o(.text) referenced from keil_freertos_startup_lpc15xx.o(RESET)
 <LI><a href="#[2f]">ADC0B_IRQHandler</a> from keil_freertos_startup_lpc15xx.o(.text) referenced from keil_freertos_startup_lpc15xx.o(RESET)
 <LI><a href="#[31]">ADC0_OVR_IRQHandler</a> from keil_freertos_startup_lpc15xx.o(.text) referenced from keil_freertos_startup_lpc15xx.o(RESET)
 <LI><a href="#[30]">ADC0_THCMP_IRQHandler</a> from keil_freertos_startup_lpc15xx.o(.text) referenced from keil_freertos_startup_lpc15xx.o(RESET)
 <LI><a href="#[32]">ADC1A_IRQHandler</a> from keil_freertos_startup_lpc15xx.o(.text) referenced from keil_freertos_startup_lpc15xx.o(RESET)
 <LI><a href="#[33]">ADC1B_IRQHandler</a> from keil_freertos_startup_lpc15xx.o(.text) referenced from keil_freertos_startup_lpc15xx.o(RESET)
 <LI><a href="#[35]">ADC1_OVR_IRQHandler</a> from keil_freertos_startup_lpc15xx.o(.text) referenced from keil_freertos_startup_lpc15xx.o(RESET)
 <LI><a href="#[34]">ADC1_THCMP_IRQHandler</a> from keil_freertos_startup_lpc15xx.o(.text) referenced from keil_freertos_startup_lpc15xx.o(RESET)
 <LI><a href="#[10]">BOD_IRQHandler</a> from keil_freertos_startup_lpc15xx.o(.text) referenced from keil_freertos_startup_lpc15xx.o(RESET)
 <LI><a href="#[2a]">CAN_IRQHandler</a> from keil_freertos_startup_lpc15xx.o(.text) referenced from keil_freertos_startup_lpc15xx.o(RESET)
 <LI><a href="#[36]">DAC_IRQHandler</a> from keil_freertos_startup_lpc15xx.o(.text) referenced from keil_freertos_startup_lpc15xx.o(RESET)
 <LI><a href="#[13]">DMA_IRQHandler</a> from keil_freertos_startup_lpc15xx.o(.text) referenced from keil_freertos_startup_lpc15xx.o(RESET)
 <LI><a href="#[12]">EEPROM_IRQHandler</a> from keil_freertos_startup_lpc15xx.o(.text) referenced from keil_freertos_startup_lpc15xx.o(RESET)
 <LI><a href="#[11]">FMC_IRQHandler</a> from keil_freertos_startup_lpc15xx.o(.text) referenced from keil_freertos_startup_lpc15xx.o(RESET)
 <LI><a href="#[14]">GINT0_IRQHandler</a> from keil_freertos_startup_lpc15xx.o(.text) referenced from keil_freertos_startup_lpc15xx.o(RESET)
 <LI><a href="#[15]">GINT1_IRQHandler</a> from keil_freertos_startup_lpc15xx.o(.text) referenced from keil_freertos_startup_lpc15xx.o(RESET)
 <LI><a href="#[b]">HardFault_Handler</a> from keil_freertos_startup_lpc15xx.o(.text) referenced from keil_freertos_startup_lpc15xx.o(RESET)
 <LI><a href="#[27]">I2C0_IRQHandler</a> from keil_freertos_startup_lpc15xx.o(.text) referenced from keil_freertos_startup_lpc15xx.o(RESET)
 <LI><a href="#[23]">MRT_IRQHandler</a> from keil_freertos_startup_lpc15xx.o(.text) referenced from keil_freertos_startup_lpc15xx.o(RESET)
 <LI><a href="#[a]">NMI_Handler</a> from keil_freertos_startup_lpc15xx.o(.text) referenced from keil_freertos_startup_lpc15xx.o(RESET)
 <LI><a href="#[16]">PIN_INT0_IRQHandler</a> from keil_freertos_startup_lpc15xx.o(.text) referenced from keil_freertos_startup_lpc15xx.o(RESET)
 <LI><a href="#[17]">PIN_INT1_IRQHandler</a> from keil_freertos_startup_lpc15xx.o(.text) referenced from keil_freertos_startup_lpc15xx.o(RESET)
 <LI><a href="#[18]">PIN_INT2_IRQHandler</a> from keil_freertos_startup_lpc15xx.o(.text) referenced from keil_freertos_startup_lpc15xx.o(RESET)
 <LI><a href="#[19]">PIN_INT3_IRQHandler</a> from keil_freertos_startup_lpc15xx.o(.text) referenced from keil_freertos_startup_lpc15xx.o(RESET)
 <LI><a href="#[1a]">PIN_INT4_IRQHandler</a> from keil_freertos_startup_lpc15xx.o(.text) referenced from keil_freertos_startup_lpc15xx.o(RESET)
 <LI><a href="#[1b]">PIN_INT5_IRQHandler</a> from keil_freertos_startup_lpc15xx.o(.text) referenced from keil_freertos_startup_lpc15xx.o(RESET)
 <LI><a href="#[1c]">PIN_INT6_IRQHandler</a> from keil_freertos_startup_lpc15xx.o(.text) referenced from keil_freertos_startup_lpc15xx.o(RESET)
 <LI><a href="#[1d]">PIN_INT7_IRQHandler</a> from keil_freertos_startup_lpc15xx.o(.text) referenced from keil_freertos_startup_lpc15xx.o(RESET)
 <LI><a href="#[d]">PendSV_Handler</a> from port.o(.emb_text) referenced from keil_freertos_startup_lpc15xx.o(RESET)
 <LI><a href="#[3b]">QEI_IRQHandler</a> from keil_freertos_startup_lpc15xx.o(.text) referenced from keil_freertos_startup_lpc15xx.o(RESET)
 <LI><a href="#[1e]">RIT_IRQHandler</a> from keil_freertos_startup_lpc15xx.o(.text) referenced from keil_freertos_startup_lpc15xx.o(RESET)
 <LI><a href="#[3c]">RTC_ALARM_IRQHandler</a> from keil_freertos_startup_lpc15xx.o(.text) referenced from keil_freertos_startup_lpc15xx.o(RESET)
 <LI><a href="#[3d]">RTC_WAKE_IRQHandler</a> from keil_freertos_startup_lpc15xx.o(.text) referenced from keil_freertos_startup_lpc15xx.o(RESET)
 <LI><a href="#[9]">Reset_Handler</a> from keil_freertos_startup_lpc15xx.o(.text) referenced from keil_freertos_startup_lpc15xx.o(RESET)
 <LI><a href="#[1f]">SCT0_IRQHandler</a> from keil_freertos_startup_lpc15xx.o(.text) referenced from keil_freertos_startup_lpc15xx.o(RESET)
 <LI><a href="#[20]">SCT1_IRQHandler</a> from keil_freertos_startup_lpc15xx.o(.text) referenced from keil_freertos_startup_lpc15xx.o(RESET)
 <LI><a href="#[21]">SCT2_IRQHandler</a> from keil_freertos_startup_lpc15xx.o(.text) referenced from keil_freertos_startup_lpc15xx.o(RESET)
 <LI><a href="#[22]">SCT3_IRQHandler</a> from keil_freertos_startup_lpc15xx.o(.text) referenced from keil_freertos_startup_lpc15xx.o(RESET)
 <LI><a href="#[28]">SPI0_IRQHandler</a> from keil_freertos_startup_lpc15xx.o(.text) referenced from keil_freertos_startup_lpc15xx.o(RESET)
 <LI><a href="#[29]">SPI1_IRQHandler</a> from keil_freertos_startup_lpc15xx.o(.text) referenced from keil_freertos_startup_lpc15xx.o(RESET)
 <LI><a href="#[c]">SVC_Handler</a> from port.o(.emb_text) referenced from keil_freertos_startup_lpc15xx.o(RESET)
 <LI><a href="#[e]">SysTick_Handler</a> from port.o(.text) referenced from keil_freertos_startup_lpc15xx.o(RESET)
 <LI><a href="#[40]">SystemInit</a> from sysinit.o(.text) referenced from keil_freertos_startup_lpc15xx.o(.text)
 <LI><a href="#[24]">UART0_IRQHandler</a> from keil_freertos_startup_lpc15xx.o(.text) referenced from keil_freertos_startup_lpc15xx.o(RESET)
 <LI><a href="#[25]">UART1_IRQHandler</a> from keil_freertos_startup_lpc15xx.o(.text) referenced from keil_freertos_startup_lpc15xx.o(RESET)
 <LI><a href="#[26]">UART2_IRQHandler</a> from keil_freertos_startup_lpc15xx.o(.text) referenced from keil_freertos_startup_lpc15xx.o(RESET)
 <LI><a href="#[2d]">USBWakeup_IRQHandler</a> from keil_freertos_startup_lpc15xx.o(.text) referenced from keil_freertos_startup_lpc15xx.o(RESET)
 <LI><a href="#[2c]">USB_FIQHandler</a> from keil_freertos_startup_lpc15xx.o(.text) referenced from keil_freertos_startup_lpc15xx.o(RESET)
 <LI><a href="#[2b]">USB_IRQHandler</a> from keil_freertos_startup_lpc15xx.o(.text) referenced from keil_freertos_startup_lpc15xx.o(RESET)
 <LI><a href="#[f]">WDT_IRQHandler</a> from keil_freertos_startup_lpc15xx.o(.text) referenced from keil_freertos_startup_lpc15xx.o(RESET)
 <LI><a href="#[47]">__main</a> from __main.o(!!!main) referenced from keil_freertos_startup_lpc15xx.o(.text)
 <LI><a href="#[45]">_printf_input_char</a> from _printf_char_common.o(.text) referenced from _printf_char_common.o(.text)
 <LI><a href="#[46]">fputc</a> from board.o(i.fputc) referenced from _printf_char_file.o(.text)
 <LI><a href="#[3e]">prvIdleTask</a> from tasks.o(.text) referenced from tasks.o(.text)
 <LI><a href="#[3f]">prvTaskExitError</a> from port.o(.text) referenced from port.o(.text)
 <LI><a href="#[42]">vLEDTask1</a> from main.o(.text) referenced from main.o(.text)
 <LI><a href="#[43]">vLEDTask2</a> from main.o(.text) referenced from main.o(.text)
 <LI><a href="#[44]">vUARTTask</a> from main.o(.text) referenced from main.o(.text)
</UL>
<P>
<H3>
Global Symbols
</H3>
<P><STRONG><a name="[47]"></a>__main</STRONG> (Thumb, 8 bytes, Stack size 0 bytes, __main.o(!!!main))
<BR><BR>[Calls]<UL><LI><a href="#[49]">&gt;&gt;</a>&nbsp;&nbsp;&nbsp;__rt_entry
<LI><a href="#[48]">&gt;&gt;</a>&nbsp;&nbsp;&nbsp;__scatterload
</UL>

<P><STRONG><a name="[48]"></a>__scatterload</STRONG> (Thumb, 0 bytes, Stack size unknown bytes, __scatter.o(!!!scatter))
<BR><BR>[Called By]<UL><LI><a href="#[47]">&gt;&gt;</a>&nbsp;&nbsp;&nbsp;__main
</UL>

<P><STRONG><a name="[4a]"></a>__scatterload_rt2</STRONG> (Thumb, 44 bytes, Stack size unknown bytes, __scatter.o(!!!scatter), UNUSED)
<BR><BR>[Calls]<UL><LI><a href="#[49]">&gt;&gt;</a>&nbsp;&nbsp;&nbsp;__rt_entry
</UL>

<P><STRONG><a name="[115]"></a>__scatterload_rt2_thumb_only</STRONG> (Thumb, 0 bytes, Stack size unknown bytes, __scatter.o(!!!scatter), UNUSED)

<P><STRONG><a name="[116]"></a>__scatterload_null</STRONG> (Thumb, 0 bytes, Stack size unknown bytes, __scatter.o(!!!scatter), UNUSED)

<P><STRONG><a name="[4b]"></a>__scatterload_copy</STRONG> (Thumb, 26 bytes, Stack size unknown bytes, __scatter_copy.o(!!handler_copy), UNUSED)
<BR><BR>[Calls]<UL><LI><a href="#[4b]">&gt;&gt;</a>&nbsp;&nbsp;&nbsp;__scatterload_copy
</UL>
<BR>[Called By]<UL><LI><a href="#[4b]">&gt;&gt;</a>&nbsp;&nbsp;&nbsp;__scatterload_copy
</UL>

<P><STRONG><a name="[117]"></a>__scatterload_zeroinit</STRONG> (Thumb, 28 bytes, Stack size unknown bytes, __scatter_zi.o(!!handler_zi), UNUSED)

<P><STRONG><a name="[4c]"></a>_printf_d</STRONG> (Thumb, 0 bytes, Stack size unknown bytes, _printf_d.o(.ARM.Collect$$_printf_percent$$00000009))
<BR><BR>[Stack]<UL><LI>Max Depth = 56 + Unknown Stack Size
<LI>Call Chain = _printf_d &rArr; _printf_int_dec &rArr; _printf_int_common
</UL>
<BR>[Calls]<UL><LI><a href="#[4d]">&gt;&gt;</a>&nbsp;&nbsp;&nbsp;_printf_int_dec
</UL>

<P><STRONG><a name="[e1]"></a>_printf_percent</STRONG> (Thumb, 0 bytes, Stack size unknown bytes, _printf_percent.o(.ARM.Collect$$_printf_percent$$00000000))
<BR><BR>[Called By]<UL><LI><a href="#[df]">&gt;&gt;</a>&nbsp;&nbsp;&nbsp;__printf
</UL>

<P><STRONG><a name="[118]"></a>_printf_percent_end</STRONG> (Thumb, 0 bytes, Stack size unknown bytes, _printf_percent_end.o(.ARM.Collect$$_printf_percent$$00000017))

<P><STRONG><a name="[53]"></a>__rt_lib_init</STRONG> (Thumb, 0 bytes, Stack size unknown bytes, libinit.o(.ARM.Collect$$libinit$$00000000))
<BR><BR>[Called By]<UL><LI><a href="#[52]">&gt;&gt;</a>&nbsp;&nbsp;&nbsp;__rt_entry_li
</UL>

<P><STRONG><a name="[119]"></a>__rt_lib_init_fp_1</STRONG> (Thumb, 0 bytes, Stack size unknown bytes, libinit2.o(.ARM.Collect$$libinit$$00000002))

<P><STRONG><a name="[4e]"></a>__rt_lib_init_heap_2</STRONG> (Thumb, 0 bytes, Stack size unknown bytes, libinit2.o(.ARM.Collect$$libinit$$00000005))
<BR><BR>[Stack]<UL><LI>Max Depth = 64 + Unknown Stack Size
<LI>Call Chain = __rt_lib_init_heap_2 &rArr; _init_alloc &rArr; __rt_SIGRTMEM &rArr; __rt_SIGRTMEM_inner &rArr; __default_signal_display &rArr; _ttywrch
</UL>
<BR>[Calls]<UL><LI><a href="#[4f]">&gt;&gt;</a>&nbsp;&nbsp;&nbsp;_init_alloc
</UL>

<P><STRONG><a name="[11a]"></a>__rt_lib_init_preinit_1</STRONG> (Thumb, 0 bytes, Stack size unknown bytes, libinit2.o(.ARM.Collect$$libinit$$00000004))

<P><STRONG><a name="[11b]"></a>__rt_lib_init_alloca_1</STRONG> (Thumb, 0 bytes, Stack size unknown bytes, libinit2.o(.ARM.Collect$$libinit$$0000002E))

<P><STRONG><a name="[11c]"></a>__rt_lib_init_argv_1</STRONG> (Thumb, 0 bytes, Stack size unknown bytes, libinit2.o(.ARM.Collect$$libinit$$0000002C))

<P><STRONG><a name="[11d]"></a>__rt_lib_init_atexit_1</STRONG> (Thumb, 0 bytes, Stack size unknown bytes, libinit2.o(.ARM.Collect$$libinit$$0000001B))

<P><STRONG><a name="[11e]"></a>__rt_lib_init_clock_1</STRONG> (Thumb, 0 bytes, Stack size unknown bytes, libinit2.o(.ARM.Collect$$libinit$$00000021))

<P><STRONG><a name="[11f]"></a>__rt_lib_init_cpp_1</STRONG> (Thumb, 0 bytes, Stack size unknown bytes, libinit2.o(.ARM.Collect$$libinit$$00000032))

<P><STRONG><a name="[120]"></a>__rt_lib_init_exceptions_1</STRONG> (Thumb, 0 bytes, Stack size unknown bytes, libinit2.o(.ARM.Collect$$libinit$$00000030))

<P><STRONG><a name="[121]"></a>__rt_lib_init_fp_trap_1</STRONG> (Thumb, 0 bytes, Stack size unknown bytes, libinit2.o(.ARM.Collect$$libinit$$0000001F))

<P><STRONG><a name="[122]"></a>__rt_lib_init_getenv_1</STRONG> (Thumb, 0 bytes, Stack size unknown bytes, libinit2.o(.ARM.Collect$$libinit$$00000023))

<P><STRONG><a name="[123]"></a>__rt_lib_init_heap_1</STRONG> (Thumb, 0 bytes, Stack size unknown bytes, libinit2.o(.ARM.Collect$$libinit$$0000000A))

<P><STRONG><a name="[124]"></a>__rt_lib_init_lc_collate_1</STRONG> (Thumb, 0 bytes, Stack size unknown bytes, libinit2.o(.ARM.Collect$$libinit$$00000011))

<P><STRONG><a name="[125]"></a>__rt_lib_init_lc_ctype_1</STRONG> (Thumb, 0 bytes, Stack size unknown bytes, libinit2.o(.ARM.Collect$$libinit$$00000013))

<P><STRONG><a name="[126]"></a>__rt_lib_init_lc_monetary_1</STRONG> (Thumb, 0 bytes, Stack size unknown bytes, libinit2.o(.ARM.Collect$$libinit$$00000015))

<P><STRONG><a name="[127]"></a>__rt_lib_init_lc_numeric_1</STRONG> (Thumb, 0 bytes, Stack size unknown bytes, libinit2.o(.ARM.Collect$$libinit$$00000017))

<P><STRONG><a name="[128]"></a>__rt_lib_init_lc_time_1</STRONG> (Thumb, 0 bytes, Stack size unknown bytes, libinit2.o(.ARM.Collect$$libinit$$00000019))

<P><STRONG><a name="[129]"></a>__rt_lib_init_rand_1</STRONG> (Thumb, 0 bytes, Stack size unknown bytes, libinit2.o(.ARM.Collect$$libinit$$0000000E))

<P><STRONG><a name="[12a]"></a>__rt_lib_init_return</STRONG> (Thumb, 0 bytes, Stack size unknown bytes, libinit2.o(.ARM.Collect$$libinit$$00000033))

<P><STRONG><a name="[12b]"></a>__rt_lib_init_signal_1</STRONG> (Thumb, 0 bytes, Stack size unknown bytes, libinit2.o(.ARM.Collect$$libinit$$0000001D))

<P><STRONG><a name="[12c]"></a>__rt_lib_init_stdio_1</STRONG> (Thumb, 0 bytes, Stack size unknown bytes, libinit2.o(.ARM.Collect$$libinit$$00000025))

<P><STRONG><a name="[12d]"></a>__rt_lib_init_user_alloc_1</STRONG> (Thumb, 0 bytes, Stack size unknown bytes, libinit2.o(.ARM.Collect$$libinit$$0000000C))

<P><STRONG><a name="[58]"></a>__rt_lib_shutdown</STRONG> (Thumb, 0 bytes, Stack size unknown bytes, libshutdown.o(.ARM.Collect$$libshutdown$$00000000))
<BR><BR>[Called By]<UL><LI><a href="#[57]">&gt;&gt;</a>&nbsp;&nbsp;&nbsp;__rt_exit_ls
</UL>

<P><STRONG><a name="[12e]"></a>__rt_lib_shutdown_cpp_1</STRONG> (Thumb, 0 bytes, Stack size unknown bytes, libshutdown2.o(.ARM.Collect$$libshutdown$$00000002))

<P><STRONG><a name="[12f]"></a>__rt_lib_shutdown_fp_trap_1</STRONG> (Thumb, 0 bytes, Stack size unknown bytes, libshutdown2.o(.ARM.Collect$$libshutdown$$00000007))

<P><STRONG><a name="[130]"></a>__rt_lib_shutdown_heap_1</STRONG> (Thumb, 0 bytes, Stack size unknown bytes, libshutdown2.o(.ARM.Collect$$libshutdown$$0000000F))

<P><STRONG><a name="[131]"></a>__rt_lib_shutdown_return</STRONG> (Thumb, 0 bytes, Stack size unknown bytes, libshutdown2.o(.ARM.Collect$$libshutdown$$00000010))

<P><STRONG><a name="[132]"></a>__rt_lib_shutdown_signal_1</STRONG> (Thumb, 0 bytes, Stack size unknown bytes, libshutdown2.o(.ARM.Collect$$libshutdown$$0000000A))

<P><STRONG><a name="[133]"></a>__rt_lib_shutdown_stdio_1</STRONG> (Thumb, 0 bytes, Stack size unknown bytes, libshutdown2.o(.ARM.Collect$$libshutdown$$00000004))

<P><STRONG><a name="[134]"></a>__rt_lib_shutdown_user_alloc_1</STRONG> (Thumb, 0 bytes, Stack size unknown bytes, libshutdown2.o(.ARM.Collect$$libshutdown$$0000000C))

<P><STRONG><a name="[49]"></a>__rt_entry</STRONG> (Thumb, 0 bytes, Stack size unknown bytes, __rtentry.o(.ARM.Collect$$rtentry$$00000000))
<BR><BR>[Called By]<UL><LI><a href="#[47]">&gt;&gt;</a>&nbsp;&nbsp;&nbsp;__main
<LI><a href="#[4a]">&gt;&gt;</a>&nbsp;&nbsp;&nbsp;__scatterload_rt2
</UL>

<P><STRONG><a name="[135]"></a>__rt_entry_presh_1</STRONG> (Thumb, 0 bytes, Stack size unknown bytes, __rtentry2.o(.ARM.Collect$$rtentry$$00000002))

<P><STRONG><a name="[50]"></a>__rt_entry_sh</STRONG> (Thumb, 0 bytes, Stack size unknown bytes, __rtentry4.o(.ARM.Collect$$rtentry$$00000004))
<BR><BR>[Stack]<UL><LI>Max Depth = 8 + Unknown Stack Size
<LI>Call Chain = __rt_entry_sh &rArr; __user_setup_stackheap
</UL>
<BR>[Calls]<UL><LI><a href="#[51]">&gt;&gt;</a>&nbsp;&nbsp;&nbsp;__user_setup_stackheap
</UL>

<P><STRONG><a name="[52]"></a>__rt_entry_li</STRONG> (Thumb, 0 bytes, Stack size unknown bytes, __rtentry2.o(.ARM.Collect$$rtentry$$0000000A))
<BR><BR>[Calls]<UL><LI><a href="#[53]">&gt;&gt;</a>&nbsp;&nbsp;&nbsp;__rt_lib_init
</UL>

<P><STRONG><a name="[136]"></a>__rt_entry_postsh_1</STRONG> (Thumb, 0 bytes, Stack size unknown bytes, __rtentry2.o(.ARM.Collect$$rtentry$$00000009))

<P><STRONG><a name="[54]"></a>__rt_entry_main</STRONG> (Thumb, 0 bytes, Stack size unknown bytes, __rtentry2.o(.ARM.Collect$$rtentry$$0000000D))
<BR><BR>[Stack]<UL><LI>Max Depth = 200 + Unknown Stack Size
<LI>Call Chain = __rt_entry_main &rArr; main &rArr; osStartKernel &rArr; vTaskStartScheduler &rArr; xTaskGenericCreate &rArr; prvAllocateTCBAndStack &rArr; pvPortMalloc &rArr; malloc &rArr; __Heap_Full &rArr; __Heap_ProvideMemory &rArr; free
</UL>
<BR>[Calls]<UL><LI><a href="#[55]">&gt;&gt;</a>&nbsp;&nbsp;&nbsp;main
<LI><a href="#[56]">&gt;&gt;</a>&nbsp;&nbsp;&nbsp;exit
</UL>

<P><STRONG><a name="[137]"></a>__rt_entry_postli_1</STRONG> (Thumb, 0 bytes, Stack size unknown bytes, __rtentry2.o(.ARM.Collect$$rtentry$$0000000C))

<P><STRONG><a name="[f1]"></a>__rt_exit</STRONG> (Thumb, 0 bytes, Stack size unknown bytes, rtexit.o(.ARM.Collect$$rtexit$$00000000))
<BR><BR>[Called By]<UL><LI><a href="#[56]">&gt;&gt;</a>&nbsp;&nbsp;&nbsp;exit
</UL>

<P><STRONG><a name="[57]"></a>__rt_exit_ls</STRONG> (Thumb, 0 bytes, Stack size unknown bytes, rtexit2.o(.ARM.Collect$$rtexit$$00000003))
<BR><BR>[Calls]<UL><LI><a href="#[58]">&gt;&gt;</a>&nbsp;&nbsp;&nbsp;__rt_lib_shutdown
</UL>

<P><STRONG><a name="[138]"></a>__rt_exit_prels_1</STRONG> (Thumb, 0 bytes, Stack size unknown bytes, rtexit2.o(.ARM.Collect$$rtexit$$00000002))

<P><STRONG><a name="[59]"></a>__rt_exit_exit</STRONG> (Thumb, 0 bytes, Stack size unknown bytes, rtexit2.o(.ARM.Collect$$rtexit$$00000004))
<BR><BR>[Calls]<UL><LI><a href="#[5a]">&gt;&gt;</a>&nbsp;&nbsp;&nbsp;_sys_exit
</UL>

<P><STRONG><a name="[c]"></a>SVC_Handler</STRONG> (Thumb, 32 bytes, Stack size 0 bytes, port.o(.emb_text))
<BR>[Address Reference Count : 1]<UL><LI> keil_freertos_startup_lpc15xx.o(RESET)
</UL>
<P><STRONG><a name="[b1]"></a>__asm___6_port_c_39a90d8d__prvStartFirstTask</STRONG> (Thumb, 28 bytes, Stack size 0 bytes, port.o(.emb_text))
<BR><BR>[Called By]<UL><LI><a href="#[a2]">&gt;&gt;</a>&nbsp;&nbsp;&nbsp;xPortStartScheduler
</UL>

<P><STRONG><a name="[d]"></a>PendSV_Handler</STRONG> (Thumb, 64 bytes, Stack size 0 bytes, port.o(.emb_text))
<BR><BR>[Calls]<UL><LI><a href="#[5b]">&gt;&gt;</a>&nbsp;&nbsp;&nbsp;vTaskSwitchContext
</UL>
<BR>[Address Reference Count : 1]<UL><LI> keil_freertos_startup_lpc15xx.o(RESET)
</UL>
<P><STRONG><a name="[7b]"></a>ulPortSetInterruptMask</STRONG> (Thumb, 14 bytes, Stack size 0 bytes, port.o(.emb_text))
<BR><BR>[Called By]<UL><LI><a href="#[d2]">&gt;&gt;</a>&nbsp;&nbsp;&nbsp;vApplicationStackOverflowHook
<LI><a href="#[e]">&gt;&gt;</a>&nbsp;&nbsp;&nbsp;SysTick_Handler
<LI><a href="#[3f]">&gt;&gt;</a>&nbsp;&nbsp;&nbsp;prvTaskExitError
<LI><a href="#[af]">&gt;&gt;</a>&nbsp;&nbsp;&nbsp;vTaskNotifyGiveFromISR
<LI><a href="#[ae]">&gt;&gt;</a>&nbsp;&nbsp;&nbsp;xTaskNotifyFromISR
<LI><a href="#[a3]">&gt;&gt;</a>&nbsp;&nbsp;&nbsp;vTaskEndScheduler
<LI><a href="#[a1]">&gt;&gt;</a>&nbsp;&nbsp;&nbsp;vTaskStartScheduler
<LI><a href="#[9b]">&gt;&gt;</a>&nbsp;&nbsp;&nbsp;xTaskResumeFromISR
<LI><a href="#[96]">&gt;&gt;</a>&nbsp;&nbsp;&nbsp;uxTaskPriorityGetFromISR
<LI><a href="#[5d]">&gt;&gt;</a>&nbsp;&nbsp;&nbsp;vPortEnterCritical
<LI><a href="#[7f]">&gt;&gt;</a>&nbsp;&nbsp;&nbsp;xQueuePeekFromISR
<LI><a href="#[7e]">&gt;&gt;</a>&nbsp;&nbsp;&nbsp;xQueueReceiveFromISR
<LI><a href="#[7d]">&gt;&gt;</a>&nbsp;&nbsp;&nbsp;xQueueGiveFromISR
<LI><a href="#[7a]">&gt;&gt;</a>&nbsp;&nbsp;&nbsp;xQueueGenericSendFromISR
</UL>

<P><STRONG><a name="[7c]"></a>vPortClearInterruptMask</STRONG> (Thumb, 6 bytes, Stack size 0 bytes, port.o(.emb_text))
<BR><BR>[Called By]<UL><LI><a href="#[e]">&gt;&gt;</a>&nbsp;&nbsp;&nbsp;SysTick_Handler
<LI><a href="#[af]">&gt;&gt;</a>&nbsp;&nbsp;&nbsp;vTaskNotifyGiveFromISR
<LI><a href="#[ae]">&gt;&gt;</a>&nbsp;&nbsp;&nbsp;xTaskNotifyFromISR
<LI><a href="#[9b]">&gt;&gt;</a>&nbsp;&nbsp;&nbsp;xTaskResumeFromISR
<LI><a href="#[96]">&gt;&gt;</a>&nbsp;&nbsp;&nbsp;uxTaskPriorityGetFromISR
<LI><a href="#[61]">&gt;&gt;</a>&nbsp;&nbsp;&nbsp;vPortExitCritical
<LI><a href="#[7f]">&gt;&gt;</a>&nbsp;&nbsp;&nbsp;xQueuePeekFromISR
<LI><a href="#[7e]">&gt;&gt;</a>&nbsp;&nbsp;&nbsp;xQueueReceiveFromISR
<LI><a href="#[7d]">&gt;&gt;</a>&nbsp;&nbsp;&nbsp;xQueueGiveFromISR
<LI><a href="#[7a]">&gt;&gt;</a>&nbsp;&nbsp;&nbsp;xQueueGenericSendFromISR
</UL>

<P><STRONG><a name="[139]"></a>vPortGetIPSR</STRONG> (Thumb, 6 bytes, Stack size 0 bytes, port.o(.emb_text), UNUSED)

<P><STRONG><a name="[13a]"></a>_maybe_terminate_alloc</STRONG> (Thumb, 0 bytes, Stack size 0 bytes, maybetermalloc1.o(.emb_text), UNUSED)

<P><STRONG><a name="[60]"></a>vListInitialise</STRONG> (Thumb, 26 bytes, Stack size 0 bytes, list.o(.text))
<BR><BR>[Called By]<UL><LI><a href="#[85]">&gt;&gt;</a>&nbsp;&nbsp;&nbsp;prvInitialiseTaskLists
<LI><a href="#[70]">&gt;&gt;</a>&nbsp;&nbsp;&nbsp;xQueueCreateMutex
<LI><a href="#[5c]">&gt;&gt;</a>&nbsp;&nbsp;&nbsp;xQueueGenericReset
</UL>

<P><STRONG><a name="[87]"></a>vListInitialiseItem</STRONG> (Thumb, 6 bytes, Stack size 0 bytes, list.o(.text))
<BR><BR>[Called By]<UL><LI><a href="#[86]">&gt;&gt;</a>&nbsp;&nbsp;&nbsp;prvInitialiseTCBVariables
</UL>

<P><STRONG><a name="[8c]"></a>vListInsertEnd</STRONG> (Thumb, 24 bytes, Stack size 0 bytes, list.o(.text))
<BR><BR>[Called By]<UL><LI><a href="#[af]">&gt;&gt;</a>&nbsp;&nbsp;&nbsp;vTaskNotifyGiveFromISR
<LI><a href="#[ae]">&gt;&gt;</a>&nbsp;&nbsp;&nbsp;xTaskNotifyFromISR
<LI><a href="#[ad]">&gt;&gt;</a>&nbsp;&nbsp;&nbsp;xTaskGenericNotify
<LI><a href="#[ac]">&gt;&gt;</a>&nbsp;&nbsp;&nbsp;xTaskNotifyWait
<LI><a href="#[ab]">&gt;&gt;</a>&nbsp;&nbsp;&nbsp;ulTaskNotifyTake
<LI><a href="#[a9]">&gt;&gt;</a>&nbsp;&nbsp;&nbsp;xTaskRemoveFromUnorderedEventList
<LI><a href="#[a8]">&gt;&gt;</a>&nbsp;&nbsp;&nbsp;vTaskPlaceOnUnorderedEventList
<LI><a href="#[9b]">&gt;&gt;</a>&nbsp;&nbsp;&nbsp;xTaskResumeFromISR
<LI><a href="#[99]">&gt;&gt;</a>&nbsp;&nbsp;&nbsp;vTaskResume
<LI><a href="#[98]">&gt;&gt;</a>&nbsp;&nbsp;&nbsp;vTaskSuspend
<LI><a href="#[97]">&gt;&gt;</a>&nbsp;&nbsp;&nbsp;vTaskPrioritySet
<LI><a href="#[90]">&gt;&gt;</a>&nbsp;&nbsp;&nbsp;xTaskIncrementTick
<LI><a href="#[8d]">&gt;&gt;</a>&nbsp;&nbsp;&nbsp;vTaskDelete
<LI><a href="#[8a]">&gt;&gt;</a>&nbsp;&nbsp;&nbsp;xTaskGenericCreate
<LI><a href="#[6f]">&gt;&gt;</a>&nbsp;&nbsp;&nbsp;xTaskResumeAll
<LI><a href="#[5e]">&gt;&gt;</a>&nbsp;&nbsp;&nbsp;xTaskRemoveFromEventList
<LI><a href="#[68]">&gt;&gt;</a>&nbsp;&nbsp;&nbsp;xTaskPriorityDisinherit
<LI><a href="#[77]">&gt;&gt;</a>&nbsp;&nbsp;&nbsp;vTaskPriorityInherit
<LI><a href="#[6e]">&gt;&gt;</a>&nbsp;&nbsp;&nbsp;vTaskPlaceOnEventList
</UL>

<P><STRONG><a name="[92]"></a>vListInsert</STRONG> (Thumb, 52 bytes, Stack size 8 bytes, list.o(.text))
<BR><BR>[Stack]<UL><LI>Max Depth = 8<LI>Call Chain = vListInsert
</UL>
<BR>[Called By]<UL><LI><a href="#[91]">&gt;&gt;</a>&nbsp;&nbsp;&nbsp;prvAddCurrentTaskToDelayedList
<LI><a href="#[6e]">&gt;&gt;</a>&nbsp;&nbsp;&nbsp;vTaskPlaceOnEventList
</UL>

<P><STRONG><a name="[8e]"></a>uxListRemove</STRONG> (Thumb, 40 bytes, Stack size 0 bytes, list.o(.text))
<BR><BR>[Called By]<UL><LI><a href="#[af]">&gt;&gt;</a>&nbsp;&nbsp;&nbsp;vTaskNotifyGiveFromISR
<LI><a href="#[ae]">&gt;&gt;</a>&nbsp;&nbsp;&nbsp;xTaskNotifyFromISR
<LI><a href="#[ad]">&gt;&gt;</a>&nbsp;&nbsp;&nbsp;xTaskGenericNotify
<LI><a href="#[ac]">&gt;&gt;</a>&nbsp;&nbsp;&nbsp;xTaskNotifyWait
<LI><a href="#[ab]">&gt;&gt;</a>&nbsp;&nbsp;&nbsp;ulTaskNotifyTake
<LI><a href="#[a9]">&gt;&gt;</a>&nbsp;&nbsp;&nbsp;xTaskRemoveFromUnorderedEventList
<LI><a href="#[a8]">&gt;&gt;</a>&nbsp;&nbsp;&nbsp;vTaskPlaceOnUnorderedEventList
<LI><a href="#[9b]">&gt;&gt;</a>&nbsp;&nbsp;&nbsp;xTaskResumeFromISR
<LI><a href="#[99]">&gt;&gt;</a>&nbsp;&nbsp;&nbsp;vTaskResume
<LI><a href="#[98]">&gt;&gt;</a>&nbsp;&nbsp;&nbsp;vTaskSuspend
<LI><a href="#[97]">&gt;&gt;</a>&nbsp;&nbsp;&nbsp;vTaskPrioritySet
<LI><a href="#[94]">&gt;&gt;</a>&nbsp;&nbsp;&nbsp;vTaskDelay
<LI><a href="#[93]">&gt;&gt;</a>&nbsp;&nbsp;&nbsp;vTaskDelayUntil
<LI><a href="#[90]">&gt;&gt;</a>&nbsp;&nbsp;&nbsp;xTaskIncrementTick
<LI><a href="#[8d]">&gt;&gt;</a>&nbsp;&nbsp;&nbsp;vTaskDelete
<LI><a href="#[9d]">&gt;&gt;</a>&nbsp;&nbsp;&nbsp;prvCheckTasksWaitingTermination
<LI><a href="#[6f]">&gt;&gt;</a>&nbsp;&nbsp;&nbsp;xTaskResumeAll
<LI><a href="#[5e]">&gt;&gt;</a>&nbsp;&nbsp;&nbsp;xTaskRemoveFromEventList
<LI><a href="#[68]">&gt;&gt;</a>&nbsp;&nbsp;&nbsp;xTaskPriorityDisinherit
<LI><a href="#[77]">&gt;&gt;</a>&nbsp;&nbsp;&nbsp;vTaskPriorityInherit
<LI><a href="#[6e]">&gt;&gt;</a>&nbsp;&nbsp;&nbsp;vTaskPlaceOnEventList
</UL>

<P><STRONG><a name="[5c]"></a>xQueueGenericReset</STRONG> (Thumb, 110 bytes, Stack size 16 bytes, queue.o(.text), UNUSED)
<BR><BR>[Calls]<UL><LI><a href="#[5e]">&gt;&gt;</a>&nbsp;&nbsp;&nbsp;xTaskRemoveFromEventList
<LI><a href="#[5f]">&gt;&gt;</a>&nbsp;&nbsp;&nbsp;vPortYield
<LI><a href="#[61]">&gt;&gt;</a>&nbsp;&nbsp;&nbsp;vPortExitCritical
<LI><a href="#[5d]">&gt;&gt;</a>&nbsp;&nbsp;&nbsp;vPortEnterCritical
<LI><a href="#[60]">&gt;&gt;</a>&nbsp;&nbsp;&nbsp;vListInitialise
</UL>
<BR>[Called By]<UL><LI><a href="#[62]">&gt;&gt;</a>&nbsp;&nbsp;&nbsp;xQueueGenericCreate
</UL>

<P><STRONG><a name="[62]"></a>xQueueGenericCreate</STRONG> (Thumb, 78 bytes, Stack size 32 bytes, queue.o(.text), UNUSED)
<BR><BR>[Calls]<UL><LI><a href="#[63]">&gt;&gt;</a>&nbsp;&nbsp;&nbsp;pvPortMalloc
<LI><a href="#[5c]">&gt;&gt;</a>&nbsp;&nbsp;&nbsp;xQueueGenericReset
</UL>
<BR>[Called By]<UL><LI><a href="#[be]">&gt;&gt;</a>&nbsp;&nbsp;&nbsp;osCreateEvent
<LI><a href="#[79]">&gt;&gt;</a>&nbsp;&nbsp;&nbsp;xQueueCreateCountingSemaphore
</UL>

<P><STRONG><a name="[6a]"></a>xQueueGenericSend</STRONG> (Thumb, 234 bytes, Stack size 56 bytes, queue.o(.text), UNUSED)
<BR><BR>[Calls]<UL><LI><a href="#[6f]">&gt;&gt;</a>&nbsp;&nbsp;&nbsp;xTaskResumeAll
<LI><a href="#[5e]">&gt;&gt;</a>&nbsp;&nbsp;&nbsp;xTaskRemoveFromEventList
<LI><a href="#[6d]">&gt;&gt;</a>&nbsp;&nbsp;&nbsp;xTaskCheckForTimeOut
<LI><a href="#[6c]">&gt;&gt;</a>&nbsp;&nbsp;&nbsp;vTaskSuspendAll
<LI><a href="#[6b]">&gt;&gt;</a>&nbsp;&nbsp;&nbsp;vTaskSetTimeOutState
<LI><a href="#[6e]">&gt;&gt;</a>&nbsp;&nbsp;&nbsp;vTaskPlaceOnEventList
<LI><a href="#[5f]">&gt;&gt;</a>&nbsp;&nbsp;&nbsp;vPortYield
<LI><a href="#[61]">&gt;&gt;</a>&nbsp;&nbsp;&nbsp;vPortExitCritical
<LI><a href="#[5d]">&gt;&gt;</a>&nbsp;&nbsp;&nbsp;vPortEnterCritical
<LI><a href="#[67]">&gt;&gt;</a>&nbsp;&nbsp;&nbsp;prvCopyDataToQueue
<LI><a href="#[66]">&gt;&gt;</a>&nbsp;&nbsp;&nbsp;prvIsQueueFull
<LI><a href="#[64]">&gt;&gt;</a>&nbsp;&nbsp;&nbsp;prvUnlockQueue
</UL>
<BR>[Called By]<UL><LI><a href="#[cb]">&gt;&gt;</a>&nbsp;&nbsp;&nbsp;osReleaseMutex
<LI><a href="#[c7]">&gt;&gt;</a>&nbsp;&nbsp;&nbsp;osReleaseSemaphore
<LI><a href="#[c0]">&gt;&gt;</a>&nbsp;&nbsp;&nbsp;osSetEvent
<LI><a href="#[be]">&gt;&gt;</a>&nbsp;&nbsp;&nbsp;osCreateEvent
<LI><a href="#[71]">&gt;&gt;</a>&nbsp;&nbsp;&nbsp;xQueueGiveMutexRecursive
<LI><a href="#[70]">&gt;&gt;</a>&nbsp;&nbsp;&nbsp;xQueueCreateMutex
</UL>

<P><STRONG><a name="[70]"></a>xQueueCreateMutex</STRONG> (Thumb, 76 bytes, Stack size 16 bytes, queue.o(.text), UNUSED)
<BR><BR>[Calls]<UL><LI><a href="#[63]">&gt;&gt;</a>&nbsp;&nbsp;&nbsp;pvPortMalloc
<LI><a href="#[6a]">&gt;&gt;</a>&nbsp;&nbsp;&nbsp;xQueueGenericSend
<LI><a href="#[60]">&gt;&gt;</a>&nbsp;&nbsp;&nbsp;vListInitialise
</UL>
<BR>[Called By]<UL><LI><a href="#[c8]">&gt;&gt;</a>&nbsp;&nbsp;&nbsp;osCreateMutex
</UL>

<P><STRONG><a name="[71]"></a>xQueueGiveMutexRecursive</STRONG> (Thumb, 48 bytes, Stack size 16 bytes, queue.o(.text), UNUSED)
<BR><BR>[Calls]<UL><LI><a href="#[72]">&gt;&gt;</a>&nbsp;&nbsp;&nbsp;xTaskGetCurrentTaskHandle
<LI><a href="#[6a]">&gt;&gt;</a>&nbsp;&nbsp;&nbsp;xQueueGenericSend
</UL>

<P><STRONG><a name="[75]"></a>xQueueGenericReceive</STRONG> (Thumb, 284 bytes, Stack size 56 bytes, queue.o(.text), UNUSED)
<BR><BR>[Calls]<UL><LI><a href="#[6f]">&gt;&gt;</a>&nbsp;&nbsp;&nbsp;xTaskResumeAll
<LI><a href="#[5e]">&gt;&gt;</a>&nbsp;&nbsp;&nbsp;xTaskRemoveFromEventList
<LI><a href="#[6d]">&gt;&gt;</a>&nbsp;&nbsp;&nbsp;xTaskCheckForTimeOut
<LI><a href="#[6c]">&gt;&gt;</a>&nbsp;&nbsp;&nbsp;vTaskSuspendAll
<LI><a href="#[6b]">&gt;&gt;</a>&nbsp;&nbsp;&nbsp;vTaskSetTimeOutState
<LI><a href="#[77]">&gt;&gt;</a>&nbsp;&nbsp;&nbsp;vTaskPriorityInherit
<LI><a href="#[6e]">&gt;&gt;</a>&nbsp;&nbsp;&nbsp;vTaskPlaceOnEventList
<LI><a href="#[5f]">&gt;&gt;</a>&nbsp;&nbsp;&nbsp;vPortYield
<LI><a href="#[61]">&gt;&gt;</a>&nbsp;&nbsp;&nbsp;vPortExitCritical
<LI><a href="#[5d]">&gt;&gt;</a>&nbsp;&nbsp;&nbsp;vPortEnterCritical
<LI><a href="#[76]">&gt;&gt;</a>&nbsp;&nbsp;&nbsp;pvTaskIncrementMutexHeldCount
<LI><a href="#[74]">&gt;&gt;</a>&nbsp;&nbsp;&nbsp;prvCopyDataFromQueue
<LI><a href="#[73]">&gt;&gt;</a>&nbsp;&nbsp;&nbsp;prvIsQueueEmpty
<LI><a href="#[64]">&gt;&gt;</a>&nbsp;&nbsp;&nbsp;prvUnlockQueue
</UL>
<BR>[Called By]<UL><LI><a href="#[ca]">&gt;&gt;</a>&nbsp;&nbsp;&nbsp;osAcquireMutex
<LI><a href="#[c6]">&gt;&gt;</a>&nbsp;&nbsp;&nbsp;osWaitForSemaphore
<LI><a href="#[c2]">&gt;&gt;</a>&nbsp;&nbsp;&nbsp;osWaitForEvent
<LI><a href="#[c1]">&gt;&gt;</a>&nbsp;&nbsp;&nbsp;osResetEvent
<LI><a href="#[be]">&gt;&gt;</a>&nbsp;&nbsp;&nbsp;osCreateEvent
<LI><a href="#[78]">&gt;&gt;</a>&nbsp;&nbsp;&nbsp;xQueueTakeMutexRecursive
</UL>

<P><STRONG><a name="[78]"></a>xQueueTakeMutexRecursive</STRONG> (Thumb, 60 bytes, Stack size 24 bytes, queue.o(.text), UNUSED)
<BR><BR>[Calls]<UL><LI><a href="#[72]">&gt;&gt;</a>&nbsp;&nbsp;&nbsp;xTaskGetCurrentTaskHandle
<LI><a href="#[75]">&gt;&gt;</a>&nbsp;&nbsp;&nbsp;xQueueGenericReceive
</UL>

<P><STRONG><a name="[79]"></a>xQueueCreateCountingSemaphore</STRONG> (Thumb, 26 bytes, Stack size 16 bytes, queue.o(.text), UNUSED)
<BR><BR>[Calls]<UL><LI><a href="#[62]">&gt;&gt;</a>&nbsp;&nbsp;&nbsp;xQueueGenericCreate
</UL>
<BR>[Called By]<UL><LI><a href="#[c4]">&gt;&gt;</a>&nbsp;&nbsp;&nbsp;osCreateSemaphore
</UL>

<P><STRONG><a name="[7a]"></a>xQueueGenericSendFromISR</STRONG> (Thumb, 106 bytes, Stack size 32 bytes, queue.o(.text), UNUSED)
<BR><BR>[Calls]<UL><LI><a href="#[5e]">&gt;&gt;</a>&nbsp;&nbsp;&nbsp;xTaskRemoveFromEventList
<LI><a href="#[7c]">&gt;&gt;</a>&nbsp;&nbsp;&nbsp;vPortClearInterruptMask
<LI><a href="#[7b]">&gt;&gt;</a>&nbsp;&nbsp;&nbsp;ulPortSetInterruptMask
<LI><a href="#[67]">&gt;&gt;</a>&nbsp;&nbsp;&nbsp;prvCopyDataToQueue
</UL>

<P><STRONG><a name="[7d]"></a>xQueueGiveFromISR</STRONG> (Thumb, 90 bytes, Stack size 24 bytes, queue.o(.text), UNUSED)
<BR><BR>[Calls]<UL><LI><a href="#[5e]">&gt;&gt;</a>&nbsp;&nbsp;&nbsp;xTaskRemoveFromEventList
<LI><a href="#[7c]">&gt;&gt;</a>&nbsp;&nbsp;&nbsp;vPortClearInterruptMask
<LI><a href="#[7b]">&gt;&gt;</a>&nbsp;&nbsp;&nbsp;ulPortSetInterruptMask
</UL>
<BR>[Called By]<UL><LI><a href="#[c3]">&gt;&gt;</a>&nbsp;&nbsp;&nbsp;osSetEventFromIsr
</UL>

<P><STRONG><a name="[7e]"></a>xQueueReceiveFromISR</STRONG> (Thumb, 96 bytes, Stack size 32 bytes, queue.o(.text), UNUSED)
<BR><BR>[Calls]<UL><LI><a href="#[5e]">&gt;&gt;</a>&nbsp;&nbsp;&nbsp;xTaskRemoveFromEventList
<LI><a href="#[7c]">&gt;&gt;</a>&nbsp;&nbsp;&nbsp;vPortClearInterruptMask
<LI><a href="#[7b]">&gt;&gt;</a>&nbsp;&nbsp;&nbsp;ulPortSetInterruptMask
<LI><a href="#[74]">&gt;&gt;</a>&nbsp;&nbsp;&nbsp;prvCopyDataFromQueue
</UL>

<P><STRONG><a name="[7f]"></a>xQueuePeekFromISR</STRONG> (Thumb, 50 bytes, Stack size 32 bytes, queue.o(.text), UNUSED)
<BR><BR>[Calls]<UL><LI><a href="#[7c]">&gt;&gt;</a>&nbsp;&nbsp;&nbsp;vPortClearInterruptMask
<LI><a href="#[7b]">&gt;&gt;</a>&nbsp;&nbsp;&nbsp;ulPortSetInterruptMask
<LI><a href="#[74]">&gt;&gt;</a>&nbsp;&nbsp;&nbsp;prvCopyDataFromQueue
</UL>

<P><STRONG><a name="[80]"></a>uxQueueMessagesWaiting</STRONG> (Thumb, 18 bytes, Stack size 16 bytes, queue.o(.text), UNUSED)
<BR><BR>[Calls]<UL><LI><a href="#[61]">&gt;&gt;</a>&nbsp;&nbsp;&nbsp;vPortExitCritical
<LI><a href="#[5d]">&gt;&gt;</a>&nbsp;&nbsp;&nbsp;vPortEnterCritical
</UL>

<P><STRONG><a name="[81]"></a>uxQueueSpacesAvailable</STRONG> (Thumb, 24 bytes, Stack size 16 bytes, queue.o(.text), UNUSED)
<BR><BR>[Calls]<UL><LI><a href="#[61]">&gt;&gt;</a>&nbsp;&nbsp;&nbsp;vPortExitCritical
<LI><a href="#[5d]">&gt;&gt;</a>&nbsp;&nbsp;&nbsp;vPortEnterCritical
</UL>

<P><STRONG><a name="[13b]"></a>uxQueueMessagesWaitingFromISR</STRONG> (Thumb, 6 bytes, Stack size 0 bytes, queue.o(.text), UNUSED)

<P><STRONG><a name="[83]"></a>vQueueUnregisterQueue</STRONG> (Thumb, 38 bytes, Stack size 0 bytes, queue.o(.text), UNUSED)
<BR><BR>[Called By]<UL><LI><a href="#[82]">&gt;&gt;</a>&nbsp;&nbsp;&nbsp;vQueueDelete
</UL>

<P><STRONG><a name="[82]"></a>vQueueDelete</STRONG> (Thumb, 20 bytes, Stack size 16 bytes, queue.o(.text), UNUSED)
<BR><BR>[Calls]<UL><LI><a href="#[84]">&gt;&gt;</a>&nbsp;&nbsp;&nbsp;vPortFree
<LI><a href="#[83]">&gt;&gt;</a>&nbsp;&nbsp;&nbsp;vQueueUnregisterQueue
</UL>
<BR>[Called By]<UL><LI><a href="#[c9]">&gt;&gt;</a>&nbsp;&nbsp;&nbsp;osDeleteMutex
<LI><a href="#[c5]">&gt;&gt;</a>&nbsp;&nbsp;&nbsp;osDeleteSemaphore
<LI><a href="#[bf]">&gt;&gt;</a>&nbsp;&nbsp;&nbsp;osDeleteEvent
</UL>

<P><STRONG><a name="[13c]"></a>uxQueueGetQueueNumber</STRONG> (Thumb, 6 bytes, Stack size 0 bytes, queue.o(.text), UNUSED)

<P><STRONG><a name="[13d]"></a>vQueueSetQueueNumber</STRONG> (Thumb, 4 bytes, Stack size 0 bytes, queue.o(.text), UNUSED)

<P><STRONG><a name="[13e]"></a>ucQueueGetQueueType</STRONG> (Thumb, 8 bytes, Stack size 0 bytes, queue.o(.text), UNUSED)

<P><STRONG><a name="[13f]"></a>xQueueIsQueueEmptyFromISR</STRONG> (Thumb, 14 bytes, Stack size 0 bytes, queue.o(.text), UNUSED)

<P><STRONG><a name="[140]"></a>xQueueIsQueueFullFromISR</STRONG> (Thumb, 18 bytes, Stack size 0 bytes, queue.o(.text), UNUSED)

<P><STRONG><a name="[141]"></a>vQueueAddToRegistry</STRONG> (Thumb, 38 bytes, Stack size 0 bytes, queue.o(.text), UNUSED)

<P><STRONG><a name="[8a]"></a>xTaskGenericCreate</STRONG> (Thumb, 232 bytes, Stack size 56 bytes, tasks.o(.text))
<BR><BR>[Stack]<UL><LI>Max Depth = 144 + Unknown Stack Size
<LI>Call Chain = xTaskGenericCreate &rArr; prvAllocateTCBAndStack &rArr; pvPortMalloc &rArr; malloc &rArr; __Heap_Full &rArr; __Heap_ProvideMemory &rArr; free
</UL>
<BR>[Calls]<UL><LI><a href="#[8b]">&gt;&gt;</a>&nbsp;&nbsp;&nbsp;pxPortInitialiseStack
<LI><a href="#[88]">&gt;&gt;</a>&nbsp;&nbsp;&nbsp;prvAllocateTCBAndStack
<LI><a href="#[86]">&gt;&gt;</a>&nbsp;&nbsp;&nbsp;prvInitialiseTCBVariables
<LI><a href="#[85]">&gt;&gt;</a>&nbsp;&nbsp;&nbsp;prvInitialiseTaskLists
<LI><a href="#[5f]">&gt;&gt;</a>&nbsp;&nbsp;&nbsp;vPortYield
<LI><a href="#[61]">&gt;&gt;</a>&nbsp;&nbsp;&nbsp;vPortExitCritical
<LI><a href="#[5d]">&gt;&gt;</a>&nbsp;&nbsp;&nbsp;vPortEnterCritical
<LI><a href="#[8c]">&gt;&gt;</a>&nbsp;&nbsp;&nbsp;vListInsertEnd
</UL>
<BR>[Called By]<UL><LI><a href="#[b7]">&gt;&gt;</a>&nbsp;&nbsp;&nbsp;osCreateTask
<LI><a href="#[a1]">&gt;&gt;</a>&nbsp;&nbsp;&nbsp;vTaskStartScheduler
<LI><a href="#[55]">&gt;&gt;</a>&nbsp;&nbsp;&nbsp;main
</UL>

<P><STRONG><a name="[8d]"></a>vTaskDelete</STRONG> (Thumb, 138 bytes, Stack size 16 bytes, tasks.o(.text), UNUSED)
<BR><BR>[Calls]<UL><LI><a href="#[8f]">&gt;&gt;</a>&nbsp;&nbsp;&nbsp;prvResetNextTaskUnblockTime
<LI><a href="#[5f]">&gt;&gt;</a>&nbsp;&nbsp;&nbsp;vPortYield
<LI><a href="#[61]">&gt;&gt;</a>&nbsp;&nbsp;&nbsp;vPortExitCritical
<LI><a href="#[5d]">&gt;&gt;</a>&nbsp;&nbsp;&nbsp;vPortEnterCritical
<LI><a href="#[8e]">&gt;&gt;</a>&nbsp;&nbsp;&nbsp;uxListRemove
<LI><a href="#[8c]">&gt;&gt;</a>&nbsp;&nbsp;&nbsp;vListInsertEnd
</UL>
<BR>[Called By]<UL><LI><a href="#[b8]">&gt;&gt;</a>&nbsp;&nbsp;&nbsp;osDeleteTask
</UL>

<P><STRONG><a name="[90]"></a>xTaskIncrementTick</STRONG> (Thumb, 248 bytes, Stack size 24 bytes, tasks.o(.text))
<BR><BR>[Stack]<UL><LI>Max Depth = 24<LI>Call Chain = xTaskIncrementTick
</UL>
<BR>[Calls]<UL><LI><a href="#[8f]">&gt;&gt;</a>&nbsp;&nbsp;&nbsp;prvResetNextTaskUnblockTime
<LI><a href="#[8e]">&gt;&gt;</a>&nbsp;&nbsp;&nbsp;uxListRemove
<LI><a href="#[8c]">&gt;&gt;</a>&nbsp;&nbsp;&nbsp;vListInsertEnd
</UL>
<BR>[Called By]<UL><LI><a href="#[e]">&gt;&gt;</a>&nbsp;&nbsp;&nbsp;SysTick_Handler
<LI><a href="#[6f]">&gt;&gt;</a>&nbsp;&nbsp;&nbsp;xTaskResumeAll
</UL>

<P><STRONG><a name="[6f]"></a>xTaskResumeAll</STRONG> (Thumb, 268 bytes, Stack size 16 bytes, tasks.o(.text))
<BR><BR>[Stack]<UL><LI>Max Depth = 40<LI>Call Chain = xTaskResumeAll &rArr; xTaskIncrementTick
</UL>
<BR>[Calls]<UL><LI><a href="#[90]">&gt;&gt;</a>&nbsp;&nbsp;&nbsp;xTaskIncrementTick
<LI><a href="#[5f]">&gt;&gt;</a>&nbsp;&nbsp;&nbsp;vPortYield
<LI><a href="#[61]">&gt;&gt;</a>&nbsp;&nbsp;&nbsp;vPortExitCritical
<LI><a href="#[5d]">&gt;&gt;</a>&nbsp;&nbsp;&nbsp;vPortEnterCritical
<LI><a href="#[8e]">&gt;&gt;</a>&nbsp;&nbsp;&nbsp;uxListRemove
<LI><a href="#[8c]">&gt;&gt;</a>&nbsp;&nbsp;&nbsp;vListInsertEnd
</UL>
<BR>[Called By]<UL><LI><a href="#[bd]">&gt;&gt;</a>&nbsp;&nbsp;&nbsp;osResumeAllTasks
<LI><a href="#[a7]">&gt;&gt;</a>&nbsp;&nbsp;&nbsp;uxTaskGetSystemState
<LI><a href="#[94]">&gt;&gt;</a>&nbsp;&nbsp;&nbsp;vTaskDelay
<LI><a href="#[93]">&gt;&gt;</a>&nbsp;&nbsp;&nbsp;vTaskDelayUntil
<LI><a href="#[3e]">&gt;&gt;</a>&nbsp;&nbsp;&nbsp;prvIdleTask
<LI><a href="#[9d]">&gt;&gt;</a>&nbsp;&nbsp;&nbsp;prvCheckTasksWaitingTermination
<LI><a href="#[84]">&gt;&gt;</a>&nbsp;&nbsp;&nbsp;vPortFree
<LI><a href="#[63]">&gt;&gt;</a>&nbsp;&nbsp;&nbsp;pvPortMalloc
<LI><a href="#[75]">&gt;&gt;</a>&nbsp;&nbsp;&nbsp;xQueueGenericReceive
<LI><a href="#[6a]">&gt;&gt;</a>&nbsp;&nbsp;&nbsp;xQueueGenericSend
</UL>

<P><STRONG><a name="[6c]"></a>vTaskSuspendAll</STRONG> (Thumb, 12 bytes, Stack size 0 bytes, tasks.o(.text))
<BR><BR>[Called By]<UL><LI><a href="#[bb]">&gt;&gt;</a>&nbsp;&nbsp;&nbsp;osSuspendAllTasks
<LI><a href="#[a7]">&gt;&gt;</a>&nbsp;&nbsp;&nbsp;uxTaskGetSystemState
<LI><a href="#[94]">&gt;&gt;</a>&nbsp;&nbsp;&nbsp;vTaskDelay
<LI><a href="#[93]">&gt;&gt;</a>&nbsp;&nbsp;&nbsp;vTaskDelayUntil
<LI><a href="#[3e]">&gt;&gt;</a>&nbsp;&nbsp;&nbsp;prvIdleTask
<LI><a href="#[9d]">&gt;&gt;</a>&nbsp;&nbsp;&nbsp;prvCheckTasksWaitingTermination
<LI><a href="#[84]">&gt;&gt;</a>&nbsp;&nbsp;&nbsp;vPortFree
<LI><a href="#[63]">&gt;&gt;</a>&nbsp;&nbsp;&nbsp;pvPortMalloc
<LI><a href="#[75]">&gt;&gt;</a>&nbsp;&nbsp;&nbsp;xQueueGenericReceive
<LI><a href="#[6a]">&gt;&gt;</a>&nbsp;&nbsp;&nbsp;xQueueGenericSend
</UL>

<P><STRONG><a name="[93]"></a>vTaskDelayUntil</STRONG> (Thumb, 126 bytes, Stack size 32 bytes, tasks.o(.text), UNUSED)
<BR><BR>[Calls]<UL><LI><a href="#[91]">&gt;&gt;</a>&nbsp;&nbsp;&nbsp;prvAddCurrentTaskToDelayedList
<LI><a href="#[6f]">&gt;&gt;</a>&nbsp;&nbsp;&nbsp;xTaskResumeAll
<LI><a href="#[6c]">&gt;&gt;</a>&nbsp;&nbsp;&nbsp;vTaskSuspendAll
<LI><a href="#[5f]">&gt;&gt;</a>&nbsp;&nbsp;&nbsp;vPortYield
<LI><a href="#[8e]">&gt;&gt;</a>&nbsp;&nbsp;&nbsp;uxListRemove
</UL>

<P><STRONG><a name="[94]"></a>vTaskDelay</STRONG> (Thumb, 72 bytes, Stack size 16 bytes, tasks.o(.text))
<BR><BR>[Stack]<UL><LI>Max Depth = 56<LI>Call Chain = vTaskDelay &rArr; xTaskResumeAll &rArr; xTaskIncrementTick
</UL>
<BR>[Calls]<UL><LI><a href="#[91]">&gt;&gt;</a>&nbsp;&nbsp;&nbsp;prvAddCurrentTaskToDelayedList
<LI><a href="#[6f]">&gt;&gt;</a>&nbsp;&nbsp;&nbsp;xTaskResumeAll
<LI><a href="#[6c]">&gt;&gt;</a>&nbsp;&nbsp;&nbsp;vTaskSuspendAll
<LI><a href="#[5f]">&gt;&gt;</a>&nbsp;&nbsp;&nbsp;vPortYield
<LI><a href="#[8e]">&gt;&gt;</a>&nbsp;&nbsp;&nbsp;uxListRemove
</UL>
<BR>[Called By]<UL><LI><a href="#[44]">&gt;&gt;</a>&nbsp;&nbsp;&nbsp;vUARTTask
<LI><a href="#[43]">&gt;&gt;</a>&nbsp;&nbsp;&nbsp;vLEDTask2
<LI><a href="#[42]">&gt;&gt;</a>&nbsp;&nbsp;&nbsp;vLEDTask1
<LI><a href="#[b9]">&gt;&gt;</a>&nbsp;&nbsp;&nbsp;osDelayTask
</UL>

<P><STRONG><a name="[95]"></a>uxTaskPriorityGet</STRONG> (Thumb, 30 bytes, Stack size 16 bytes, tasks.o(.text), UNUSED)
<BR><BR>[Calls]<UL><LI><a href="#[61]">&gt;&gt;</a>&nbsp;&nbsp;&nbsp;vPortExitCritical
<LI><a href="#[5d]">&gt;&gt;</a>&nbsp;&nbsp;&nbsp;vPortEnterCritical
</UL>

<P><STRONG><a name="[96]"></a>uxTaskPriorityGetFromISR</STRONG> (Thumb, 38 bytes, Stack size 24 bytes, tasks.o(.text), UNUSED)
<BR><BR>[Calls]<UL><LI><a href="#[7c]">&gt;&gt;</a>&nbsp;&nbsp;&nbsp;vPortClearInterruptMask
<LI><a href="#[7b]">&gt;&gt;</a>&nbsp;&nbsp;&nbsp;ulPortSetInterruptMask
</UL>

<P><STRONG><a name="[97]"></a>vTaskPrioritySet</STRONG> (Thumb, 214 bytes, Stack size 32 bytes, tasks.o(.text), UNUSED)
<BR><BR>[Calls]<UL><LI><a href="#[5f]">&gt;&gt;</a>&nbsp;&nbsp;&nbsp;vPortYield
<LI><a href="#[61]">&gt;&gt;</a>&nbsp;&nbsp;&nbsp;vPortExitCritical
<LI><a href="#[5d]">&gt;&gt;</a>&nbsp;&nbsp;&nbsp;vPortEnterCritical
<LI><a href="#[8e]">&gt;&gt;</a>&nbsp;&nbsp;&nbsp;uxListRemove
<LI><a href="#[8c]">&gt;&gt;</a>&nbsp;&nbsp;&nbsp;vListInsertEnd
</UL>

<P><STRONG><a name="[5b]"></a>vTaskSwitchContext</STRONG> (Thumb, 76 bytes, Stack size 0 bytes, tasks.o(.text))
<BR><BR>[Called By]<UL><LI><a href="#[d]">&gt;&gt;</a>&nbsp;&nbsp;&nbsp;PendSV_Handler
<LI><a href="#[98]">&gt;&gt;</a>&nbsp;&nbsp;&nbsp;vTaskSuspend
</UL>

<P><STRONG><a name="[98]"></a>vTaskSuspend</STRONG> (Thumb, 150 bytes, Stack size 16 bytes, tasks.o(.text), UNUSED)
<BR><BR>[Calls]<UL><LI><a href="#[5b]">&gt;&gt;</a>&nbsp;&nbsp;&nbsp;vTaskSwitchContext
<LI><a href="#[8f]">&gt;&gt;</a>&nbsp;&nbsp;&nbsp;prvResetNextTaskUnblockTime
<LI><a href="#[5f]">&gt;&gt;</a>&nbsp;&nbsp;&nbsp;vPortYield
<LI><a href="#[61]">&gt;&gt;</a>&nbsp;&nbsp;&nbsp;vPortExitCritical
<LI><a href="#[5d]">&gt;&gt;</a>&nbsp;&nbsp;&nbsp;vPortEnterCritical
<LI><a href="#[8e]">&gt;&gt;</a>&nbsp;&nbsp;&nbsp;uxListRemove
<LI><a href="#[8c]">&gt;&gt;</a>&nbsp;&nbsp;&nbsp;vListInsertEnd
</UL>

<P><STRONG><a name="[99]"></a>vTaskResume</STRONG> (Thumb, 150 bytes, Stack size 16 bytes, tasks.o(.text), UNUSED)
<BR><BR>[Calls]<UL><LI><a href="#[9a]">&gt;&gt;</a>&nbsp;&nbsp;&nbsp;prvTaskIsTaskSuspended
<LI><a href="#[5f]">&gt;&gt;</a>&nbsp;&nbsp;&nbsp;vPortYield
<LI><a href="#[61]">&gt;&gt;</a>&nbsp;&nbsp;&nbsp;vPortExitCritical
<LI><a href="#[5d]">&gt;&gt;</a>&nbsp;&nbsp;&nbsp;vPortEnterCritical
<LI><a href="#[8e]">&gt;&gt;</a>&nbsp;&nbsp;&nbsp;uxListRemove
<LI><a href="#[8c]">&gt;&gt;</a>&nbsp;&nbsp;&nbsp;vListInsertEnd
</UL>

<P><STRONG><a name="[9b]"></a>xTaskResumeFromISR</STRONG> (Thumb, 112 bytes, Stack size 24 bytes, tasks.o(.text), UNUSED)
<BR><BR>[Calls]<UL><LI><a href="#[9a]">&gt;&gt;</a>&nbsp;&nbsp;&nbsp;prvTaskIsTaskSuspended
<LI><a href="#[7c]">&gt;&gt;</a>&nbsp;&nbsp;&nbsp;vPortClearInterruptMask
<LI><a href="#[7b]">&gt;&gt;</a>&nbsp;&nbsp;&nbsp;ulPortSetInterruptMask
<LI><a href="#[8e]">&gt;&gt;</a>&nbsp;&nbsp;&nbsp;uxListRemove
<LI><a href="#[8c]">&gt;&gt;</a>&nbsp;&nbsp;&nbsp;vListInsertEnd
</UL>

<P><STRONG><a name="[a1]"></a>vTaskStartScheduler</STRONG> (Thumb, 52 bytes, Stack size 24 bytes, tasks.o(.text))
<BR><BR>[Stack]<UL><LI>Max Depth = 168 + Unknown Stack Size
<LI>Call Chain = vTaskStartScheduler &rArr; xTaskGenericCreate &rArr; prvAllocateTCBAndStack &rArr; pvPortMalloc &rArr; malloc &rArr; __Heap_Full &rArr; __Heap_ProvideMemory &rArr; free
</UL>
<BR>[Calls]<UL><LI><a href="#[a2]">&gt;&gt;</a>&nbsp;&nbsp;&nbsp;xPortStartScheduler
<LI><a href="#[8a]">&gt;&gt;</a>&nbsp;&nbsp;&nbsp;xTaskGenericCreate
<LI><a href="#[7b]">&gt;&gt;</a>&nbsp;&nbsp;&nbsp;ulPortSetInterruptMask
</UL>
<BR>[Called By]<UL><LI><a href="#[b6]">&gt;&gt;</a>&nbsp;&nbsp;&nbsp;osStartKernel
</UL>

<P><STRONG><a name="[a3]"></a>vTaskEndScheduler</STRONG> (Thumb, 18 bytes, Stack size 8 bytes, tasks.o(.text), UNUSED)
<BR><BR>[Calls]<UL><LI><a href="#[a4]">&gt;&gt;</a>&nbsp;&nbsp;&nbsp;vPortEndScheduler
<LI><a href="#[7b]">&gt;&gt;</a>&nbsp;&nbsp;&nbsp;ulPortSetInterruptMask
</UL>

<P><STRONG><a name="[cd]"></a>xTaskGetTickCount</STRONG> (Thumb, 6 bytes, Stack size 0 bytes, tasks.o(.text), UNUSED)
<BR><BR>[Called By]<UL><LI><a href="#[cc]">&gt;&gt;</a>&nbsp;&nbsp;&nbsp;osGetSystemTime
</UL>

<P><STRONG><a name="[142]"></a>xTaskGetTickCountFromISR</STRONG> (Thumb, 8 bytes, Stack size 0 bytes, tasks.o(.text), UNUSED)

<P><STRONG><a name="[143]"></a>uxTaskGetNumberOfTasks</STRONG> (Thumb, 6 bytes, Stack size 0 bytes, tasks.o(.text), UNUSED)

<P><STRONG><a name="[a7]"></a>uxTaskGetSystemState</STRONG> (Thumb, 132 bytes, Stack size 24 bytes, tasks.o(.text), UNUSED)
<BR><BR>[Calls]<UL><LI><a href="#[a5]">&gt;&gt;</a>&nbsp;&nbsp;&nbsp;prvListTaskWithinSingleList
<LI><a href="#[6f]">&gt;&gt;</a>&nbsp;&nbsp;&nbsp;xTaskResumeAll
<LI><a href="#[6c]">&gt;&gt;</a>&nbsp;&nbsp;&nbsp;vTaskSuspendAll
</UL>

<P><STRONG><a name="[b3]"></a>vTaskStepTick</STRONG> (Thumb, 12 bytes, Stack size 0 bytes, tasks.o(.text))
<BR><BR>[Called By]<UL><LI><a href="#[a0]">&gt;&gt;</a>&nbsp;&nbsp;&nbsp;vPortSuppressTicksAndSleep
</UL>

<P><STRONG><a name="[6e]"></a>vTaskPlaceOnEventList</STRONG> (Thumb, 84 bytes, Stack size 16 bytes, tasks.o(.text), UNUSED)
<BR><BR>[Calls]<UL><LI><a href="#[91]">&gt;&gt;</a>&nbsp;&nbsp;&nbsp;prvAddCurrentTaskToDelayedList
<LI><a href="#[8e]">&gt;&gt;</a>&nbsp;&nbsp;&nbsp;uxListRemove
<LI><a href="#[92]">&gt;&gt;</a>&nbsp;&nbsp;&nbsp;vListInsert
<LI><a href="#[8c]">&gt;&gt;</a>&nbsp;&nbsp;&nbsp;vListInsertEnd
</UL>
<BR>[Called By]<UL><LI><a href="#[75]">&gt;&gt;</a>&nbsp;&nbsp;&nbsp;xQueueGenericReceive
<LI><a href="#[6a]">&gt;&gt;</a>&nbsp;&nbsp;&nbsp;xQueueGenericSend
</UL>

<P><STRONG><a name="[a8]"></a>vTaskPlaceOnUnorderedEventList</STRONG> (Thumb, 100 bytes, Stack size 24 bytes, tasks.o(.text), UNUSED)
<BR><BR>[Calls]<UL><LI><a href="#[91]">&gt;&gt;</a>&nbsp;&nbsp;&nbsp;prvAddCurrentTaskToDelayedList
<LI><a href="#[8e]">&gt;&gt;</a>&nbsp;&nbsp;&nbsp;uxListRemove
<LI><a href="#[8c]">&gt;&gt;</a>&nbsp;&nbsp;&nbsp;vListInsertEnd
</UL>

<P><STRONG><a name="[5e]"></a>xTaskRemoveFromEventList</STRONG> (Thumb, 180 bytes, Stack size 16 bytes, tasks.o(.text), UNUSED)
<BR><BR>[Calls]<UL><LI><a href="#[8f]">&gt;&gt;</a>&nbsp;&nbsp;&nbsp;prvResetNextTaskUnblockTime
<LI><a href="#[8e]">&gt;&gt;</a>&nbsp;&nbsp;&nbsp;uxListRemove
<LI><a href="#[8c]">&gt;&gt;</a>&nbsp;&nbsp;&nbsp;vListInsertEnd
</UL>
<BR>[Called By]<UL><LI><a href="#[7e]">&gt;&gt;</a>&nbsp;&nbsp;&nbsp;xQueueReceiveFromISR
<LI><a href="#[7d]">&gt;&gt;</a>&nbsp;&nbsp;&nbsp;xQueueGiveFromISR
<LI><a href="#[7a]">&gt;&gt;</a>&nbsp;&nbsp;&nbsp;xQueueGenericSendFromISR
<LI><a href="#[75]">&gt;&gt;</a>&nbsp;&nbsp;&nbsp;xQueueGenericReceive
<LI><a href="#[6a]">&gt;&gt;</a>&nbsp;&nbsp;&nbsp;xQueueGenericSend
<LI><a href="#[5c]">&gt;&gt;</a>&nbsp;&nbsp;&nbsp;xQueueGenericReset
<LI><a href="#[64]">&gt;&gt;</a>&nbsp;&nbsp;&nbsp;prvUnlockQueue
</UL>

<P><STRONG><a name="[a9]"></a>xTaskRemoveFromUnorderedEventList</STRONG> (Thumb, 94 bytes, Stack size 24 bytes, tasks.o(.text), UNUSED)
<BR><BR>[Calls]<UL><LI><a href="#[8e]">&gt;&gt;</a>&nbsp;&nbsp;&nbsp;uxListRemove
<LI><a href="#[8c]">&gt;&gt;</a>&nbsp;&nbsp;&nbsp;vListInsertEnd
</UL>

<P><STRONG><a name="[6b]"></a>vTaskSetTimeOutState</STRONG> (Thumb, 14 bytes, Stack size 0 bytes, tasks.o(.text), UNUSED)
<BR><BR>[Called By]<UL><LI><a href="#[6d]">&gt;&gt;</a>&nbsp;&nbsp;&nbsp;xTaskCheckForTimeOut
<LI><a href="#[75]">&gt;&gt;</a>&nbsp;&nbsp;&nbsp;xQueueGenericReceive
<LI><a href="#[6a]">&gt;&gt;</a>&nbsp;&nbsp;&nbsp;xQueueGenericSend
</UL>

<P><STRONG><a name="[6d]"></a>xTaskCheckForTimeOut</STRONG> (Thumb, 84 bytes, Stack size 16 bytes, tasks.o(.text), UNUSED)
<BR><BR>[Calls]<UL><LI><a href="#[6b]">&gt;&gt;</a>&nbsp;&nbsp;&nbsp;vTaskSetTimeOutState
<LI><a href="#[61]">&gt;&gt;</a>&nbsp;&nbsp;&nbsp;vPortExitCritical
<LI><a href="#[5d]">&gt;&gt;</a>&nbsp;&nbsp;&nbsp;vPortEnterCritical
</UL>
<BR>[Called By]<UL><LI><a href="#[75]">&gt;&gt;</a>&nbsp;&nbsp;&nbsp;xQueueGenericReceive
<LI><a href="#[6a]">&gt;&gt;</a>&nbsp;&nbsp;&nbsp;xQueueGenericSend
</UL>

<P><STRONG><a name="[65]"></a>vTaskMissedYield</STRONG> (Thumb, 8 bytes, Stack size 0 bytes, tasks.o(.text), UNUSED)
<BR><BR>[Called By]<UL><LI><a href="#[64]">&gt;&gt;</a>&nbsp;&nbsp;&nbsp;prvUnlockQueue
</UL>

<P><STRONG><a name="[144]"></a>uxTaskGetTaskNumber</STRONG> (Thumb, 14 bytes, Stack size 0 bytes, tasks.o(.text), UNUSED)

<P><STRONG><a name="[145]"></a>vTaskSetTaskNumber</STRONG> (Thumb, 8 bytes, Stack size 0 bytes, tasks.o(.text), UNUSED)

<P><STRONG><a name="[b2]"></a>eTaskConfirmSleepModeStatus</STRONG> (Thumb, 44 bytes, Stack size 0 bytes, tasks.o(.text))
<BR><BR>[Called By]<UL><LI><a href="#[a0]">&gt;&gt;</a>&nbsp;&nbsp;&nbsp;vPortSuppressTicksAndSleep
</UL>

<P><STRONG><a name="[aa]"></a>uxTaskGetStackHighWaterMark</STRONG> (Thumb, 34 bytes, Stack size 24 bytes, tasks.o(.text), UNUSED)
<BR><BR>[Calls]<UL><LI><a href="#[a6]">&gt;&gt;</a>&nbsp;&nbsp;&nbsp;prvTaskCheckFreeStackSpace
</UL>

<P><STRONG><a name="[72]"></a>xTaskGetCurrentTaskHandle</STRONG> (Thumb, 6 bytes, Stack size 0 bytes, tasks.o(.text), UNUSED)
<BR><BR>[Called By]<UL><LI><a href="#[78]">&gt;&gt;</a>&nbsp;&nbsp;&nbsp;xQueueTakeMutexRecursive
<LI><a href="#[71]">&gt;&gt;</a>&nbsp;&nbsp;&nbsp;xQueueGiveMutexRecursive
</UL>

<P><STRONG><a name="[bc]"></a>xTaskGetSchedulerState</STRONG> (Thumb, 24 bytes, Stack size 0 bytes, tasks.o(.text), UNUSED)
<BR><BR>[Called By]<UL><LI><a href="#[bd]">&gt;&gt;</a>&nbsp;&nbsp;&nbsp;osResumeAllTasks
<LI><a href="#[bb]">&gt;&gt;</a>&nbsp;&nbsp;&nbsp;osSuspendAllTasks
</UL>

<P><STRONG><a name="[77]"></a>vTaskPriorityInherit</STRONG> (Thumb, 164 bytes, Stack size 16 bytes, tasks.o(.text), UNUSED)
<BR><BR>[Calls]<UL><LI><a href="#[8e]">&gt;&gt;</a>&nbsp;&nbsp;&nbsp;uxListRemove
<LI><a href="#[8c]">&gt;&gt;</a>&nbsp;&nbsp;&nbsp;vListInsertEnd
</UL>
<BR>[Called By]<UL><LI><a href="#[75]">&gt;&gt;</a>&nbsp;&nbsp;&nbsp;xQueueGenericReceive
</UL>

<P><STRONG><a name="[68]"></a>xTaskPriorityDisinherit</STRONG> (Thumb, 122 bytes, Stack size 16 bytes, tasks.o(.text), UNUSED)
<BR><BR>[Calls]<UL><LI><a href="#[8e]">&gt;&gt;</a>&nbsp;&nbsp;&nbsp;uxListRemove
<LI><a href="#[8c]">&gt;&gt;</a>&nbsp;&nbsp;&nbsp;vListInsertEnd
</UL>
<BR>[Called By]<UL><LI><a href="#[67]">&gt;&gt;</a>&nbsp;&nbsp;&nbsp;prvCopyDataToQueue
</UL>

<P><STRONG><a name="[146]"></a>uxTaskResetEventItemValue</STRONG> (Thumb, 24 bytes, Stack size 0 bytes, tasks.o(.text), UNUSED)

<P><STRONG><a name="[76]"></a>pvTaskIncrementMutexHeldCount</STRONG> (Thumb, 26 bytes, Stack size 0 bytes, tasks.o(.text), UNUSED)
<BR><BR>[Called By]<UL><LI><a href="#[75]">&gt;&gt;</a>&nbsp;&nbsp;&nbsp;xQueueGenericReceive
</UL>

<P><STRONG><a name="[ab]"></a>ulTaskNotifyTake</STRONG> (Thumb, 162 bytes, Stack size 24 bytes, tasks.o(.text), UNUSED)
<BR><BR>[Calls]<UL><LI><a href="#[91]">&gt;&gt;</a>&nbsp;&nbsp;&nbsp;prvAddCurrentTaskToDelayedList
<LI><a href="#[5f]">&gt;&gt;</a>&nbsp;&nbsp;&nbsp;vPortYield
<LI><a href="#[61]">&gt;&gt;</a>&nbsp;&nbsp;&nbsp;vPortExitCritical
<LI><a href="#[5d]">&gt;&gt;</a>&nbsp;&nbsp;&nbsp;vPortEnterCritical
<LI><a href="#[8e]">&gt;&gt;</a>&nbsp;&nbsp;&nbsp;uxListRemove
<LI><a href="#[8c]">&gt;&gt;</a>&nbsp;&nbsp;&nbsp;vListInsertEnd
</UL>

<P><STRONG><a name="[ac]"></a>xTaskNotifyWait</STRONG> (Thumb, 242 bytes, Stack size 32 bytes, tasks.o(.text), UNUSED)
<BR><BR>[Calls]<UL><LI><a href="#[91]">&gt;&gt;</a>&nbsp;&nbsp;&nbsp;prvAddCurrentTaskToDelayedList
<LI><a href="#[5f]">&gt;&gt;</a>&nbsp;&nbsp;&nbsp;vPortYield
<LI><a href="#[61]">&gt;&gt;</a>&nbsp;&nbsp;&nbsp;vPortExitCritical
<LI><a href="#[5d]">&gt;&gt;</a>&nbsp;&nbsp;&nbsp;vPortEnterCritical
<LI><a href="#[8e]">&gt;&gt;</a>&nbsp;&nbsp;&nbsp;uxListRemove
<LI><a href="#[8c]">&gt;&gt;</a>&nbsp;&nbsp;&nbsp;vListInsertEnd
</UL>

<P><STRONG><a name="[ad]"></a>xTaskGenericNotify</STRONG> (Thumb, 166 bytes, Stack size 32 bytes, tasks.o(.text), UNUSED)
<BR><BR>[Calls]<UL><LI><a href="#[5f]">&gt;&gt;</a>&nbsp;&nbsp;&nbsp;vPortYield
<LI><a href="#[61]">&gt;&gt;</a>&nbsp;&nbsp;&nbsp;vPortExitCritical
<LI><a href="#[5d]">&gt;&gt;</a>&nbsp;&nbsp;&nbsp;vPortEnterCritical
<LI><a href="#[8e]">&gt;&gt;</a>&nbsp;&nbsp;&nbsp;uxListRemove
<LI><a href="#[8c]">&gt;&gt;</a>&nbsp;&nbsp;&nbsp;vListInsertEnd
</UL>

<P><STRONG><a name="[ae]"></a>xTaskNotifyFromISR</STRONG> (Thumb, 190 bytes, Stack size 40 bytes, tasks.o(.text), UNUSED)
<BR><BR>[Calls]<UL><LI><a href="#[7c]">&gt;&gt;</a>&nbsp;&nbsp;&nbsp;vPortClearInterruptMask
<LI><a href="#[7b]">&gt;&gt;</a>&nbsp;&nbsp;&nbsp;ulPortSetInterruptMask
<LI><a href="#[8e]">&gt;&gt;</a>&nbsp;&nbsp;&nbsp;uxListRemove
<LI><a href="#[8c]">&gt;&gt;</a>&nbsp;&nbsp;&nbsp;vListInsertEnd
</UL>

<P><STRONG><a name="[af]"></a>vTaskNotifyGiveFromISR</STRONG> (Thumb, 124 bytes, Stack size 24 bytes, tasks.o(.text), UNUSED)
<BR><BR>[Calls]<UL><LI><a href="#[7c]">&gt;&gt;</a>&nbsp;&nbsp;&nbsp;vPortClearInterruptMask
<LI><a href="#[7b]">&gt;&gt;</a>&nbsp;&nbsp;&nbsp;ulPortSetInterruptMask
<LI><a href="#[8e]">&gt;&gt;</a>&nbsp;&nbsp;&nbsp;uxListRemove
<LI><a href="#[8c]">&gt;&gt;</a>&nbsp;&nbsp;&nbsp;vListInsertEnd
</UL>

<P><STRONG><a name="[8b]"></a>pxPortInitialiseStack</STRONG> (Thumb, 26 bytes, Stack size 0 bytes, port.o(.text))
<BR><BR>[Called By]<UL><LI><a href="#[8a]">&gt;&gt;</a>&nbsp;&nbsp;&nbsp;xTaskGenericCreate
</UL>

<P><STRONG><a name="[b0]"></a>vPortSetupTimerInterrupt</STRONG> (Thumb, 76 bytes, Stack size 0 bytes, port.o(.text))
<BR><BR>[Called By]<UL><LI><a href="#[a2]">&gt;&gt;</a>&nbsp;&nbsp;&nbsp;xPortStartScheduler
</UL>

<P><STRONG><a name="[a2]"></a>xPortStartScheduler</STRONG> (Thumb, 42 bytes, Stack size 8 bytes, port.o(.text))
<BR><BR>[Stack]<UL><LI>Max Depth = 8<LI>Call Chain = xPortStartScheduler
</UL>
<BR>[Calls]<UL><LI><a href="#[b0]">&gt;&gt;</a>&nbsp;&nbsp;&nbsp;vPortSetupTimerInterrupt
<LI><a href="#[b1]">&gt;&gt;</a>&nbsp;&nbsp;&nbsp;__asm___6_port_c_39a90d8d__prvStartFirstTask
</UL>
<BR>[Called By]<UL><LI><a href="#[a1]">&gt;&gt;</a>&nbsp;&nbsp;&nbsp;vTaskStartScheduler
</UL>

<P><STRONG><a name="[a4]"></a>vPortEndScheduler</STRONG> (Thumb, 2 bytes, Stack size 0 bytes, port.o(.text), UNUSED)
<BR><BR>[Called By]<UL><LI><a href="#[a3]">&gt;&gt;</a>&nbsp;&nbsp;&nbsp;vTaskEndScheduler
</UL>

<P><STRONG><a name="[5f]"></a>vPortYield</STRONG> (Thumb, 20 bytes, Stack size 0 bytes, port.o(.text))
<BR><BR>[Called By]<UL><LI><a href="#[ba]">&gt;&gt;</a>&nbsp;&nbsp;&nbsp;osSwitchTask
<LI><a href="#[ad]">&gt;&gt;</a>&nbsp;&nbsp;&nbsp;xTaskGenericNotify
<LI><a href="#[ac]">&gt;&gt;</a>&nbsp;&nbsp;&nbsp;xTaskNotifyWait
<LI><a href="#[ab]">&gt;&gt;</a>&nbsp;&nbsp;&nbsp;ulTaskNotifyTake
<LI><a href="#[99]">&gt;&gt;</a>&nbsp;&nbsp;&nbsp;vTaskResume
<LI><a href="#[98]">&gt;&gt;</a>&nbsp;&nbsp;&nbsp;vTaskSuspend
<LI><a href="#[97]">&gt;&gt;</a>&nbsp;&nbsp;&nbsp;vTaskPrioritySet
<LI><a href="#[94]">&gt;&gt;</a>&nbsp;&nbsp;&nbsp;vTaskDelay
<LI><a href="#[93]">&gt;&gt;</a>&nbsp;&nbsp;&nbsp;vTaskDelayUntil
<LI><a href="#[8d]">&gt;&gt;</a>&nbsp;&nbsp;&nbsp;vTaskDelete
<LI><a href="#[8a]">&gt;&gt;</a>&nbsp;&nbsp;&nbsp;xTaskGenericCreate
<LI><a href="#[3e]">&gt;&gt;</a>&nbsp;&nbsp;&nbsp;prvIdleTask
<LI><a href="#[6f]">&gt;&gt;</a>&nbsp;&nbsp;&nbsp;xTaskResumeAll
<LI><a href="#[75]">&gt;&gt;</a>&nbsp;&nbsp;&nbsp;xQueueGenericReceive
<LI><a href="#[6a]">&gt;&gt;</a>&nbsp;&nbsp;&nbsp;xQueueGenericSend
<LI><a href="#[5c]">&gt;&gt;</a>&nbsp;&nbsp;&nbsp;xQueueGenericReset
</UL>

<P><STRONG><a name="[5d]"></a>vPortEnterCritical</STRONG> (Thumb, 26 bytes, Stack size 8 bytes, port.o(.text))
<BR><BR>[Stack]<UL><LI>Max Depth = 8<LI>Call Chain = vPortEnterCritical
</UL>
<BR>[Calls]<UL><LI><a href="#[7b]">&gt;&gt;</a>&nbsp;&nbsp;&nbsp;ulPortSetInterruptMask
</UL>
<BR>[Called By]<UL><LI><a href="#[d3]">&gt;&gt;</a>&nbsp;&nbsp;&nbsp;vAssertCalled
<LI><a href="#[a0]">&gt;&gt;</a>&nbsp;&nbsp;&nbsp;vPortSuppressTicksAndSleep
<LI><a href="#[ad]">&gt;&gt;</a>&nbsp;&nbsp;&nbsp;xTaskGenericNotify
<LI><a href="#[ac]">&gt;&gt;</a>&nbsp;&nbsp;&nbsp;xTaskNotifyWait
<LI><a href="#[ab]">&gt;&gt;</a>&nbsp;&nbsp;&nbsp;ulTaskNotifyTake
<LI><a href="#[99]">&gt;&gt;</a>&nbsp;&nbsp;&nbsp;vTaskResume
<LI><a href="#[98]">&gt;&gt;</a>&nbsp;&nbsp;&nbsp;vTaskSuspend
<LI><a href="#[97]">&gt;&gt;</a>&nbsp;&nbsp;&nbsp;vTaskPrioritySet
<LI><a href="#[95]">&gt;&gt;</a>&nbsp;&nbsp;&nbsp;uxTaskPriorityGet
<LI><a href="#[8d]">&gt;&gt;</a>&nbsp;&nbsp;&nbsp;vTaskDelete
<LI><a href="#[8a]">&gt;&gt;</a>&nbsp;&nbsp;&nbsp;xTaskGenericCreate
<LI><a href="#[9d]">&gt;&gt;</a>&nbsp;&nbsp;&nbsp;prvCheckTasksWaitingTermination
<LI><a href="#[6f]">&gt;&gt;</a>&nbsp;&nbsp;&nbsp;xTaskResumeAll
<LI><a href="#[6d]">&gt;&gt;</a>&nbsp;&nbsp;&nbsp;xTaskCheckForTimeOut
<LI><a href="#[81]">&gt;&gt;</a>&nbsp;&nbsp;&nbsp;uxQueueSpacesAvailable
<LI><a href="#[80]">&gt;&gt;</a>&nbsp;&nbsp;&nbsp;uxQueueMessagesWaiting
<LI><a href="#[75]">&gt;&gt;</a>&nbsp;&nbsp;&nbsp;xQueueGenericReceive
<LI><a href="#[6a]">&gt;&gt;</a>&nbsp;&nbsp;&nbsp;xQueueGenericSend
<LI><a href="#[5c]">&gt;&gt;</a>&nbsp;&nbsp;&nbsp;xQueueGenericReset
<LI><a href="#[73]">&gt;&gt;</a>&nbsp;&nbsp;&nbsp;prvIsQueueEmpty
<LI><a href="#[66]">&gt;&gt;</a>&nbsp;&nbsp;&nbsp;prvIsQueueFull
<LI><a href="#[64]">&gt;&gt;</a>&nbsp;&nbsp;&nbsp;prvUnlockQueue
</UL>

<P><STRONG><a name="[61]"></a>vPortExitCritical</STRONG> (Thumb, 26 bytes, Stack size 8 bytes, port.o(.text))
<BR><BR>[Stack]<UL><LI>Max Depth = 8<LI>Call Chain = vPortExitCritical
</UL>
<BR>[Calls]<UL><LI><a href="#[7c]">&gt;&gt;</a>&nbsp;&nbsp;&nbsp;vPortClearInterruptMask
</UL>
<BR>[Called By]<UL><LI><a href="#[d3]">&gt;&gt;</a>&nbsp;&nbsp;&nbsp;vAssertCalled
<LI><a href="#[a0]">&gt;&gt;</a>&nbsp;&nbsp;&nbsp;vPortSuppressTicksAndSleep
<LI><a href="#[ad]">&gt;&gt;</a>&nbsp;&nbsp;&nbsp;xTaskGenericNotify
<LI><a href="#[ac]">&gt;&gt;</a>&nbsp;&nbsp;&nbsp;xTaskNotifyWait
<LI><a href="#[ab]">&gt;&gt;</a>&nbsp;&nbsp;&nbsp;ulTaskNotifyTake
<LI><a href="#[99]">&gt;&gt;</a>&nbsp;&nbsp;&nbsp;vTaskResume
<LI><a href="#[98]">&gt;&gt;</a>&nbsp;&nbsp;&nbsp;vTaskSuspend
<LI><a href="#[97]">&gt;&gt;</a>&nbsp;&nbsp;&nbsp;vTaskPrioritySet
<LI><a href="#[95]">&gt;&gt;</a>&nbsp;&nbsp;&nbsp;uxTaskPriorityGet
<LI><a href="#[8d]">&gt;&gt;</a>&nbsp;&nbsp;&nbsp;vTaskDelete
<LI><a href="#[8a]">&gt;&gt;</a>&nbsp;&nbsp;&nbsp;xTaskGenericCreate
<LI><a href="#[9d]">&gt;&gt;</a>&nbsp;&nbsp;&nbsp;prvCheckTasksWaitingTermination
<LI><a href="#[6f]">&gt;&gt;</a>&nbsp;&nbsp;&nbsp;xTaskResumeAll
<LI><a href="#[6d]">&gt;&gt;</a>&nbsp;&nbsp;&nbsp;xTaskCheckForTimeOut
<LI><a href="#[81]">&gt;&gt;</a>&nbsp;&nbsp;&nbsp;uxQueueSpacesAvailable
<LI><a href="#[80]">&gt;&gt;</a>&nbsp;&nbsp;&nbsp;uxQueueMessagesWaiting
<LI><a href="#[75]">&gt;&gt;</a>&nbsp;&nbsp;&nbsp;xQueueGenericReceive
<LI><a href="#[6a]">&gt;&gt;</a>&nbsp;&nbsp;&nbsp;xQueueGenericSend
<LI><a href="#[5c]">&gt;&gt;</a>&nbsp;&nbsp;&nbsp;xQueueGenericReset
<LI><a href="#[73]">&gt;&gt;</a>&nbsp;&nbsp;&nbsp;prvIsQueueEmpty
<LI><a href="#[66]">&gt;&gt;</a>&nbsp;&nbsp;&nbsp;prvIsQueueFull
<LI><a href="#[64]">&gt;&gt;</a>&nbsp;&nbsp;&nbsp;prvUnlockQueue
</UL>

<P><STRONG><a name="[e]"></a>SysTick_Handler</STRONG> (Thumb, 30 bytes, Stack size 8 bytes, port.o(.text))
<BR><BR>[Stack]<UL><LI>Max Depth = 32<LI>Call Chain = SysTick_Handler &rArr; xTaskIncrementTick
</UL>
<BR>[Calls]<UL><LI><a href="#[90]">&gt;&gt;</a>&nbsp;&nbsp;&nbsp;xTaskIncrementTick
<LI><a href="#[7c]">&gt;&gt;</a>&nbsp;&nbsp;&nbsp;vPortClearInterruptMask
<LI><a href="#[7b]">&gt;&gt;</a>&nbsp;&nbsp;&nbsp;ulPortSetInterruptMask
</UL>
<BR>[Address Reference Count : 1]<UL><LI> keil_freertos_startup_lpc15xx.o(RESET)
</UL>
<P><STRONG><a name="[a0]"></a>vPortSuppressTicksAndSleep</STRONG> (Thumb, 312 bytes, Stack size 32 bytes, port.o(.text))
<BR><BR>[Stack]<UL><LI>Max Depth = 40<LI>Call Chain = vPortSuppressTicksAndSleep &rArr; vPortExitCritical
</UL>
<BR>[Calls]<UL><LI><a href="#[b2]">&gt;&gt;</a>&nbsp;&nbsp;&nbsp;eTaskConfirmSleepModeStatus
<LI><a href="#[b3]">&gt;&gt;</a>&nbsp;&nbsp;&nbsp;vTaskStepTick
<LI><a href="#[61]">&gt;&gt;</a>&nbsp;&nbsp;&nbsp;vPortExitCritical
<LI><a href="#[5d]">&gt;&gt;</a>&nbsp;&nbsp;&nbsp;vPortEnterCritical
</UL>
<BR>[Called By]<UL><LI><a href="#[3e]">&gt;&gt;</a>&nbsp;&nbsp;&nbsp;prvIdleTask
</UL>

<P><STRONG><a name="[63]"></a>pvPortMalloc</STRONG> (Thumb, 24 bytes, Stack size 16 bytes, heap_3.o(.text))
<BR><BR>[Stack]<UL><LI>Max Depth = 64<LI>Call Chain = pvPortMalloc &rArr; malloc &rArr; __Heap_Full &rArr; __Heap_ProvideMemory &rArr; free
</UL>
<BR>[Calls]<UL><LI><a href="#[6f]">&gt;&gt;</a>&nbsp;&nbsp;&nbsp;xTaskResumeAll
<LI><a href="#[6c]">&gt;&gt;</a>&nbsp;&nbsp;&nbsp;vTaskSuspendAll
<LI><a href="#[b4]">&gt;&gt;</a>&nbsp;&nbsp;&nbsp;malloc
</UL>
<BR>[Called By]<UL><LI><a href="#[ce]">&gt;&gt;</a>&nbsp;&nbsp;&nbsp;osAllocMem
<LI><a href="#[88]">&gt;&gt;</a>&nbsp;&nbsp;&nbsp;prvAllocateTCBAndStack
<LI><a href="#[70]">&gt;&gt;</a>&nbsp;&nbsp;&nbsp;xQueueCreateMutex
<LI><a href="#[62]">&gt;&gt;</a>&nbsp;&nbsp;&nbsp;xQueueGenericCreate
</UL>

<P><STRONG><a name="[84]"></a>vPortFree</STRONG> (Thumb, 22 bytes, Stack size 8 bytes, heap_3.o(.text))
<BR><BR>[Stack]<UL><LI>Max Depth = 48<LI>Call Chain = vPortFree &rArr; xTaskResumeAll &rArr; xTaskIncrementTick
</UL>
<BR>[Calls]<UL><LI><a href="#[6f]">&gt;&gt;</a>&nbsp;&nbsp;&nbsp;xTaskResumeAll
<LI><a href="#[6c]">&gt;&gt;</a>&nbsp;&nbsp;&nbsp;vTaskSuspendAll
<LI><a href="#[b5]">&gt;&gt;</a>&nbsp;&nbsp;&nbsp;free
</UL>
<BR>[Called By]<UL><LI><a href="#[cf]">&gt;&gt;</a>&nbsp;&nbsp;&nbsp;osFreeMem
<LI><a href="#[9c]">&gt;&gt;</a>&nbsp;&nbsp;&nbsp;prvDeleteTCB
<LI><a href="#[88]">&gt;&gt;</a>&nbsp;&nbsp;&nbsp;prvAllocateTCBAndStack
<LI><a href="#[82]">&gt;&gt;</a>&nbsp;&nbsp;&nbsp;vQueueDelete
</UL>

<P><STRONG><a name="[da]"></a>osInitKernel</STRONG> (Thumb, 2 bytes, Stack size 0 bytes, os_port_freertos.o(.text))
<BR><BR>[Called By]<UL><LI><a href="#[55]">&gt;&gt;</a>&nbsp;&nbsp;&nbsp;main
</UL>

<P><STRONG><a name="[b6]"></a>osStartKernel</STRONG> (Thumb, 8 bytes, Stack size 8 bytes, os_port_freertos.o(.text))
<BR><BR>[Stack]<UL><LI>Max Depth = 176 + Unknown Stack Size
<LI>Call Chain = osStartKernel &rArr; vTaskStartScheduler &rArr; xTaskGenericCreate &rArr; prvAllocateTCBAndStack &rArr; pvPortMalloc &rArr; malloc &rArr; __Heap_Full &rArr; __Heap_ProvideMemory &rArr; free
</UL>
<BR>[Calls]<UL><LI><a href="#[a1]">&gt;&gt;</a>&nbsp;&nbsp;&nbsp;vTaskStartScheduler
</UL>
<BR>[Called By]<UL><LI><a href="#[55]">&gt;&gt;</a>&nbsp;&nbsp;&nbsp;main
</UL>

<P><STRONG><a name="[b7]"></a>osCreateTask</STRONG> (Thumb, 66 bytes, Stack size 48 bytes, os_port_freertos.o(.text), UNUSED)
<BR><BR>[Calls]<UL><LI><a href="#[8a]">&gt;&gt;</a>&nbsp;&nbsp;&nbsp;xTaskGenericCreate
</UL>

<P><STRONG><a name="[b8]"></a>osDeleteTask</STRONG> (Thumb, 12 bytes, Stack size 8 bytes, os_port_freertos.o(.text), UNUSED)
<BR><BR>[Calls]<UL><LI><a href="#[8d]">&gt;&gt;</a>&nbsp;&nbsp;&nbsp;vTaskDelete
</UL>

<P><STRONG><a name="[b9]"></a>osDelayTask</STRONG> (Thumb, 12 bytes, Stack size 8 bytes, os_port_freertos.o(.text), UNUSED)
<BR><BR>[Calls]<UL><LI><a href="#[94]">&gt;&gt;</a>&nbsp;&nbsp;&nbsp;vTaskDelay
</UL>

<P><STRONG><a name="[ba]"></a>osSwitchTask</STRONG> (Thumb, 8 bytes, Stack size 8 bytes, os_port_freertos.o(.text), UNUSED)
<BR><BR>[Calls]<UL><LI><a href="#[5f]">&gt;&gt;</a>&nbsp;&nbsp;&nbsp;vPortYield
</UL>

<P><STRONG><a name="[bb]"></a>osSuspendAllTasks</STRONG> (Thumb, 16 bytes, Stack size 8 bytes, os_port_freertos.o(.text), UNUSED)
<BR><BR>[Calls]<UL><LI><a href="#[bc]">&gt;&gt;</a>&nbsp;&nbsp;&nbsp;xTaskGetSchedulerState
<LI><a href="#[6c]">&gt;&gt;</a>&nbsp;&nbsp;&nbsp;vTaskSuspendAll
</UL>
<BR>[Called By]<UL><LI><a href="#[d1]">&gt;&gt;</a>&nbsp;&nbsp;&nbsp;osAtomicInc32
<LI><a href="#[d0]">&gt;&gt;</a>&nbsp;&nbsp;&nbsp;osAtomicInc16
</UL>

<P><STRONG><a name="[bd]"></a>osResumeAllTasks</STRONG> (Thumb, 16 bytes, Stack size 8 bytes, os_port_freertos.o(.text), UNUSED)
<BR><BR>[Calls]<UL><LI><a href="#[bc]">&gt;&gt;</a>&nbsp;&nbsp;&nbsp;xTaskGetSchedulerState
<LI><a href="#[6f]">&gt;&gt;</a>&nbsp;&nbsp;&nbsp;xTaskResumeAll
</UL>
<BR>[Called By]<UL><LI><a href="#[d1]">&gt;&gt;</a>&nbsp;&nbsp;&nbsp;osAtomicInc32
<LI><a href="#[d0]">&gt;&gt;</a>&nbsp;&nbsp;&nbsp;osAtomicInc16
</UL>

<P><STRONG><a name="[be]"></a>osCreateEvent</STRONG> (Thumb, 56 bytes, Stack size 8 bytes, os_port_freertos.o(.text), UNUSED)
<BR><BR>[Calls]<UL><LI><a href="#[75]">&gt;&gt;</a>&nbsp;&nbsp;&nbsp;xQueueGenericReceive
<LI><a href="#[6a]">&gt;&gt;</a>&nbsp;&nbsp;&nbsp;xQueueGenericSend
<LI><a href="#[62]">&gt;&gt;</a>&nbsp;&nbsp;&nbsp;xQueueGenericCreate
</UL>

<P><STRONG><a name="[bf]"></a>osDeleteEvent</STRONG> (Thumb, 16 bytes, Stack size 8 bytes, os_port_freertos.o(.text), UNUSED)
<BR><BR>[Calls]<UL><LI><a href="#[82]">&gt;&gt;</a>&nbsp;&nbsp;&nbsp;vQueueDelete
</UL>

<P><STRONG><a name="[c0]"></a>osSetEvent</STRONG> (Thumb, 18 bytes, Stack size 8 bytes, os_port_freertos.o(.text), UNUSED)
<BR><BR>[Calls]<UL><LI><a href="#[6a]">&gt;&gt;</a>&nbsp;&nbsp;&nbsp;xQueueGenericSend
</UL>

<P><STRONG><a name="[c1]"></a>osResetEvent</STRONG> (Thumb, 18 bytes, Stack size 8 bytes, os_port_freertos.o(.text), UNUSED)
<BR><BR>[Calls]<UL><LI><a href="#[75]">&gt;&gt;</a>&nbsp;&nbsp;&nbsp;xQueueGenericReceive
</UL>

<P><STRONG><a name="[c2]"></a>osWaitForEvent</STRONG> (Thumb, 44 bytes, Stack size 16 bytes, os_port_freertos.o(.text), UNUSED)
<BR><BR>[Calls]<UL><LI><a href="#[75]">&gt;&gt;</a>&nbsp;&nbsp;&nbsp;xQueueGenericReceive
</UL>

<P><STRONG><a name="[c3]"></a>osSetEventFromIsr</STRONG> (Thumb, 20 bytes, Stack size 16 bytes, os_port_freertos.o(.text), UNUSED)
<BR><BR>[Calls]<UL><LI><a href="#[7d]">&gt;&gt;</a>&nbsp;&nbsp;&nbsp;xQueueGiveFromISR
</UL>

<P><STRONG><a name="[c4]"></a>osCreateSemaphore</STRONG> (Thumb, 28 bytes, Stack size 16 bytes, os_port_freertos.o(.text), UNUSED)
<BR><BR>[Calls]<UL><LI><a href="#[79]">&gt;&gt;</a>&nbsp;&nbsp;&nbsp;xQueueCreateCountingSemaphore
</UL>

<P><STRONG><a name="[c5]"></a>osDeleteSemaphore</STRONG> (Thumb, 16 bytes, Stack size 8 bytes, os_port_freertos.o(.text), UNUSED)
<BR><BR>[Calls]<UL><LI><a href="#[82]">&gt;&gt;</a>&nbsp;&nbsp;&nbsp;vQueueDelete
</UL>

<P><STRONG><a name="[c6]"></a>osWaitForSemaphore</STRONG> (Thumb, 44 bytes, Stack size 16 bytes, os_port_freertos.o(.text), UNUSED)
<BR><BR>[Calls]<UL><LI><a href="#[75]">&gt;&gt;</a>&nbsp;&nbsp;&nbsp;xQueueGenericReceive
</UL>

<P><STRONG><a name="[c7]"></a>osReleaseSemaphore</STRONG> (Thumb, 18 bytes, Stack size 8 bytes, os_port_freertos.o(.text), UNUSED)
<BR><BR>[Calls]<UL><LI><a href="#[6a]">&gt;&gt;</a>&nbsp;&nbsp;&nbsp;xQueueGenericSend
</UL>

<P><STRONG><a name="[c8]"></a>osCreateMutex</STRONG> (Thumb, 24 bytes, Stack size 8 bytes, os_port_freertos.o(.text), UNUSED)
<BR><BR>[Calls]<UL><LI><a href="#[70]">&gt;&gt;</a>&nbsp;&nbsp;&nbsp;xQueueCreateMutex
</UL>

<P><STRONG><a name="[c9]"></a>osDeleteMutex</STRONG> (Thumb, 16 bytes, Stack size 8 bytes, os_port_freertos.o(.text), UNUSED)
<BR><BR>[Calls]<UL><LI><a href="#[82]">&gt;&gt;</a>&nbsp;&nbsp;&nbsp;vQueueDelete
</UL>

<P><STRONG><a name="[ca]"></a>osAcquireMutex</STRONG> (Thumb, 18 bytes, Stack size 8 bytes, os_port_freertos.o(.text), UNUSED)
<BR><BR>[Calls]<UL><LI><a href="#[75]">&gt;&gt;</a>&nbsp;&nbsp;&nbsp;xQueueGenericReceive
</UL>

<P><STRONG><a name="[cb]"></a>osReleaseMutex</STRONG> (Thumb, 18 bytes, Stack size 8 bytes, os_port_freertos.o(.text), UNUSED)
<BR><BR>[Calls]<UL><LI><a href="#[6a]">&gt;&gt;</a>&nbsp;&nbsp;&nbsp;xQueueGenericSend
</UL>

<P><STRONG><a name="[cc]"></a>osGetSystemTime</STRONG> (Thumb, 12 bytes, Stack size 8 bytes, os_port_freertos.o(.text), UNUSED)
<BR><BR>[Calls]<UL><LI><a href="#[cd]">&gt;&gt;</a>&nbsp;&nbsp;&nbsp;xTaskGetTickCount
</UL>

<P><STRONG><a name="[ce]"></a>osAllocMem</STRONG> (Thumb, 16 bytes, Stack size 16 bytes, os_port_freertos.o(.text), UNUSED)
<BR><BR>[Calls]<UL><LI><a href="#[63]">&gt;&gt;</a>&nbsp;&nbsp;&nbsp;pvPortMalloc
</UL>

<P><STRONG><a name="[cf]"></a>osFreeMem</STRONG> (Thumb, 14 bytes, Stack size 8 bytes, os_port_freertos.o(.text), UNUSED)
<BR><BR>[Calls]<UL><LI><a href="#[84]">&gt;&gt;</a>&nbsp;&nbsp;&nbsp;vPortFree
</UL>

<P><STRONG><a name="[d0]"></a>osAtomicInc16</STRONG> (Thumb, 26 bytes, Stack size 16 bytes, os_port_freertos.o(.text), UNUSED)
<BR><BR>[Calls]<UL><LI><a href="#[bd]">&gt;&gt;</a>&nbsp;&nbsp;&nbsp;osResumeAllTasks
<LI><a href="#[bb]">&gt;&gt;</a>&nbsp;&nbsp;&nbsp;osSuspendAllTasks
</UL>

<P><STRONG><a name="[d1]"></a>osAtomicInc32</STRONG> (Thumb, 24 bytes, Stack size 16 bytes, os_port_freertos.o(.text), UNUSED)
<BR><BR>[Calls]<UL><LI><a href="#[bd]">&gt;&gt;</a>&nbsp;&nbsp;&nbsp;osResumeAllTasks
<LI><a href="#[bb]">&gt;&gt;</a>&nbsp;&nbsp;&nbsp;osSuspendAllTasks
</UL>

<P><STRONG><a name="[d2]"></a>vApplicationStackOverflowHook</STRONG> (Thumb, 8 bytes, Stack size 0 bytes, os_port_freertos.o(.text), UNUSED)
<BR><BR>[Calls]<UL><LI><a href="#[7b]">&gt;&gt;</a>&nbsp;&nbsp;&nbsp;ulPortSetInterruptMask
</UL>

<P><STRONG><a name="[d3]"></a>vAssertCalled</STRONG> (Thumb, 28 bytes, Stack size 16 bytes, os_port_freertos.o(.text), UNUSED)
<BR><BR>[Calls]<UL><LI><a href="#[61]">&gt;&gt;</a>&nbsp;&nbsp;&nbsp;vPortExitCritical
<LI><a href="#[5d]">&gt;&gt;</a>&nbsp;&nbsp;&nbsp;vPortEnterCritical
</UL>

<P><STRONG><a name="[40]"></a>SystemInit</STRONG> (Thumb, 8 bytes, Stack size 8 bytes, sysinit.o(.text))
<BR><BR>[Stack]<UL><LI>Max Depth = 48<LI>Call Chain = SystemInit &rArr; Board_SystemInit &rArr; Board_SetupMuxing &rArr; Chip_IOCON_SetPinMuxing
</UL>
<BR>[Calls]<UL><LI><a href="#[d4]">&gt;&gt;</a>&nbsp;&nbsp;&nbsp;Board_SystemInit
</UL>
<BR>[Address Reference Count : 1]<UL><LI> keil_freertos_startup_lpc15xx.o(.text)
</UL>
<P><STRONG><a name="[9]"></a>Reset_Handler</STRONG> (Thumb, 8 bytes, Stack size 0 bytes, keil_freertos_startup_lpc15xx.o(.text))
<BR>[Address Reference Count : 1]<UL><LI> keil_freertos_startup_lpc15xx.o(RESET)
</UL>
<P><STRONG><a name="[a]"></a>NMI_Handler</STRONG> (Thumb, 2 bytes, Stack size 0 bytes, keil_freertos_startup_lpc15xx.o(.text))
<BR><BR>[Calls]<UL><LI><a href="#[a]">&gt;&gt;</a>&nbsp;&nbsp;&nbsp;NMI_Handler
</UL>
<BR>[Called By]<UL><LI><a href="#[a]">&gt;&gt;</a>&nbsp;&nbsp;&nbsp;NMI_Handler
</UL>
<BR>[Address Reference Count : 1]<UL><LI> keil_freertos_startup_lpc15xx.o(RESET)
</UL>
<P><STRONG><a name="[b]"></a>HardFault_Handler</STRONG> (Thumb, 2 bytes, Stack size 0 bytes, keil_freertos_startup_lpc15xx.o(.text))
<BR><BR>[Calls]<UL><LI><a href="#[b]">&gt;&gt;</a>&nbsp;&nbsp;&nbsp;HardFault_Handler
</UL>
<BR>[Called By]<UL><LI><a href="#[b]">&gt;&gt;</a>&nbsp;&nbsp;&nbsp;HardFault_Handler
</UL>
<BR>[Address Reference Count : 1]<UL><LI> keil_freertos_startup_lpc15xx.o(RESET)
</UL>
<P><STRONG><a name="[d5]"></a>Reserved_IRQHandler</STRONG> (Thumb, 2 bytes, Stack size 0 bytes, keil_freertos_startup_lpc15xx.o(.text), UNUSED)
<BR><BR>[Calls]<UL><LI><a href="#[d5]">&gt;&gt;</a>&nbsp;&nbsp;&nbsp;Reserved_IRQHandler
</UL>
<BR>[Called By]<UL><LI><a href="#[d5]">&gt;&gt;</a>&nbsp;&nbsp;&nbsp;Reserved_IRQHandler
</UL>

<P><STRONG><a name="[37]"></a>ACMP0_IRQHandler</STRONG> (Thumb, 0 bytes, Stack size 0 bytes, keil_freertos_startup_lpc15xx.o(.text))
<BR><BR>[Calls]<UL><LI><a href="#[37]">&gt;&gt;</a>&nbsp;&nbsp;&nbsp;ACMP0_IRQHandler
</UL>
<BR>[Called By]<UL><LI><a href="#[37]">&gt;&gt;</a>&nbsp;&nbsp;&nbsp;ACMP0_IRQHandler
</UL>
<BR>[Address Reference Count : 1]<UL><LI> keil_freertos_startup_lpc15xx.o(RESET)
</UL>
<P><STRONG><a name="[38]"></a>ACMP1_IRQHandler</STRONG> (Thumb, 0 bytes, Stack size 0 bytes, keil_freertos_startup_lpc15xx.o(.text))
<BR>[Address Reference Count : 1]<UL><LI> keil_freertos_startup_lpc15xx.o(RESET)
</UL>
<P><STRONG><a name="[39]"></a>ACMP2_IRQHandler</STRONG> (Thumb, 0 bytes, Stack size 0 bytes, keil_freertos_startup_lpc15xx.o(.text))
<BR>[Address Reference Count : 1]<UL><LI> keil_freertos_startup_lpc15xx.o(RESET)
</UL>
<P><STRONG><a name="[3a]"></a>ACMP3_IRQHandler</STRONG> (Thumb, 0 bytes, Stack size 0 bytes, keil_freertos_startup_lpc15xx.o(.text))
<BR>[Address Reference Count : 1]<UL><LI> keil_freertos_startup_lpc15xx.o(RESET)
</UL>
<P><STRONG><a name="[2e]"></a>ADC0A_IRQHandler</STRONG> (Thumb, 0 bytes, Stack size 0 bytes, keil_freertos_startup_lpc15xx.o(.text))
<BR>[Address Reference Count : 1]<UL><LI> keil_freertos_startup_lpc15xx.o(RESET)
</UL>
<P><STRONG><a name="[2f]"></a>ADC0B_IRQHandler</STRONG> (Thumb, 0 bytes, Stack size 0 bytes, keil_freertos_startup_lpc15xx.o(.text))
<BR>[Address Reference Count : 1]<UL><LI> keil_freertos_startup_lpc15xx.o(RESET)
</UL>
<P><STRONG><a name="[31]"></a>ADC0_OVR_IRQHandler</STRONG> (Thumb, 0 bytes, Stack size 0 bytes, keil_freertos_startup_lpc15xx.o(.text))
<BR>[Address Reference Count : 1]<UL><LI> keil_freertos_startup_lpc15xx.o(RESET)
</UL>
<P><STRONG><a name="[30]"></a>ADC0_THCMP_IRQHandler</STRONG> (Thumb, 0 bytes, Stack size 0 bytes, keil_freertos_startup_lpc15xx.o(.text))
<BR>[Address Reference Count : 1]<UL><LI> keil_freertos_startup_lpc15xx.o(RESET)
</UL>
<P><STRONG><a name="[32]"></a>ADC1A_IRQHandler</STRONG> (Thumb, 0 bytes, Stack size 0 bytes, keil_freertos_startup_lpc15xx.o(.text))
<BR>[Address Reference Count : 1]<UL><LI> keil_freertos_startup_lpc15xx.o(RESET)
</UL>
<P><STRONG><a name="[33]"></a>ADC1B_IRQHandler</STRONG> (Thumb, 0 bytes, Stack size 0 bytes, keil_freertos_startup_lpc15xx.o(.text))
<BR>[Address Reference Count : 1]<UL><LI> keil_freertos_startup_lpc15xx.o(RESET)
</UL>
<P><STRONG><a name="[35]"></a>ADC1_OVR_IRQHandler</STRONG> (Thumb, 0 bytes, Stack size 0 bytes, keil_freertos_startup_lpc15xx.o(.text))
<BR>[Address Reference Count : 1]<UL><LI> keil_freertos_startup_lpc15xx.o(RESET)
</UL>
<P><STRONG><a name="[34]"></a>ADC1_THCMP_IRQHandler</STRONG> (Thumb, 0 bytes, Stack size 0 bytes, keil_freertos_startup_lpc15xx.o(.text))
<BR>[Address Reference Count : 1]<UL><LI> keil_freertos_startup_lpc15xx.o(RESET)
</UL>
<P><STRONG><a name="[10]"></a>BOD_IRQHandler</STRONG> (Thumb, 0 bytes, Stack size 0 bytes, keil_freertos_startup_lpc15xx.o(.text))
<BR>[Address Reference Count : 1]<UL><LI> keil_freertos_startup_lpc15xx.o(RESET)
</UL>
<P><STRONG><a name="[2a]"></a>CAN_IRQHandler</STRONG> (Thumb, 0 bytes, Stack size 0 bytes, keil_freertos_startup_lpc15xx.o(.text))
<BR>[Address Reference Count : 1]<UL><LI> keil_freertos_startup_lpc15xx.o(RESET)
</UL>
<P><STRONG><a name="[36]"></a>DAC_IRQHandler</STRONG> (Thumb, 0 bytes, Stack size 0 bytes, keil_freertos_startup_lpc15xx.o(.text))
<BR>[Address Reference Count : 1]<UL><LI> keil_freertos_startup_lpc15xx.o(RESET)
</UL>
<P><STRONG><a name="[13]"></a>DMA_IRQHandler</STRONG> (Thumb, 0 bytes, Stack size 0 bytes, keil_freertos_startup_lpc15xx.o(.text))
<BR>[Address Reference Count : 1]<UL><LI> keil_freertos_startup_lpc15xx.o(RESET)
</UL>
<P><STRONG><a name="[12]"></a>EEPROM_IRQHandler</STRONG> (Thumb, 0 bytes, Stack size 0 bytes, keil_freertos_startup_lpc15xx.o(.text))
<BR>[Address Reference Count : 1]<UL><LI> keil_freertos_startup_lpc15xx.o(RESET)
</UL>
<P><STRONG><a name="[11]"></a>FMC_IRQHandler</STRONG> (Thumb, 0 bytes, Stack size 0 bytes, keil_freertos_startup_lpc15xx.o(.text))
<BR>[Address Reference Count : 1]<UL><LI> keil_freertos_startup_lpc15xx.o(RESET)
</UL>
<P><STRONG><a name="[14]"></a>GINT0_IRQHandler</STRONG> (Thumb, 0 bytes, Stack size 0 bytes, keil_freertos_startup_lpc15xx.o(.text))
<BR>[Address Reference Count : 1]<UL><LI> keil_freertos_startup_lpc15xx.o(RESET)
</UL>
<P><STRONG><a name="[15]"></a>GINT1_IRQHandler</STRONG> (Thumb, 0 bytes, Stack size 0 bytes, keil_freertos_startup_lpc15xx.o(.text))
<BR>[Address Reference Count : 1]<UL><LI> keil_freertos_startup_lpc15xx.o(RESET)
</UL>
<P><STRONG><a name="[27]"></a>I2C0_IRQHandler</STRONG> (Thumb, 0 bytes, Stack size 0 bytes, keil_freertos_startup_lpc15xx.o(.text))
<BR>[Address Reference Count : 1]<UL><LI> keil_freertos_startup_lpc15xx.o(RESET)
</UL>
<P><STRONG><a name="[23]"></a>MRT_IRQHandler</STRONG> (Thumb, 0 bytes, Stack size 0 bytes, keil_freertos_startup_lpc15xx.o(.text))
<BR>[Address Reference Count : 1]<UL><LI> keil_freertos_startup_lpc15xx.o(RESET)
</UL>
<P><STRONG><a name="[16]"></a>PIN_INT0_IRQHandler</STRONG> (Thumb, 0 bytes, Stack size 0 bytes, keil_freertos_startup_lpc15xx.o(.text))
<BR>[Address Reference Count : 1]<UL><LI> keil_freertos_startup_lpc15xx.o(RESET)
</UL>
<P><STRONG><a name="[17]"></a>PIN_INT1_IRQHandler</STRONG> (Thumb, 0 bytes, Stack size 0 bytes, keil_freertos_startup_lpc15xx.o(.text))
<BR>[Address Reference Count : 1]<UL><LI> keil_freertos_startup_lpc15xx.o(RESET)
</UL>
<P><STRONG><a name="[18]"></a>PIN_INT2_IRQHandler</STRONG> (Thumb, 0 bytes, Stack size 0 bytes, keil_freertos_startup_lpc15xx.o(.text))
<BR>[Address Reference Count : 1]<UL><LI> keil_freertos_startup_lpc15xx.o(RESET)
</UL>
<P><STRONG><a name="[19]"></a>PIN_INT3_IRQHandler</STRONG> (Thumb, 0 bytes, Stack size 0 bytes, keil_freertos_startup_lpc15xx.o(.text))
<BR>[Address Reference Count : 1]<UL><LI> keil_freertos_startup_lpc15xx.o(RESET)
</UL>
<P><STRONG><a name="[1a]"></a>PIN_INT4_IRQHandler</STRONG> (Thumb, 0 bytes, Stack size 0 bytes, keil_freertos_startup_lpc15xx.o(.text))
<BR>[Address Reference Count : 1]<UL><LI> keil_freertos_startup_lpc15xx.o(RESET)
</UL>
<P><STRONG><a name="[1b]"></a>PIN_INT5_IRQHandler</STRONG> (Thumb, 0 bytes, Stack size 0 bytes, keil_freertos_startup_lpc15xx.o(.text))
<BR>[Address Reference Count : 1]<UL><LI> keil_freertos_startup_lpc15xx.o(RESET)
</UL>
<P><STRONG><a name="[1c]"></a>PIN_INT6_IRQHandler</STRONG> (Thumb, 0 bytes, Stack size 0 bytes, keil_freertos_startup_lpc15xx.o(.text))
<BR>[Address Reference Count : 1]<UL><LI> keil_freertos_startup_lpc15xx.o(RESET)
</UL>
<P><STRONG><a name="[1d]"></a>PIN_INT7_IRQHandler</STRONG> (Thumb, 0 bytes, Stack size 0 bytes, keil_freertos_startup_lpc15xx.o(.text))
<BR>[Address Reference Count : 1]<UL><LI> keil_freertos_startup_lpc15xx.o(RESET)
</UL>
<P><STRONG><a name="[3b]"></a>QEI_IRQHandler</STRONG> (Thumb, 0 bytes, Stack size 0 bytes, keil_freertos_startup_lpc15xx.o(.text))
<BR>[Address Reference Count : 1]<UL><LI> keil_freertos_startup_lpc15xx.o(RESET)
</UL>
[...]
<BR>[Calls]<UL><LI><a href="#[f6]">&gt;&gt;</a>&nbsp;&nbsp;&nbsp;Chip_Clock_GetMainClockRate
<LI><a href="#[10e]">&gt;&gt;</a>&nbsp;&nbsp;&nbsp;__aeabi_uldivmod
</UL>
<BR>[Called By]<UL><LI><a href="#[f9]">&gt;&gt;</a>&nbsp;&nbsp;&nbsp;Chip_UART_SetBaud
<LI><a href="#[f7]">&gt;&gt;</a>&nbsp;&nbsp;&nbsp;Chip_Clock_SetUARTBaseClockRate
</UL>

<P><STRONG><a name="[112]"></a>Chip_Clock_SetMainClockSource</STRONG> (Thumb, 26 bytes, Stack size 0 bytes, clock_15xx.o(i.Chip_Clock_SetMainClockSource))
<BR><BR>[Called By]<UL><LI><a href="#[fc]">&gt;&gt;</a>&nbsp;&nbsp;&nbsp;Chip_SetupXtalClocking
</UL>

<P><STRONG><a name="[f7]"></a>Chip_Clock_SetUARTBaseClockRate</STRONG> (Thumb, 76 bytes, Stack size 16 bytes, clock_15xx.o(i.Chip_Clock_SetUARTBaseClockRate))
<BR><BR>[Stack]<UL><LI>Max Depth = 80<LI>Call Chain = Chip_Clock_SetUARTBaseClockRate &rArr; Chip_Clock_GetUARTBaseClockRate &rArr; __aeabi_uldivmod
</UL>
<BR>[Calls]<UL><LI><a href="#[10d]">&gt;&gt;</a>&nbsp;&nbsp;&nbsp;Chip_Clock_GetUARTBaseClockRate
<LI><a href="#[f6]">&gt;&gt;</a>&nbsp;&nbsp;&nbsp;Chip_Clock_GetMainClockRate
<LI><a href="#[10e]">&gt;&gt;</a>&nbsp;&nbsp;&nbsp;__aeabi_uldivmod
</UL>
<BR>[Called By]<UL><LI><a href="#[f4]">&gt;&gt;</a>&nbsp;&nbsp;&nbsp;Board_Debug_Init
</UL>

<P><STRONG><a name="[fa]"></a>Chip_GPIO_Init</STRONG> (Thumb, 44 bytes, Stack size 8 bytes, gpio_15xx.o(i.Chip_GPIO_Init))
<BR><BR>[Stack]<UL><LI>Max Depth = 8<LI>Call Chain = Chip_GPIO_Init
</UL>
<BR>[Calls]<UL><LI><a href="#[101]">&gt;&gt;</a>&nbsp;&nbsp;&nbsp;Chip_SYSCTL_DeassertPeriphReset
<LI><a href="#[100]">&gt;&gt;</a>&nbsp;&nbsp;&nbsp;Chip_SYSCTL_AssertPeriphReset
<LI><a href="#[ff]">&gt;&gt;</a>&nbsp;&nbsp;&nbsp;Chip_Clock_EnablePeriphClock
</UL>
<BR>[Called By]<UL><LI><a href="#[d9]">&gt;&gt;</a>&nbsp;&nbsp;&nbsp;Board_Init
</UL>

<P><STRONG><a name="[102]"></a>Chip_IOCON_SetPinMuxing</STRONG> (Thumb, 36 bytes, Stack size 16 bytes, iocon_15xx.o(i.Chip_IOCON_SetPinMuxing))
<BR><BR>[Stack]<UL><LI>Max Depth = 16<LI>Call Chain = Chip_IOCON_SetPinMuxing
</UL>
<BR>[Called By]<UL><LI><a href="#[fe]">&gt;&gt;</a>&nbsp;&nbsp;&nbsp;Board_SetupMuxing
</UL>

<P><STRONG><a name="[103]"></a>Chip_SWM_MovablePinAssign</STRONG> (Thumb, 30 bytes, Stack size 8 bytes, swm_15xx.o(i.Chip_SWM_MovablePinAssign))
<BR><BR>[Stack]<UL><LI>Max Depth = 8<LI>Call Chain = Chip_SWM_MovablePinAssign
</UL>
<BR>[Called By]<UL><LI><a href="#[fe]">&gt;&gt;</a>&nbsp;&nbsp;&nbsp;Board_SetupMuxing
<LI><a href="#[f5]">&gt;&gt;</a>&nbsp;&nbsp;&nbsp;Chip_SWM_MovablePortPinAssign
</UL>

<P><STRONG><a name="[100]"></a>Chip_SYSCTL_AssertPeriphReset</STRONG> (Thumb, 30 bytes, Stack size 0 bytes, sysctl_15xx.o(i.Chip_SYSCTL_AssertPeriphReset))
<BR><BR>[Called By]<UL><LI><a href="#[fe]">&gt;&gt;</a>&nbsp;&nbsp;&nbsp;Board_SetupMuxing
<LI><a href="#[fa]">&gt;&gt;</a>&nbsp;&nbsp;&nbsp;Chip_GPIO_Init
<LI><a href="#[10f]">&gt;&gt;</a>&nbsp;&nbsp;&nbsp;Chip_SYSCTL_PeriphReset
</UL>

<P><STRONG><a name="[101]"></a>Chip_SYSCTL_DeassertPeriphReset</STRONG> (Thumb, 30 bytes, Stack size 0 bytes, sysctl_15xx.o(i.Chip_SYSCTL_DeassertPeriphReset))
<BR><BR>[Called By]<UL><LI><a href="#[fe]">&gt;&gt;</a>&nbsp;&nbsp;&nbsp;Board_SetupMuxing
<LI><a href="#[fa]">&gt;&gt;</a>&nbsp;&nbsp;&nbsp;Chip_GPIO_Init
<LI><a href="#[10f]">&gt;&gt;</a>&nbsp;&nbsp;&nbsp;Chip_SYSCTL_PeriphReset
</UL>

<P><STRONG><a name="[110]"></a>Chip_SYSCTL_PowerDown</STRONG> (Thumb, 20 bytes, Stack size 0 bytes, sysctl_15xx.o(i.Chip_SYSCTL_PowerDown))
<BR><BR>[Called By]<UL><LI><a href="#[fc]">&gt;&gt;</a>&nbsp;&nbsp;&nbsp;Chip_SetupXtalClocking
</UL>

<P><STRONG><a name="[fd]"></a>Chip_SYSCTL_PowerUp</STRONG> (Thumb, 20 bytes, Stack size 0 bytes, sysctl_15xx.o(i.Chip_SYSCTL_PowerUp))
<BR><BR>[Called By]<UL><LI><a href="#[fc]">&gt;&gt;</a>&nbsp;&nbsp;&nbsp;Chip_SetupXtalClocking
<LI><a href="#[fb]">&gt;&gt;</a>&nbsp;&nbsp;&nbsp;Board_SetupClocking
</UL>

<P><STRONG><a name="[fc]"></a>Chip_SetupXtalClocking</STRONG> (Thumb, 92 bytes, Stack size 16 bytes, sysinit_15xx.o(i.Chip_SetupXtalClocking))
<BR><BR>[Stack]<UL><LI>Max Depth = 16<LI>Call Chain = Chip_SetupXtalClocking
</UL>
<BR>[Calls]<UL><LI><a href="#[112]">&gt;&gt;</a>&nbsp;&nbsp;&nbsp;Chip_Clock_SetMainClockSource
<LI><a href="#[110]">&gt;&gt;</a>&nbsp;&nbsp;&nbsp;Chip_SYSCTL_PowerDown
<LI><a href="#[fd]">&gt;&gt;</a>&nbsp;&nbsp;&nbsp;Chip_SYSCTL_PowerUp
<LI><a href="#[111]">&gt;&gt;</a>&nbsp;&nbsp;&nbsp;Chip_FMC_SetFLASHAccess
</UL>
<BR>[Called By]<UL><LI><a href="#[fb]">&gt;&gt;</a>&nbsp;&nbsp;&nbsp;Board_SetupClocking
</UL>

<P><STRONG><a name="[f8]"></a>Chip_UART_Init</STRONG> (Thumb, 42 bytes, Stack size 8 bytes, uart_15xx.o(i.Chip_UART_Init))
<BR><BR>[Stack]<UL><LI>Max Depth = 16<LI>Call Chain = Chip_UART_Init &rArr; Chip_SYSCTL_PeriphReset
</UL>
<BR>[Calls]<UL><LI><a href="#[ff]">&gt;&gt;</a>&nbsp;&nbsp;&nbsp;Chip_Clock_EnablePeriphClock
<LI><a href="#[113]">&gt;&gt;</a>&nbsp;&nbsp;&nbsp;getUARTClockID
<LI><a href="#[10f]">&gt;&gt;</a>&nbsp;&nbsp;&nbsp;Chip_SYSCTL_PeriphReset
</UL>
<BR>[Called By]<UL><LI><a href="#[f4]">&gt;&gt;</a>&nbsp;&nbsp;&nbsp;Board_Debug_Init
</UL>

<P><STRONG><a name="[114]"></a>Chip_UART_Send</STRONG> (Thumb, 28 bytes, Stack size 8 bytes, uart_15xx.o(i.Chip_UART_Send))
<BR><BR>[Stack]<UL><LI>Max Depth = 8<LI>Call Chain = Chip_UART_Send
</UL>
<BR>[Called By]<UL><LI><a href="#[105]">&gt;&gt;</a>&nbsp;&nbsp;&nbsp;Chip_UART_SendBlocking
</UL>

<P><STRONG><a name="[105]"></a>Chip_UART_SendBlocking</STRONG> (Thumb, 36 bytes, Stack size 20 bytes, uart_15xx.o(i.Chip_UART_SendBlocking))
<BR><BR>[Stack]<UL><LI>Max Depth = 28<LI>Call Chain = Chip_UART_SendBlocking &rArr; Chip_UART_Send
</UL>
<BR>[Calls]<UL><LI><a href="#[114]">&gt;&gt;</a>&nbsp;&nbsp;&nbsp;Chip_UART_Send
</UL>
<BR>[Called By]<UL><LI><a href="#[104]">&gt;&gt;</a>&nbsp;&nbsp;&nbsp;Board_UARTPutChar
</UL>

<P><STRONG><a name="[f9]"></a>Chip_UART_SetBaud</STRONG> (Thumb, 22 bytes, Stack size 16 bytes, uart_15xx.o(i.Chip_UART_SetBaud))
<BR><BR>[Stack]<UL><LI>Max Depth = 80<LI>Call Chain = Chip_UART_SetBaud &rArr; Chip_Clock_GetUARTBaseClockRate &rArr; __aeabi_uldivmod
</UL>
<BR>[Calls]<UL><LI><a href="#[10d]">&gt;&gt;</a>&nbsp;&nbsp;&nbsp;Chip_Clock_GetUARTBaseClockRate
</UL>
<BR>[Called By]<UL><LI><a href="#[f4]">&gt;&gt;</a>&nbsp;&nbsp;&nbsp;Board_Debug_Init
</UL>

<P><STRONG><a name="[d8]"></a>SystemCoreClockUpdate</STRONG> (Thumb, 12 bytes, Stack size 8 bytes, chip_15xx.o(i.SystemCoreClockUpdate))
<BR><BR>[Stack]<UL><LI>Max Depth = 24<LI>Call Chain = SystemCoreClockUpdate &rArr; Chip_Clock_GetSystemClockRate &rArr; Chip_Clock_GetMainClockRate &rArr; Chip_Clock_GetMain_B_ClockRate &rArr; Chip_Clock_GetSystemPLLOutClockRate
</UL>
<BR>[Calls]<UL><LI><a href="#[10a]">&gt;&gt;</a>&nbsp;&nbsp;&nbsp;Chip_Clock_GetSystemClockRate
</UL>
<BR>[Called By]<UL><LI><a href="#[55]">&gt;&gt;</a>&nbsp;&nbsp;&nbsp;main
</UL>

<P><STRONG><a name="[e0]"></a>_is_digit</STRONG> (Thumb, 14 bytes, Stack size 0 bytes, __printf_wp.o(i._is_digit))
<BR><BR>[Called By]<UL><LI><a href="#[df]">&gt;&gt;</a>&nbsp;&nbsp;&nbsp;__printf
</UL>

<P><STRONG><a name="[5a]"></a>_sys_exit</STRONG> (Thumb, 4 bytes, Stack size 0 bytes, board.o(i._sys_exit))
<BR><BR>[Calls]<UL><LI><a href="#[5a]">&gt;&gt;</a>&nbsp;&nbsp;&nbsp;_sys_exit
</UL>
<BR>[Called By]<UL><LI><a href="#[5a]">&gt;&gt;</a>&nbsp;&nbsp;&nbsp;_sys_exit
<LI><a href="#[59]">&gt;&gt;</a>&nbsp;&nbsp;&nbsp;__rt_exit_exit
<LI><a href="#[ee]">&gt;&gt;</a>&nbsp;&nbsp;&nbsp;__sig_exit
</UL>

<P><STRONG><a name="[ea]"></a>ferror</STRONG> (Thumb, 6 bytes, Stack size 0 bytes, board.o(i.ferror))
<BR><BR>[Called By]<UL><LI><a href="#[dd]">&gt;&gt;</a>&nbsp;&nbsp;&nbsp;_printf_char_file
</UL>

<P><STRONG><a name="[46]"></a>fputc</STRONG> (Thumb, 12 bytes, Stack size 8 bytes, board.o(i.fputc))
<BR><BR>[Stack]<UL><LI>Max Depth = 44<LI>Call Chain = fputc &rArr; Board_UARTPutChar &rArr; Chip_UART_SendBlocking &rArr; Chip_UART_Send
</UL>
<BR>[Calls]<UL><LI><a href="#[104]">&gt;&gt;</a>&nbsp;&nbsp;&nbsp;Board_UARTPutChar
</UL>
<BR>[Address Reference Count : 1]<UL><LI> _printf_char_file.o(.text)
</UL><P>
<H3>
Local Symbols
</H3>
<P><STRONG><a name="[64]"></a>prvUnlockQueue</STRONG> (Thumb, 126 bytes, Stack size 8 bytes, queue.o(.text), UNUSED)
<BR><BR>[Calls]<UL><LI><a href="#[5e]">&gt;&gt;</a>&nbsp;&nbsp;&nbsp;xTaskRemoveFromEventList
<LI><a href="#[65]">&gt;&gt;</a>&nbsp;&nbsp;&nbsp;vTaskMissedYield
<LI><a href="#[61]">&gt;&gt;</a>&nbsp;&nbsp;&nbsp;vPortExitCritical
<LI><a href="#[5d]">&gt;&gt;</a>&nbsp;&nbsp;&nbsp;vPortEnterCritical
</UL>
<BR>[Called By]<UL><LI><a href="#[75]">&gt;&gt;</a>&nbsp;&nbsp;&nbsp;xQueueGenericReceive
<LI><a href="#[6a]">&gt;&gt;</a>&nbsp;&nbsp;&nbsp;xQueueGenericSend
</UL>

<P><STRONG><a name="[66]"></a>prvIsQueueFull</STRONG> (Thumb, 30 bytes, Stack size 16 bytes, queue.o(.text), UNUSED)
<BR><BR>[Calls]<UL><LI><a href="#[61]">&gt;&gt;</a>&nbsp;&nbsp;&nbsp;vPortExitCritical
<LI><a href="#[5d]">&gt;&gt;</a>&nbsp;&nbsp;&nbsp;vPortEnterCritical
</UL>
<BR>[Called By]<UL><LI><a href="#[6a]">&gt;&gt;</a>&nbsp;&nbsp;&nbsp;xQueueGenericSend
</UL>

<P><STRONG><a name="[67]"></a>prvCopyDataToQueue</STRONG> (Thumb, 128 bytes, Stack size 24 bytes, queue.o(.text), UNUSED)
<BR><BR>[Calls]<UL><LI><a href="#[68]">&gt;&gt;</a>&nbsp;&nbsp;&nbsp;xTaskPriorityDisinherit
<LI><a href="#[69]">&gt;&gt;</a>&nbsp;&nbsp;&nbsp;__aeabi_memcpy
</UL>
<BR>[Called By]<UL><LI><a href="#[7a]">&gt;&gt;</a>&nbsp;&nbsp;&nbsp;xQueueGenericSendFromISR
<LI><a href="#[6a]">&gt;&gt;</a>&nbsp;&nbsp;&nbsp;xQueueGenericSend
</UL>

<P><STRONG><a name="[73]"></a>prvIsQueueEmpty</STRONG> (Thumb, 26 bytes, Stack size 16 bytes, queue.o(.text), UNUSED)
<BR><BR>[Calls]<UL><LI><a href="#[61]">&gt;&gt;</a>&nbsp;&nbsp;&nbsp;vPortExitCritical
<LI><a href="#[5d]">&gt;&gt;</a>&nbsp;&nbsp;&nbsp;vPortEnterCritical
</UL>
<BR>[Called By]<UL><LI><a href="#[75]">&gt;&gt;</a>&nbsp;&nbsp;&nbsp;xQueueGenericReceive
</UL>

<P><STRONG><a name="[74]"></a>prvCopyDataFromQueue</STRONG> (Thumb, 42 bytes, Stack size 16 bytes, queue.o(.text), UNUSED)
<BR><BR>[Calls]<UL><LI><a href="#[69]">&gt;&gt;</a>&nbsp;&nbsp;&nbsp;__aeabi_memcpy
</UL>
<BR>[Called By]<UL><LI><a href="#[7f]">&gt;&gt;</a>&nbsp;&nbsp;&nbsp;xQueuePeekFromISR
<LI><a href="#[7e]">&gt;&gt;</a>&nbsp;&nbsp;&nbsp;xQueueReceiveFromISR
<LI><a href="#[75]">&gt;&gt;</a>&nbsp;&nbsp;&nbsp;xQueueGenericReceive
</UL>

<P><STRONG><a name="[85]"></a>prvInitialiseTaskLists</STRONG> (Thumb, 70 bytes, Stack size 8 bytes, tasks.o(.text))
<BR><BR>[Stack]<UL><LI>Max Depth = 8<LI>Call Chain = prvInitialiseTaskLists
</UL>
<BR>[Calls]<UL><LI><a href="#[60]">&gt;&gt;</a>&nbsp;&nbsp;&nbsp;vListInitialise
</UL>
<BR>[Called By]<UL><LI><a href="#[8a]">&gt;&gt;</a>&nbsp;&nbsp;&nbsp;xTaskGenericCreate
</UL>

<P><STRONG><a name="[86]"></a>prvInitialiseTCBVariables</STRONG> (Thumb, 98 bytes, Stack size 32 bytes, tasks.o(.text))
<BR><BR>[Stack]<UL><LI>Max Depth = 32<LI>Call Chain = prvInitialiseTCBVariables
</UL>
<BR>[Calls]<UL><LI><a href="#[87]">&gt;&gt;</a>&nbsp;&nbsp;&nbsp;vListInitialiseItem
</UL>
<BR>[Called By]<UL><LI><a href="#[8a]">&gt;&gt;</a>&nbsp;&nbsp;&nbsp;xTaskGenericCreate
</UL>

<P><STRONG><a name="[88]"></a>prvAllocateTCBAndStack</STRONG> (Thumb, 66 bytes, Stack size 24 bytes, tasks.o(.text))
<BR><BR>[Stack]<UL><LI>Max Depth = 88 + Unknown Stack Size
<LI>Call Chain = prvAllocateTCBAndStack &rArr; pvPortMalloc &rArr; malloc &rArr; __Heap_Full &rArr; __Heap_ProvideMemory &rArr; free
</UL>
<BR>[Calls]<UL><LI><a href="#[84]">&gt;&gt;</a>&nbsp;&nbsp;&nbsp;vPortFree
<LI><a href="#[63]">&gt;&gt;</a>&nbsp;&nbsp;&nbsp;pvPortMalloc
<LI><a href="#[89]">&gt;&gt;</a>&nbsp;&nbsp;&nbsp;__aeabi_memset
</UL>
<BR>[Called By]<UL><LI><a href="#[8a]">&gt;&gt;</a>&nbsp;&nbsp;&nbsp;xTaskGenericCreate
</UL>

<P><STRONG><a name="[8f]"></a>prvResetNextTaskUnblockTime</STRONG> (Thumb, 42 bytes, Stack size 0 bytes, tasks.o(.text))
<BR><BR>[Called By]<UL><LI><a href="#[98]">&gt;&gt;</a>&nbsp;&nbsp;&nbsp;vTaskSuspend
<LI><a href="#[90]">&gt;&gt;</a>&nbsp;&nbsp;&nbsp;xTaskIncrementTick
<LI><a href="#[8d]">&gt;&gt;</a>&nbsp;&nbsp;&nbsp;vTaskDelete
<LI><a href="#[5e]">&gt;&gt;</a>&nbsp;&nbsp;&nbsp;xTaskRemoveFromEventList
</UL>

<P><STRONG><a name="[91]"></a>prvAddCurrentTaskToDelayedList</STRONG> (Thumb, 62 bytes, Stack size 8 bytes, tasks.o(.text))
<BR><BR>[Stack]<UL><LI>Max Depth = 16<LI>Call Chain = prvAddCurrentTaskToDelayedList &rArr; vListInsert
</UL>
<BR>[Calls]<UL><LI><a href="#[92]">&gt;&gt;</a>&nbsp;&nbsp;&nbsp;vListInsert
</UL>
<BR>[Called By]<UL><LI><a href="#[ac]">&gt;&gt;</a>&nbsp;&nbsp;&nbsp;xTaskNotifyWait
<LI><a href="#[ab]">&gt;&gt;</a>&nbsp;&nbsp;&nbsp;ulTaskNotifyTake
<LI><a href="#[a8]">&gt;&gt;</a>&nbsp;&nbsp;&nbsp;vTaskPlaceOnUnorderedEventList
<LI><a href="#[94]">&gt;&gt;</a>&nbsp;&nbsp;&nbsp;vTaskDelay
<LI><a href="#[93]">&gt;&gt;</a>&nbsp;&nbsp;&nbsp;vTaskDelayUntil
<LI><a href="#[6e]">&gt;&gt;</a>&nbsp;&nbsp;&nbsp;vTaskPlaceOnEventList
</UL>

<P><STRONG><a name="[9a]"></a>prvTaskIsTaskSuspended</STRONG> (Thumb, 56 bytes, Stack size 8 bytes, tasks.o(.text), UNUSED)
<BR><BR>[Called By]<UL><LI><a href="#[9b]">&gt;&gt;</a>&nbsp;&nbsp;&nbsp;xTaskResumeFromISR
<LI><a href="#[99]">&gt;&gt;</a>&nbsp;&nbsp;&nbsp;vTaskResume
</UL>

<P><STRONG><a name="[9f]"></a>prvGetExpectedIdleTime</STRONG> (Thumb, 36 bytes, Stack size 0 bytes, tasks.o(.text))
<BR><BR>[Called By]<UL><LI><a href="#[3e]">&gt;&gt;</a>&nbsp;&nbsp;&nbsp;prvIdleTask
</UL>

<P><STRONG><a name="[9c]"></a>prvDeleteTCB</STRONG> (Thumb, 18 bytes, Stack size 8 bytes, tasks.o(.text))
<BR><BR>[Stack]<UL><LI>Max Depth = 56<LI>Call Chain = prvDeleteTCB &rArr; vPortFree &rArr; xTaskResumeAll &rArr; xTaskIncrementTick
</UL>
<BR>[Calls]<UL><LI><a href="#[84]">&gt;&gt;</a>&nbsp;&nbsp;&nbsp;vPortFree
</UL>
<BR>[Called By]<UL><LI><a href="#[9d]">&gt;&gt;</a>&nbsp;&nbsp;&nbsp;prvCheckTasksWaitingTermination
</UL>

<P><STRONG><a name="[9d]"></a>prvCheckTasksWaitingTermination</STRONG> (Thumb, 86 bytes, Stack size 16 bytes, tasks.o(.text))
<BR><BR>[Stack]<UL><LI>Max Depth = 72<LI>Call Chain = prvCheckTasksWaitingTermination &rArr; prvDeleteTCB &rArr; vPortFree &rArr; xTaskResumeAll &rArr; xTaskIncrementTick
</UL>
<BR>[Calls]<UL><LI><a href="#[9c]">&gt;&gt;</a>&nbsp;&nbsp;&nbsp;prvDeleteTCB
<LI><a href="#[6f]">&gt;&gt;</a>&nbsp;&nbsp;&nbsp;xTaskResumeAll
<LI><a href="#[6c]">&gt;&gt;</a>&nbsp;&nbsp;&nbsp;vTaskSuspendAll
<LI><a href="#[61]">&gt;&gt;</a>&nbsp;&nbsp;&nbsp;vPortExitCritical
<LI><a href="#[5d]">&gt;&gt;</a>&nbsp;&nbsp;&nbsp;vPortEnterCritical
<LI><a href="#[8e]">&gt;&gt;</a>&nbsp;&nbsp;&nbsp;uxListRemove
</UL>
<BR>[Called By]<UL><LI><a href="#[3e]">&gt;&gt;</a>&nbsp;&nbsp;&nbsp;prvIdleTask
</UL>

<P><STRONG><a name="[3e]"></a>prvIdleTask</STRONG> (Thumb, 58 bytes, Stack size 0 bytes, tasks.o(.text))
<BR><BR>[Stack]<UL><LI>Max Depth = 72<LI>Call Chain = prvIdleTask &rArr; prvCheckTasksWaitingTermination &rArr; prvDeleteTCB &rArr; vPortFree &rArr; xTaskResumeAll &rArr; xTaskIncrementTick
</UL>
<BR>[Calls]<UL><LI><a href="#[a0]">&gt;&gt;</a>&nbsp;&nbsp;&nbsp;vPortSuppressTicksAndSleep
<LI><a href="#[9e]">&gt;&gt;</a>&nbsp;&nbsp;&nbsp;vApplicationIdleHook
<LI><a href="#[9d]">&gt;&gt;</a>&nbsp;&nbsp;&nbsp;prvCheckTasksWaitingTermination
<LI><a href="#[9f]">&gt;&gt;</a>&nbsp;&nbsp;&nbsp;prvGetExpectedIdleTime
<LI><a href="#[6f]">&gt;&gt;</a>&nbsp;&nbsp;&nbsp;xTaskResumeAll
<LI><a href="#[6c]">&gt;&gt;</a>&nbsp;&nbsp;&nbsp;vTaskSuspendAll
<LI><a href="#[5f]">&gt;&gt;</a>&nbsp;&nbsp;&nbsp;vPortYield
</UL>
<BR>[Address Reference Count : 1]<UL><LI> tasks.o(.text)
</UL>
<P><STRONG><a name="[a6]"></a>prvTaskCheckFreeStackSpace</STRONG> (Thumb, 22 bytes, Stack size 0 bytes, tasks.o(.text), UNUSED)
<BR><BR>[Called By]<UL><LI><a href="#[aa]">&gt;&gt;</a>&nbsp;&nbsp;&nbsp;uxTaskGetStackHighWaterMark
<LI><a href="#[a5]">&gt;&gt;</a>&nbsp;&nbsp;&nbsp;prvListTaskWithinSingleList
</UL>

<P><STRONG><a name="[a5]"></a>prvListTaskWithinSingleList</STRONG> (Thumb, 176 bytes, Stack size 32 bytes, tasks.o(.text), UNUSED)
<BR><BR>[Calls]<UL><LI><a href="#[a6]">&gt;&gt;</a>&nbsp;&nbsp;&nbsp;prvTaskCheckFreeStackSpace
</UL>
<BR>[Called By]<UL><LI><a href="#[a7]">&gt;&gt;</a>&nbsp;&nbsp;&nbsp;uxTaskGetSystemState
</UL>

<P><STRONG><a name="[3f]"></a>prvTaskExitError</STRONG> (Thumb, 8 bytes, Stack size 0 bytes, port.o(.text))
<BR><BR>[Calls]<UL><LI><a href="#[7b]">&gt;&gt;</a>&nbsp;&nbsp;&nbsp;ulPortSetInterruptMask
</UL>
<BR>[Address Reference Count : 1]<UL><LI> port.o(.text)
</UL>
<P><STRONG><a name="[42]"></a>vLEDTask1</STRONG> (Thumb, 24 bytes, Stack size 0 bytes, main.o(.text))
<BR><BR>[Stack]<UL><LI>Max Depth = 56<LI>Call Chain = vLEDTask1 &rArr; vTaskDelay &rArr; xTaskResumeAll &rArr; xTaskIncrementTick
</UL>
<BR>[Calls]<UL><LI><a href="#[94]">&gt;&gt;</a>&nbsp;&nbsp;&nbsp;vTaskDelay
<LI><a href="#[d6]">&gt;&gt;</a>&nbsp;&nbsp;&nbsp;Board_LED_Set
</UL>
<BR>[Address Reference Count : 1]<UL><LI> main.o(.text)
</UL>
<P><STRONG><a name="[43]"></a>vLEDTask2</STRONG> (Thumb, 24 bytes, Stack size 0 bytes, main.o(.text))
<BR><BR>[Stack]<UL><LI>Max Depth = 56<LI>Call Chain = vLEDTask2 &rArr; vTaskDelay &rArr; xTaskResumeAll &rArr; xTaskIncrementTick
</UL>
<BR>[Calls]<UL><LI><a href="#[94]">&gt;&gt;</a>&nbsp;&nbsp;&nbsp;vTaskDelay
<LI><a href="#[d6]">&gt;&gt;</a>&nbsp;&nbsp;&nbsp;Board_LED_Set
</UL>
<BR>[Address Reference Count : 1]<UL><LI> main.o(.text)
</UL>
<P><STRONG><a name="[44]"></a>vUARTTask</STRONG> (Thumb, 24 bytes, Stack size 0 bytes, main.o(.text))
<BR><BR>[Stack]<UL><LI>Max Depth = 144 + Unknown Stack Size
<LI>Call Chain = vUARTTask &rArr; __2printf &rArr; _printf_char_file &rArr; _printf_char_common &rArr; __printf
</UL>
<BR>[Calls]<UL><LI><a href="#[94]">&gt;&gt;</a>&nbsp;&nbsp;&nbsp;vTaskDelay
<LI><a href="#[d7]">&gt;&gt;</a>&nbsp;&nbsp;&nbsp;__2printf
</UL>
<BR>[Address Reference Count : 1]<UL><LI> main.o(.text)
</UL>
<P><STRONG><a name="[f5]"></a>Chip_SWM_MovablePortPinAssign</STRONG> (Thumb, 10 bytes, Stack size 0 bytes, board.o(i.Chip_SWM_MovablePortPinAssign))
<BR><BR>[Stack]<UL><LI>Max Depth = 8<LI>Call Chain = Chip_SWM_MovablePortPinAssign &rArr; Chip_SWM_MovablePinAssign
</UL>
<BR>[Calls]<UL><LI><a href="#[103]">&gt;&gt;</a>&nbsp;&nbsp;&nbsp;Chip_SWM_MovablePinAssign
</UL>
<BR>[Called By]<UL><LI><a href="#[f4]">&gt;&gt;</a>&nbsp;&nbsp;&nbsp;Board_Debug_Init
</UL>

<P><STRONG><a name="[10c]"></a>Chip_Clock_GetPLLFreq</STRONG> (Thumb, 12 bytes, Stack size 0 bytes, clock_15xx.o(i.Chip_Clock_GetPLLFreq))
<BR><BR>[Called By]<UL><LI><a href="#[109]">&gt;&gt;</a>&nbsp;&nbsp;&nbsp;Chip_Clock_GetSystemPLLOutClockRate
</UL>

<P><STRONG><a name="[10b]"></a>Chip_Clock_GetPLLInClockRate</STRONG> (Thumb, 24 bytes, Stack size 0 bytes, clock_15xx.o(i.Chip_Clock_GetPLLInClockRate))
<BR><BR>[Called By]<UL><LI><a href="#[108]">&gt;&gt;</a>&nbsp;&nbsp;&nbsp;Chip_Clock_GetSystemPLLInClockRate
</UL>

<P><STRONG><a name="[111]"></a>Chip_FMC_SetFLASHAccess</STRONG> (Thumb, 24 bytes, Stack size 0 bytes, sysinit_15xx.o(i.Chip_FMC_SetFLASHAccess))
<BR><BR>[Called By]<UL><LI><a href="#[fc]">&gt;&gt;</a>&nbsp;&nbsp;&nbsp;Chip_SetupXtalClocking
</UL>

<P><STRONG><a name="[10f]"></a>Chip_SYSCTL_PeriphReset</STRONG> (Thumb, 18 bytes, Stack size 8 bytes, uart_15xx.o(i.Chip_SYSCTL_PeriphReset))
<BR><BR>[Stack]<UL><LI>Max Depth = 8<LI>Call Chain = Chip_SYSCTL_PeriphReset
</UL>
<BR>[Calls]<UL><LI><a href="#[101]">&gt;&gt;</a>&nbsp;&nbsp;&nbsp;Chip_SYSCTL_DeassertPeriphReset
<LI><a href="#[100]">&gt;&gt;</a>&nbsp;&nbsp;&nbsp;Chip_SYSCTL_AssertPeriphReset
</UL>
<BR>[Called By]<UL><LI><a href="#[f8]">&gt;&gt;</a>&nbsp;&nbsp;&nbsp;Chip_UART_Init
</UL>

<P><STRONG><a name="[113]"></a>getUARTClockID</STRONG> (Thumb, 24 bytes, Stack size 0 bytes, uart_15xx.o(i.getUARTClockID))
<BR><BR>[Called By]<UL><LI><a href="#[f8]">&gt;&gt;</a>&nbsp;&nbsp;&nbsp;Chip_UART_Init
</UL>

<P><STRONG><a name="[45]"></a>_printf_input_char</STRONG> (Thumb, 10 bytes, Stack size 0 bytes, _printf_char_common.o(.text))
<BR>[Address Reference Count : 1]<UL><LI> _printf_char_common.o(.text)
</UL><P>
<H3>
Undefined Global Symbols
</H3><HR></body></html>
