<html>
<body>
<pre>
<h1>µVision Build Log</h1>
<h2>Tool Versions:</h2>
IDE-Version: µVision V5.16a
Copyright (C) 2015 ARM Ltd and ARM Germany GmbH. All rights reserved.
License Information: VANROYE Victorien, ARION LAB, LIC=----
 
Tool Versions:
Toolchain:       MDK-Lite  Version: 5.16a
Toolchain Path:  C:\Keil_v5\ARM\ARMCC\Bin
C Compiler:      Armcc.exe V5.06 (build 20)
Assembler:       Armasm.exe V5.06 (build 20)
Linker/Locator:  ArmLink.exe V5.06 (build 20)
Library Manager: ArmAr.exe V5.06 (build 20)
Hex Converter:   FromElf.exe V5.06 (build 20)
CPU DLL:         SARMCM3.DLL V5.16a
Dialog DLL:      DCM.DLL V1.13.2.0
Target DLL:      CMSIS_AGDI.dll V1.21.20.0
Dialog DLL:      TCM.DLL V1.14.5.0
 
<h2>Project:</h2>
D:\Projects\ARM_LPC1549\M2_SE_RTOS_Project\M2_SE_RTOS_Project\Project\LPC1549_Keil\freertos_blinky.uvproj
Project File Date:  11/30/2015

<h2>Output:</h2>
*** Using Compiler 'V5.06 (build 20)', folder: 'C:\Keil_v5\ARM\ARMCC\Bin'
Rebuild target 'iflash_nxp_lpcxpresso_1549'
compiling sct_pwm_15xx.c...
compiling heap_3.c...
compiling list.c...
compiling timers.c...
compiling port.c...
compiling queue.c...
compiling tasks.c...
compiling endian.c...
compiling str.c...
compiling date_time.c...
compiling os_port_freertos.c...
compiling enc28j60.c...
CycloneTCP_SSL_Crypto_Open_1_6_4\cyclone_tcp\drivers\enc28j60.c(463): warning:  #177-D: variable "status" was declared but never referenced
     uint8_t status;
CycloneTCP_SSL_Crypto_Open_1_6_4\cyclone_tcp\drivers\enc28j60.c: 1 warning, 0 errors
compiling net.c...
compiling bsd_socket.c...
compiling ip.c...
compiling ethernet.c...
compiling nic.c...
compiling net_mem.c...
compiling ping.c...
compiling raw_socket.c...
compiling socket.c...
compiling tcp_timer.c...
compiling tcp.c...
compiling tcp_fsm.c...
compiling tcp_misc.c...
compiling udp.c...
compiling dhcp_common.c...
compiling dns_common.c...
compiling auto_ip.c...
compiling icmp.c...
compiling arp.c...
compiling igmp.c...
compiling ipv4_frag.c...
compiling ipv4.c...
compiling dhcp_debug.c...
compiling dns_cache.c...
compiling dns_client.c...
compiling dhcp_client.c...
compiling dns_debug.c...
compiling dns_sd.c...
compiling mdns_client.c...
assembling keil_freertos_startup_lpc15xx.s...
compiling mdns_common.c...
compiling sysinit.c...
compiling myNetwork.c...
compiling myPwm.c...
compiling nbns_client.c...
compiling nbns_common.c...
compiling mdns_responder.c...
compiling nbns_responder.c...
compiling main.c...
linking...
Program Size: Code=6444 RO-data=460 RW-data=80 ZI-data=6504  
After Build - User command #1: C:\Keil_v5\\ARM\BIN\ELFDWT.EXE .\keil_output\iflash_nxp_lpcxpresso_1549\freertos_blinky.axf BASEADDRESS(0x00000000)
ELFDWT - Signature Creator V1.1.0.0
COPYRIGHT Keil - An ARM Company, Copyright (C) 2014
*** Updated Signature over Range[32] (0x00000000 - 0x00000018): @0x0000001C = 0xFDFFDF5B
*** Processing completed, no Errors.
".\keil_output\iflash_nxp_lpcxpresso_1549\freertos_blinky.axf" - 0 Error(s), 1 Warning(s).
Build Time Elapsed:  00:00:04
</pre>
</body>
</html>
