Component: ARM Compiler 5.06 (build 20) Tool: armlink [4d35a3]

==============================================================================

Section Cross References

    queue.o(.text) refers to port.o(.text) for vPortEnterCritical
    queue.o(.text) refers to tasks.o(.text) for xTaskRemoveFromEventList
    queue.o(.text) refers to list.o(.text) for vListInitialise
    queue.o(.text) refers to heap_3.o(.text) for pvPortMalloc
    queue.o(.text) refers to rt_memcpy_v6.o(.text) for __aeabi_memcpy
    queue.o(.text) refers to port.o(.emb_text) for ulPortSetInterruptMask
    queue.o(.text) refers to queue.o(.bss) for xQueueRegistry
    tasks.o(.text) refers to list.o(.text) for vListInitialise
    tasks.o(.text) refers to heap_3.o(.text) for pvPortMalloc
    tasks.o(.text) refers to aeabi_memset.o(.text) for __aeabi_memset
    tasks.o(.text) refers to port.o(.text) for pxPortInitialiseStack
    tasks.o(.text) refers to tasks.o(.bss) for pxReadyTasksLists
    tasks.o(.text) refers to tasks.o(.data) for pxDelayedTaskList
    tasks.o(.text) refers to port.o(.emb_text) for ulPortSetInterruptMask
    tasks.o(.text) refers to mynetwork.o(.text) for vApplicationIdleHook
    port.o(.emb_text) refers to tasks.o(.text) for vTaskSwitchContext
    port.o(.emb_text) refers to tasks.o(.data) for pxCurrentTCB
    port.o(.text) refers to port.o(.emb_text) for ulPortSetInterruptMask
    port.o(.text) refers to tasks.o(.text) for xTaskIncrementTick
    port.o(.text) refers to chip_15xx.o(.data) for SystemCoreClock
    port.o(.text) refers to port.o(.data) for ulTimerCountsForOneTick
    heap_3.o(.text) refers to tasks.o(.text) for vTaskSuspendAll
    heap_3.o(.text) refers to h1_alloc.o(.text) for malloc
    heap_3.o(.text) refers to h1_free.o(.text) for free
    os_port_freertos.o(.text) refers to tasks.o(.text) for vTaskStartScheduler
    os_port_freertos.o(.text) refers to port.o(.text) for vPortYield
    os_port_freertos.o(.text) refers to queue.o(.text) for xQueueGenericCreate
    os_port_freertos.o(.text) refers to heap_3.o(.text) for pvPortMalloc
    os_port_freertos.o(.text) refers to port.o(.emb_text) for ulPortSetInterruptMask
    date_time.o(.text) refers to _printf_pad.o(.text) for _printf_pre_padding
    date_time.o(.text) refers to _printf_percent.o(.ARM.Collect$$_printf_percent$$00000000) for _printf_percent
    date_time.o(.text) refers to _printf_u.o(.ARM.Collect$$_printf_percent$$0000000A) for _printf_u
    date_time.o(.text) refers to _printf_dec.o(.text) for _printf_int_dec
    date_time.o(.text) refers to _printf_s.o(.ARM.Collect$$_printf_percent$$00000014) for _printf_s
    date_time.o(.text) refers to _printf_str.o(.text) for _printf_str
    date_time.o(.text) refers to noretval__2sprintf.o(.text) for __2sprintf
    date_time.o(.text) refers to date_time.o(.bss) for buffer
    date_time.o(.text) refers to date_time.o(.constdata) for months
    str.o(.text) refers to strlen.o(.text) for strlen
    str.o(.text) refers to os_port_freertos.o(.text) for osAllocMem
    str.o(.text) refers to rt_memcpy_v6.o(.text) for __aeabi_memcpy
    str.o(.text) refers to rt_ctype_table.o(.text) for __rt_ctype_table
    str.o(.text) refers to strncpy.o(.text) for strncpy
    sysinit.o(.text) refers to board_sysinit.o(i.Board_SystemInit) for Board_SystemInit
    keil_freertos_startup_lpc15xx.o(STACK) refers (Special) to heapauxi.o(.text) for __use_two_region_memory
    keil_freertos_startup_lpc15xx.o(HEAP) refers (Special) to heapauxi.o(.text) for __use_two_region_memory
    keil_freertos_startup_lpc15xx.o(RESET) refers (Special) to heapauxi.o(.text) for __use_two_region_memory
    keil_freertos_startup_lpc15xx.o(RESET) refers to keil_freertos_startup_lpc15xx.o(STACK) for __initial_sp
    keil_freertos_startup_lpc15xx.o(RESET) refers to keil_freertos_startup_lpc15xx.o(.text) for Reset_Handler
    keil_freertos_startup_lpc15xx.o(RESET) refers to port.o(.emb_text) for SVC_Handler
    keil_freertos_startup_lpc15xx.o(RESET) refers to port.o(.text) for SysTick_Handler
    keil_freertos_startup_lpc15xx.o(.text) refers (Special) to heapauxi.o(.text) for __use_two_region_memory
    keil_freertos_startup_lpc15xx.o(.text) refers to sysinit.o(.text) for SystemInit
    keil_freertos_startup_lpc15xx.o(.text) refers to __main.o(!!!main) for __main
    keil_freertos_startup_lpc15xx.o(.text) refers to keil_freertos_startup_lpc15xx.o(HEAP) for Heap_Mem
    keil_freertos_startup_lpc15xx.o(.text) refers to keil_freertos_startup_lpc15xx.o(STACK) for Stack_Mem
    main.o(.text) refers to _printf_percent.o(.ARM.Collect$$_printf_percent$$00000000) for _printf_percent
    main.o(.text) refers to _printf_d.o(.ARM.Collect$$_printf_percent$$00000009) for _printf_d
    main.o(.text) refers to _printf_dec.o(.text) for _printf_int_dec
    main.o(.text) refers to board.o(i.Board_LED_Set) for Board_LED_Set
    main.o(.text) refers to tasks.o(.text) for vTaskDelay
    main.o(.text) refers to noretval__2printf.o(.text) for __2printf
[...]
    ../clib/heapalloc.c                      0x00000000   Number         0  maybetermalloc2.o ABSOLUTE
    ../clib/heapalloc.c                      0x00000000   Number         0  heapstubs.o ABSOLUTE
    ../clib/heapalloc.c                      0x00000000   Number         0  init_alloc.o ABSOLUTE
    ../clib/heapalloc.c                      0x00000000   Number         0  hguard.o ABSOLUTE
    ../clib/heapalloc.c                      0x00000000   Number         0  malloc.o ABSOLUTE
    ../clib/heapalloc.c                      0x00000000   Number         0  free.o ABSOLUTE
    ../clib/heapaux.c                        0x00000000   Number         0  heapauxi.o ABSOLUTE
    ../clib/heapaux.c                        0x00000000   Number         0  heapauxa.o ABSOLUTE
    ../clib/libinit.s                        0x00000000   Number         0  libshutdown.o ABSOLUTE
    ../clib/libinit.s                        0x00000000   Number         0  libinit2.o ABSOLUTE
    ../clib/libinit.s                        0x00000000   Number         0  libshutdown2.o ABSOLUTE
    ../clib/libinit.s                        0x00000000   Number         0  libinit.o ABSOLUTE
    ../clib/locale.s                         0x00000000   Number         0  lc_ctype_c.o ABSOLUTE
    ../clib/longlong.s                       0x00000000   Number         0  lludivv7m.o ABSOLUTE
    ../clib/memcpset.s                       0x00000000   Number         0  rt_memcpy_v6.o ABSOLUTE
    ../clib/memcpset.s                       0x00000000   Number         0  aeabi_memset.o ABSOLUTE
    ../clib/memcpset.s                       0x00000000   Number         0  strncpy.o ABSOLUTE
    ../clib/memcpset.s                       0x00000000   Number         0  strcmpv7m.o ABSOLUTE
    ../clib/memcpset.s                       0x00000000   Number         0  rt_memcpy_w.o ABSOLUTE
    ../clib/memcpset.s                       0x00000000   Number         0  rt_memclr_w.o ABSOLUTE
    ../clib/memcpset.s                       0x00000000   Number         0  rt_memclr.o ABSOLUTE
    ../clib/misc.s                           0x00000000   Number         0  printf_stubs.o ABSOLUTE
    ../clib/printf.c                         0x00000000   Number         0  noretval__2printf.o ABSOLUTE
    ../clib/printf.c                         0x00000000   Number         0  _printf_dec.o ABSOLUTE
    ../clib/printf.c                         0x00000000   Number         0  __printf_flags.o ABSOLUTE
    ../clib/printf.c                         0x00000000   Number         0  __printf_ss.o ABSOLUTE
    ../clib/printf.c                         0x00000000   Number         0  __printf_flags_ss.o ABSOLUTE
    ../clib/printf.c                         0x00000000   Number         0  __printf_wp.o ABSOLUTE
    ../clib/printf.c                         0x00000000   Number         0  __printf_nopercent.o ABSOLUTE
    ../clib/printf.c                         0x00000000   Number         0  __2sprintf.o ABSOLUTE
    ../clib/printf.c                         0x00000000   Number         0  _printf_char_file.o ABSOLUTE
    ../clib/printf.c                         0x00000000   Number         0  _sputc.o ABSOLUTE
    ../clib/printf.c                         0x00000000   Number         0  _printf_char_common.o ABSOLUTE
    ../clib/printf.c                         0x00000000   Number         0  _printf_intcommon.o ABSOLUTE
    ../clib/printf.c                         0x00000000   Number         0  __2printf.o ABSOLUTE
    ../clib/printf.c                         0x00000000   Number         0  noretval__2sprintf.o ABSOLUTE
    ../clib/printf.c                         0x00000000   Number         0  __printf_flags_ss_wp.o ABSOLUTE
    ../clib/printf.c                         0x00000000   Number         0  __printf_ss_wp.o ABSOLUTE
    ../clib/printf.c                         0x00000000   Number         0  __printf.o ABSOLUTE
    ../clib/printf.c                         0x00000000   Number         0  __printf_flags_wp.o ABSOLUTE
    ../clib/printf.c                         0x00000000   Number         0  _printf_pad.o ABSOLUTE
    ../clib/printf.c                         0x00000000   Number         0  _printf_str.o ABSOLUTE
    ../clib/printf.c                         0x00000000   Number         0  _printf_char.o ABSOLUTE
    ../clib/printf_percent.s                 0x00000000   Number         0  _printf_percent_end.o ABSOLUTE
    ../clib/printf_percent.s                 0x00000000   Number         0  _printf_u.o ABSOLUTE
    ../clib/printf_percent.s                 0x00000000   Number         0  _printf_percent.o ABSOLUTE
    ../clib/printf_percent.s                 0x00000000   Number         0  _printf_d.o ABSOLUTE
    ../clib/printf_percent.s                 0x00000000   Number         0  _printf_s.o ABSOLUTE
    ../clib/signal.c                         0x00000000   Number         0  defsig_segv_inner.o ABSOLUTE
    ../clib/signal.c                         0x00000000   Number         0  defsig_other.o ABSOLUTE
    ../clib/signal.c                         0x00000000   Number         0  defsig_stak_inner.o ABSOLUTE
    ../clib/signal.c                         0x00000000   Number         0  defsig_fpe_inner.o ABSOLUTE
    ../clib/signal.c                         0x00000000   Number         0  defsig_abrt_inner.o ABSOLUTE
    ../clib/signal.c                         0x00000000   Number         0  defsig_rtred_inner.o ABSOLUTE
    ../clib/signal.c                         0x00000000   Number         0  defsig_rtmem_inner.o ABSOLUTE
    ../clib/signal.c                         0x00000000   Number         0  __raise.o ABSOLUTE
    ../clib/signal.c                         0x00000000   Number         0  defsig_rtmem_formal.o ABSOLUTE
    ../clib/signal.c                         0x00000000   Number         0  defsig_general.o ABSOLUTE
    ../clib/signal.c                         0x00000000   Number         0  defsig_cppl_inner.o ABSOLUTE
    ../clib/signal.c                         0x00000000   Number         0  defsig_pvfn_inner.o ABSOLUTE
    ../clib/signal.c                         0x00000000   Number         0  defsig_exit.o ABSOLUTE
    ../clib/signal.c                         0x00000000   Number         0  defsig_fpe_outer.o ABSOLUTE
    ../clib/signal.c                         0x00000000   Number         0  defsig_fpe_formal.o ABSOLUTE
    ../clib/signal.c                         0x00000000   Number         0  defsig_rtmem_outer.o ABSOLUTE
    ../clib/signal.s                         0x00000000   Number         0  defsig.o ABSOLUTE
    ../clib/stdlib.c                         0x00000000   Number         0  exit.o ABSOLUTE
    ../clib/string.c                         0x00000000   Number         0  strlen.o ABSOLUTE
    ../fplib/fpinit.s                        0x00000000   Number         0  fpinit.o ABSOLUTE
    ..\chip_common\ring_buffer.c             0x00000000   Number         0  ring_buffer.o ABSOLUTE
    CycloneTCP_SSL_Crypto_Open_1_6_4\\common\\date_time.c 0x00000000   Number         0  date_time.o ABSOLUTE
    CycloneTCP_SSL_Crypto_Open_1_6_4\\common\\endian.c 0x00000000   Number         0  endian.o ABSOLUTE
    CycloneTCP_SSL_Crypto_Open_1_6_4\\common\\os_port_freertos.c 0x00000000   Number         0  os_port_freertos.o ABSOLUTE
    CycloneTCP_SSL_Crypto_Open_1_6_4\\common\\str.c 0x00000000   Number         0  str.o ABSOLUTE
    CycloneTCP_SSL_Crypto_Open_1_6_4\\demo\\common\\freertos\\croutine.c 0x00000000   Number         0  croutine.o ABSOLUTE
    CycloneTCP_SSL_Crypto_Open_1_6_4\\demo\\common\\freertos\\list.c 0x00000000   Number         0  list.o ABSOLUTE
    CycloneTCP_SSL_Crypto_Open_1_6_4\\demo\\common\\freertos\\portable\\memmang\\heap_3.c 0x00000000   Number         0  heap_3.o ABSOLUTE
    CycloneTCP_SSL_Crypto_Open_1_6_4\\demo\\common\\freertos\\portable\\rvds\\arm_cm3\\port.c 0x00000000   Number         0  port.o ABSOLUTE
    CycloneTCP_SSL_Crypto_Open_1_6_4\\demo\\common\\freertos\\queue.c 0x00000000   Number         0  queue.o ABSOLUTE
    CycloneTCP_SSL_Crypto_Open_1_6_4\\demo\\common\\freertos\\tasks.c 0x00000000   Number         0  tasks.o ABSOLUTE
    CycloneTCP_SSL_Crypto_Open_1_6_4\\demo\\common\\freertos\\timers.c 0x00000000   Number         0  timers.o ABSOLUTE
    CycloneTCP_SSL_Crypto_Open_1_6_4\common\date_time.c 0x00000000   Number         0  date_time.o ABSOLUTE
    CycloneTCP_SSL_Crypto_Open_1_6_4\common\endian.c 0x00000000   Number         0  endian.o ABSOLUTE
    CycloneTCP_SSL_Crypto_Open_1_6_4\common\os_port_freertos.c 0x00000000   Number         0  os_port_freertos.o ABSOLUTE
    CycloneTCP_SSL_Crypto_Open_1_6_4\common\str.c 0x00000000   Number         0  str.o ABSOLUTE
    CycloneTCP_SSL_Crypto_Open_1_6_4\demo\common\freertos\croutine.c 0x00000000   Number         0  croutine.o ABSOLUTE
    CycloneTCP_SSL_Crypto_Open_1_6_4\demo\common\freertos\list.c 0x00000000   Number         0  list.o ABSOLUTE
    CycloneTCP_SSL_Crypto_Open_1_6_4\demo\common\freertos\portable\memmang\heap_3.c 0x00000000   Number         0  heap_3.o ABSOLUTE
    CycloneTCP_SSL_Crypto_Open_1_6_4\demo\common\freertos\portable\rvds\arm_cm3\port.c 0x00000000   Number         0  port.o ABSOLUTE
    CycloneTCP_SSL_Crypto_Open_1_6_4\demo\common\freertos\queue.c 0x00000000   Number         0  queue.o ABSOLUTE
    CycloneTCP_SSL_Crypto_Open_1_6_4\demo\common\freertos\tasks.c 0x00000000   Number         0  tasks.o ABSOLUTE
    CycloneTCP_SSL_Crypto_Open_1_6_4\demo\common\freertos\timers.c 0x00000000   Number         0  timers.o ABSOLUTE
    board.c                                  0x00000000   Number         0  board.o ABSOLUTE
    board.c                                  0x00000000   Number         0  board.o ABSOLUTE
    board_sysinit.c                          0x00000000   Number         0  board_sysinit.o ABSOLUTE
    board_sysinit.c                          0x00000000   Number         0  board_sysinit.o ABSOLUTE
    chip_15xx.c                              0x00000000   Number         0  chip_15xx.o ABSOLUTE
    chip_15xx.c                              0x00000000   Number         0  chip_15xx.o ABSOLUTE
    clock_15xx.c                             0x00000000   Number         0  clock_15xx.o ABSOLUTE
    clock_15xx.c                             0x00000000   Number         0  clock_15xx.o ABSOLUTE
    dc.s                                     0x00000000   Number         0  dc.o ABSOLUTE
    examples\freertos\startup_code\keil_freertos_startup_lpc15xx.s 0x00000000   Number         0  keil_freertos_startup_lpc15xx.o ABSOLUTE
    gpio_15xx.c                              0x00000000   Number         0  gpio_15xx.o ABSOLUTE
    gpio_15xx.c                              0x00000000   Number         0  gpio_15xx.o ABSOLUTE
    iocon_15xx.c                             0x00000000   Number         0  iocon_15xx.o ABSOLUTE
    iocon_15xx.c                             0x00000000   Number         0  iocon_15xx.o ABSOLUTE
    src\\main.c                              0x00000000   Number         0  main.o ABSOLUTE
    src\main.c                               0x00000000   Number         0  main.o ABSOLUTE
    src\myNetwork.c                          0x00000000   Number         0  mynetwork.o ABSOLUTE
    startup_code\\sysinit.c                  0x00000000   Number         0  sysinit.o ABSOLUTE
    startup_code\sysinit.c                   0x00000000   Number         0  sysinit.o ABSOLUTE
    swm_15xx.c                               0x00000000   Number         0  swm_15xx.o ABSOLUTE
    swm_15xx.c                               0x00000000   Number         0  swm_15xx.o ABSOLUTE
    sysctl_15xx.c                            0x00000000   Number         0  sysctl_15xx.o ABSOLUTE
    sysctl_15xx.c                            0x00000000   Number         0  sysctl_15xx.o ABSOLUTE
    sysinit_15xx.c                           0x00000000   Number         0  sysinit_15xx.o ABSOLUTE
    sysinit_15xx.c                           0x00000000   Number         0  sysinit_15xx.o ABSOLUTE
    uart_15xx.c                              0x00000000   Number         0  uart_15xx.o ABSOLUTE
    uart_15xx.c                              0x00000000   Number         0  uart_15xx.o ABSOLUTE
    !!!main                                  0x000000fc   Section        8  __main.o(!!!main)
    !!!scatter                               0x00000104   Section       52  __scatter.o(!!!scatter)
    !!handler_copy                           0x00000138   Section       26  __scatter_copy.o(!!handler_copy)
    !!handler_zi                             0x00000154   Section       28  __scatter_zi.o(!!handler_zi)
    .ARM.Collect$$_printf_percent$$00000000  0x00000170   Section        0  _printf_percent.o(.ARM.Collect$$_printf_percent$$00000000)
    .ARM.Collect$$_printf_percent$$00000009  0x00000170   Section        6  _printf_d.o(.ARM.Collect$$_printf_percent$$00000009)
    .ARM.Collect$$_printf_percent$$00000017  0x00000176   Section        4  _printf_percent_end.o(.ARM.Collect$$_printf_percent$$00000017)
    .ARM.Collect$$libinit$$00000000          0x0000017a   Section        2  libinit.o(.ARM.Collect$$libinit$$00000000)
    .ARM.Collect$$libinit$$00000002          0x0000017c   Section        0  libinit2.o(.ARM.Collect$$libinit$$00000002)
    .ARM.Collect$$libinit$$00000004          0x0000017c   Section        0  libinit2.o(.ARM.Collect$$libinit$$00000004)
    .ARM.Collect$$libinit$$00000005          0x0000017c   Section        8  libinit2.o(.ARM.Collect$$libinit$$00000005)
    .ARM.Collect$$libinit$$0000000A          0x00000184   Section        0  libinit2.o(.ARM.Collect$$libinit$$0000000A)
    .ARM.Collect$$libinit$$0000000C          0x00000184   Section        0  libinit2.o(.ARM.Collect$$libinit$$0000000C)
    .ARM.Collect$$libinit$$0000000E          0x00000184   Section        0  libinit2.o(.ARM.Collect$$libinit$$0000000E)
    .ARM.Collect$$libinit$$00000011          0x00000184   Section        0  libinit2.o(.ARM.Collect$$libinit$$00000011)
    .ARM.Collect$$libinit$$00000013          0x00000184   Section        0  libinit2.o(.ARM.Collect$$libinit$$00000013)
    .ARM.Collect$$libinit$$00000015          0x00000184   Section        0  libinit2.o(.ARM.Collect$$libinit$$00000015)
    .ARM.Collect$$libinit$$00000017          0x00000184   Section        0  libinit2.o(.ARM.Collect$$libinit$$00000017)
    .ARM.Collect$$libinit$$00000019          0x00000184   Section        0  libinit2.o(.ARM.Collect$$libinit$$00000019)
    .ARM.Collect$$libinit$$0000001B          0x00000184   Section        0  libinit2.o(.ARM.Collect$$libinit$$0000001B)
    .ARM.Collect$$libinit$$0000001D          0x00000184   Section        0  libinit2.o(.ARM.Collect$$libinit$$0000001D)
    .ARM.Collect$$libinit$$0000001F          0x00000184   Section        0  libinit2.o(.ARM.Collect$$libinit$$0000001F)
    .ARM.Collect$$libinit$$00000021          0x00000184   Section        0  libinit2.o(.ARM.Collect$$libinit$$00000021)
    .ARM.Collect$$libinit$$00000023          0x00000184   Section        0  libinit2.o(.ARM.Collect$$libinit$$00000023)
    .ARM.Collect$$libinit$$00000025          0x00000184   Section        0  libinit2.o(.ARM.Collect$$libinit$$00000025)
    .ARM.Collect$$libinit$$0000002C          0x00000184   Section        0  libinit2.o(.ARM.Collect$$libinit$$0000002C)
    .ARM.Collect$$libinit$$0000002E          0x00000184   Section        0  libinit2.o(.ARM.Collect$$libinit$$0000002E)
    .ARM.Collect$$libinit$$00000030          0x00000184   Section        0  libinit2.o(.ARM.Collect$$libinit$$00000030)
    .ARM.Collect$$libinit$$00000032          0x00000184   Section        0  libinit2.o(.ARM.Collect$$libinit$$00000032)
    .ARM.Collect$$libinit$$00000033          0x00000184   Section        2  libinit2.o(.ARM.Collect$$libinit$$00000033)
    .ARM.Collect$$libshutdown$$00000000      0x00000186   Section        2  libshutdown.o(.ARM.Collect$$libshutdown$$00000000)
    .ARM.Collect$$libshutdown$$00000002      0x00000188   Section        0  libshutdown2.o(.ARM.Collect$$libshutdown$$00000002)
    .ARM.Collect$$libshutdown$$00000004      0x00000188   Section        0  libshutdown2.o(.ARM.Collect$$libshutdown$$00000004)
    .ARM.Collect$$libshutdown$$00000007      0x00000188   Section        0  libshutdown2.o(.ARM.Collect$$libshutdown$$00000007)
    .ARM.Collect$$libshutdown$$0000000A      0x00000188   Section        0  libshutdown2.o(.ARM.Collect$$libshutdown$$0000000A)
    .ARM.Collect$$libshutdown$$0000000C      0x00000188   Section        0  libshutdown2.o(.ARM.Collect$$libshutdown$$0000000C)
    .ARM.Collect$$libshutdown$$0000000F      0x00000188   Section        0  libshutdown2.o(.ARM.Collect$$libshutdown$$0000000F)
    .ARM.Collect$$libshutdown$$00000010      0x00000188   Section        2  libshutdown2.o(.ARM.Collect$$libshutdown$$00000010)
    .ARM.Collect$$rtentry$$00000000          0x0000018a   Section        0  __rtentry.o(.ARM.Collect$$rtentry$$00000000)
    .ARM.Collect$$rtentry$$00000002          0x0000018a   Section        0  __rtentry2.o(.ARM.Collect$$rtentry$$00000002)
    .ARM.Collect$$rtentry$$00000004          0x0000018a   Section        6  __rtentry4.o(.ARM.Collect$$rtentry$$00000004)
    .ARM.Collect$$rtentry$$00000009          0x00000190   Section        0  __rtentry2.o(.ARM.Collect$$rtentry$$00000009)
    .ARM.Collect$$rtentry$$0000000A          0x00000190   Section        4  __rtentry2.o(.ARM.Collect$$rtentry$$0000000A)
    .ARM.Collect$$rtentry$$0000000C          0x00000194   Section        0  __rtentry2.o(.ARM.Collect$$rtentry$$0000000C)
    .ARM.Collect$$rtentry$$0000000D          0x00000194   Section        8  __rtentry2.o(.ARM.Collect$$rtentry$$0000000D)
    .ARM.Collect$$rtexit$$00000000           0x0000019c   Section        2  rtexit.o(.ARM.Collect$$rtexit$$00000000)
    .ARM.Collect$$rtexit$$00000002           0x0000019e   Section        0  rtexit2.o(.ARM.Collect$$rtexit$$00000002)
    .ARM.Collect$$rtexit$$00000003           0x0000019e   Section        4  rtexit2.o(.ARM.Collect$$rtexit$$00000003)
    .ARM.Collect$$rtexit$$00000004           0x000001a2   Section        6  rtexit2.o(.ARM.Collect$$rtexit$$00000004)
    .emb_text                                0x000001a8   Section      162  port.o(.emb_text)
    .emb_text                                0x0000024c   Section        0  maybetermalloc1.o(.emb_text)
    .text                                    0x0000024c   Section        0  list.o(.text)
    .text                                    0x000002e0   Section        0  queue.o(.text)
    prvUnlockQueue                           0x0000039d   Thumb Code   126  queue.o(.text)
    prvIsQueueFull                           0x0000041b   Thumb Code    30  queue.o(.text)
    prvCopyDataToQueue                       0x00000439   Thumb Code   128  queue.o(.text)
    prvIsQueueEmpty                          0x0000061f   Thumb Code    26  queue.o(.text)
    prvCopyDataFromQueue                     0x00000639   Thumb Code    42  queue.o(.text)
    .text                                    0x000009f0   Section        0  tasks.o(.text)
    prvInitialiseTaskLists                   0x000009f1   Thumb Code    70  tasks.o(.text)
    prvInitialiseTCBVariables                0x00000a37   Thumb Code    98  tasks.o(.text)
    prvAllocateTCBAndStack                   0x00000a99   Thumb Code    66  tasks.o(.text)
    prvResetNextTaskUnblockTime              0x00000bc3   Thumb Code    42  tasks.o(.text)
    prvAddCurrentTaskToDelayedList           0x00000e7b   Thumb Code    62  tasks.o(.text)
    prvTaskIsTaskSuspended                   0x00001187   Thumb Code    56  tasks.o(.text)
    prvGetExpectedIdleTime                   0x000012c5   Thumb Code    36  tasks.o(.text)
    prvDeleteTCB                             0x000012e9   Thumb Code    18  tasks.o(.text)
    prvCheckTasksWaitingTermination          0x000012fb   Thumb Code    86  tasks.o(.text)
    prvIdleTask                              0x00001351   Thumb Code    58  tasks.o(.text)
    prvTaskCheckFreeStackSpace               0x000013e5   Thumb Code    22  tasks.o(.text)
    prvListTaskWithinSingleList              0x000013fb   Thumb Code   176  tasks.o(.text)
    .text                                    0x00001cc8   Section        0  port.o(.text)
    prvTaskExitError                         0x00001cc9   Thumb Code     8  port.o(.text)
    .text                                    0x00001f1c   Section        0  heap_3.o(.text)
    .text                                    0x00001f4a   Section        0  os_port_freertos.o(.text)
    .text                                    0x000021b8   Section        0  sysinit.o(.text)
    .text                                    0x000021c0   Section       60  keil_freertos_startup_lpc15xx.o(.text)
    .text                                    0x000021fc   Section        0  main.o(.text)
    vLEDTask1                                0x000021fd   Thumb Code    24  main.o(.text)
    vLEDTask2                                0x00002215   Thumb Code    24  main.o(.text)
    vUARTTask                                0x0000222d   Thumb Code    24  main.o(.text)
    .text                                    0x000022e0   Section        0  mynetwork.o(.text)
    .text                                    0x000022e6   Section        0  h1_alloc.o(.text)
    .text                                    0x00002344   Section        0  h1_free.o(.text)
    .text                                    0x00002392   Section      238  lludivv7m.o(.text)
    .text                                    0x00002480   Section        0  noretval__2printf.o(.text)
    .text                                    0x00002498   Section        0  _printf_dec.o(.text)
    .text                                    0x00002510   Section        0  __printf_flags_wp.o(.text)
    .text                                    0x00002648   Section      138  rt_memcpy_v6.o(.text)
    .text                                    0x000026d2   Section       16  aeabi_memset.o(.text)
    .text                                    0x000026e2   Section        0  heapauxi.o(.text)
    .text                                    0x000026e8   Section        8  rt_heap_descriptor_intlibspace.o(.text)
    .text                                    0x000026f0   Section        0  hguard.o(.text)
    .text                                    0x000026f4   Section        0  init_alloc.o(.text)
    .text                                    0x0000277e   Section        0  h1_init.o(.text)
    .text                                    0x0000278c   Section        0  _printf_intcommon.o(.text)
    .text                                    0x00002840   Section        0  _printf_char_common.o(.text)
    _printf_input_char                       0x00002841   Thumb Code    10  _printf_char_common.o(.text)
    .text                                    0x00002870   Section        0  _printf_char_file.o(.text)
    .text                                    0x00002894   Section      100  rt_memcpy_w.o(.text)
    .text                                    0x000028f8   Section       68  rt_memclr.o(.text)
    .text                                    0x0000293c   Section        8  libspace.o(.text)
    .text                                    0x00002944   Section        0  h1_extend.o(.text)
    .text                                    0x00002978   Section        0  defsig_rtmem_outer.o(.text)
    .text                                    0x00002986   Section       78  rt_memclr_w.o(.text)
    .text                                    0x000029d4   Section        2  use_no_semi.o(.text)
    .text                                    0x000029d6   Section       74  sys_stackheap_outer.o(.text)
    .text                                    0x000029d6   Section        0  indicate_semi.o(.text)
    .text                                    0x00002a20   Section        0  exit.o(.text)
    .text                                    0x00002a32   Section        0  defsig_exit.o(.text)
    .text                                    0x00002a3c   Section        0  defsig_rtmem_inner.o(.text)
    .text                                    0x00002a8c   Section        0  defsig_general.o(.text)
    .text                                    0x00002abe   Section        0  sys_wrch.o(.text)
    i.Board_Debug_Init                       0x00002acc   Section        0  board.o(i.Board_Debug_Init)
    i.Board_Init                             0x00002b2c   Section        0  board.o(i.Board_Init)
    i.Board_LED_Set                          0x00002b74   Section        0  board.o(i.Board_LED_Set)
    i.Board_SetupClocking                    0x00002b98   Section        0  board_sysinit.o(i.Board_SetupClocking)
    i.Board_SetupMuxing                      0x00002bd0   Section        0  board_sysinit.o(i.Board_SetupMuxing)
    i.Board_SystemInit                       0x00002c20   Section        0  board_sysinit.o(i.Board_SystemInit)
    i.Board_UARTPutChar                      0x00002c38   Section        0  board.o(i.Board_UARTPutChar)
    i.Chip_Clock_EnablePeriphClock           0x00002c4c   Section        0  clock_15xx.o(i.Chip_Clock_EnablePeriphClock)
    i.Chip_Clock_GetMainClockRate            0x00002c6c   Section        0  clock_15xx.o(i.Chip_Clock_GetMainClockRate)
    i.Chip_Clock_GetMain_A_ClockRate         0x00002c84   Section        0  clock_15xx.o(i.Chip_Clock_GetMain_A_ClockRate)
    i.Chip_Clock_GetMain_B_ClockRate         0x00002cb8   Section        0  clock_15xx.o(i.Chip_Clock_GetMain_B_ClockRate)
    i.Chip_Clock_GetPLLFreq                  0x00002cec   Section        0  clock_15xx.o(i.Chip_Clock_GetPLLFreq)
    Chip_Clock_GetPLLFreq                    0x00002ced   Thumb Code    12  clock_15xx.o(i.Chip_Clock_GetPLLFreq)
    i.Chip_Clock_GetPLLInClockRate           0x00002cf8   Section        0  clock_15xx.o(i.Chip_Clock_GetPLLInClockRate)
    Chip_Clock_GetPLLInClockRate             0x00002cf9   Thumb Code    24  clock_15xx.o(i.Chip_Clock_GetPLLInClockRate)
    i.Chip_Clock_GetSystemClockRate          0x00002d18   Section        0  clock_15xx.o(i.Chip_Clock_GetSystemClockRate)
    i.Chip_Clock_GetSystemPLLInClockRate     0x00002d30   Section        0  clock_15xx.o(i.Chip_Clock_GetSystemPLLInClockRate)
    i.Chip_Clock_GetSystemPLLOutClockRate    0x00002d40   Section        0  clock_15xx.o(i.Chip_Clock_GetSystemPLLOutClockRate)
    i.Chip_Clock_GetUARTBaseClockRate        0x00002d5c   Section        0  clock_15xx.o(i.Chip_Clock_GetUARTBaseClockRate)
    i.Chip_Clock_SetMainClockSource          0x00002d9c   Section        0  clock_15xx.o(i.Chip_Clock_SetMainClockSource)
    i.Chip_Clock_SetUARTBaseClockRate        0x00002dbc   Section        0  clock_15xx.o(i.Chip_Clock_SetUARTBaseClockRate)
    i.Chip_FMC_SetFLASHAccess                0x00002e0c   Section        0  sysinit_15xx.o(i.Chip_FMC_SetFLASHAccess)
    Chip_FMC_SetFLASHAccess                  0x00002e0d   Thumb Code    24  sysinit_15xx.o(i.Chip_FMC_SetFLASHAccess)
    i.Chip_GPIO_Init                         0x00002e28   Section        0  gpio_15xx.o(i.Chip_GPIO_Init)
    i.Chip_IOCON_SetPinMuxing                0x00002e54   Section        0  iocon_15xx.o(i.Chip_IOCON_SetPinMuxing)
    i.Chip_SWM_MovablePinAssign              0x00002e78   Section        0  swm_15xx.o(i.Chip_SWM_MovablePinAssign)
    i.Chip_SWM_MovablePortPinAssign          0x00002e9c   Section        0  board.o(i.Chip_SWM_MovablePortPinAssign)
    Chip_SWM_MovablePortPinAssign            0x00002e9d   Thumb Code    10  board.o(i.Chip_SWM_MovablePortPinAssign)
    i.Chip_SYSCTL_AssertPeriphReset          0x00002ea8   Section        0  sysctl_15xx.o(i.Chip_SYSCTL_AssertPeriphReset)
    i.Chip_SYSCTL_DeassertPeriphReset        0x00002ecc   Section        0  sysctl_15xx.o(i.Chip_SYSCTL_DeassertPeriphReset)
    i.Chip_SYSCTL_PeriphReset                0x00002ef0   Section        0  uart_15xx.o(i.Chip_SYSCTL_PeriphReset)
    Chip_SYSCTL_PeriphReset                  0x00002ef1   Thumb Code    18  uart_15xx.o(i.Chip_SYSCTL_PeriphReset)
    i.Chip_SYSCTL_PowerDown                  0x00002f04   Section        0  sysctl_15xx.o(i.Chip_SYSCTL_PowerDown)
    i.Chip_SYSCTL_PowerUp                    0x00002f20   Section        0  sysctl_15xx.o(i.Chip_SYSCTL_PowerUp)
    i.Chip_SetupXtalClocking                 0x00002f3c   Section        0  sysinit_15xx.o(i.Chip_SetupXtalClocking)
    i.Chip_UART_Init                         0x00002f9c   Section        0  uart_15xx.o(i.Chip_UART_Init)
    i.Chip_UART_Send                         0x00002fd0   Section        0  uart_15xx.o(i.Chip_UART_Send)
    i.Chip_UART_SendBlocking                 0x00002fec   Section        0  uart_15xx.o(i.Chip_UART_SendBlocking)
    i.Chip_UART_SetBaud                      0x00003010   Section        0  uart_15xx.o(i.Chip_UART_SetBaud)
    i.SystemCoreClockUpdate                  0x00003028   Section        0  chip_15xx.o(i.SystemCoreClockUpdate)
    i._is_digit                              0x00003038   Section        0  __printf_wp.o(i._is_digit)
    i._sys_exit                              0x00003046   Section        0  board.o(i._sys_exit)
    i.ferror                                 0x0000304a   Section        0  board.o(i.ferror)
    i.fputc                                  0x00003050   Section        0  board.o(i.fputc)
    i.getUARTClockID                         0x0000305c   Section        0  uart_15xx.o(i.getUARTClockID)
    getUARTClockID                           0x0000305d   Thumb Code    24  uart_15xx.o(i.getUARTClockID)
    .constdata                               0x0000307c   Section        4  board.o(.constdata)
    .constdata                               0x00003080   Section        4  board.o(.constdata)
    .constdata                               0x00003084   Section       21  board.o(.constdata)
    ledpins                                  0x00003084   Data           3  board.o(.constdata)
    ledports                                 0x00003087   Data           3  board.o(.constdata)
    portButton                               0x0000308a   Data           5  board.o(.constdata)
    pinButton                                0x0000308f   Data           5  board.o(.constdata)
    stateButton                              0x00003094   Data           5  board.o(.constdata)
    .constdata                               0x0000309c   Section      124  board_sysinit.o(.constdata)
    swmSetup                                 0x0000309c   Data           6  board_sysinit.o(.constdata)
    ioconSetup                               0x000030a4   Data         116  board_sysinit.o(.constdata)
    .constdata                               0x00003118   Section       17  __printf_flags_wp.o(.constdata)
    maptable                                 0x00003118   Data          17  __printf_flags_wp.o(.constdata)
    .data                                    0x02000000   Section       56  tasks.o(.data)
    pxDelayedTaskList                        0x02000004   Data           4  tasks.o(.data)
    pxOverflowDelayedTaskList                0x02000008   Data           4  tasks.o(.data)
    uxTasksDeleted                           0x0200000c   Data           4  tasks.o(.data)
    uxCurrentNumberOfTasks                   0x02000010   Data           4  tasks.o(.data)
    xTickCount                               0x02000014   Data           4  tasks.o(.data)
    uxTopReadyPriority                       0x02000018   Data           4  tasks.o(.data)
    xSchedulerRunning                        0x0200001c   Data           4  tasks.o(.data)
    uxPendedTicks                            0x02000020   Data           4  tasks.o(.data)
    xYieldPending                            0x02000024   Data           4  tasks.o(.data)
    xNumOfOverflows                          0x02000028   Data           4  tasks.o(.data)
    uxTaskNumber                             0x0200002c   Data           4  tasks.o(.data)
    xNextTaskUnblockTime                     0x02000030   Data           4  tasks.o(.data)
    uxSchedulerSuspended                     0x02000034   Data           4  tasks.o(.data)
    .data                                    0x02000038   Section       16  port.o(.data)
    uxCriticalNesting                        0x02000038   Data           4  port.o(.data)
    ulTimerCountsForOneTick                  0x0200003c   Data           4  port.o(.data)
    xMaximumPossibleSuppressedTicks          0x02000040   Data           4  port.o(.data)
    ulStoppedTimerCompensation               0x02000044   Data           4  port.o(.data)
    .data                                    0x02000048   Section        4  chip_15xx.o(.data)
    .data                                    0x0200004c   Section        4  board.o(.data)
    .bss                                     0x02000050   Section       80  queue.o(.bss)
    .bss                                     0x020000a0   Section      260  tasks.o(.bss)
    pxReadyTasksLists                        0x020000a0   Data         160  tasks.o(.bss)
    xDelayedTaskList1                        0x02000140   Data          20  tasks.o(.bss)
    xDelayedTaskList2                        0x02000154   Data          20  tasks.o(.bss)
    xPendingReadyList                        0x02000168   Data          20  tasks.o(.bss)
    xTasksWaitingTermination                 0x0200017c   Data          20  tasks.o(.bss)
    xSuspendedTaskList                       0x02000190   Data          20  tasks.o(.bss)
    .bss                                     0x020001a4   Section       96  libspace.o(.bss)
    HEAP                                     0x02000208   Section     4096  keil_freertos_startup_lpc15xx.o(HEAP)
    Heap_Mem                                 0x02000208   Data        4096  keil_freertos_startup_lpc15xx.o(HEAP)
    STACK                                    0x02001208   Section     2048  keil_freertos_startup_lpc15xx.o(STACK)
    Stack_Mem                                0x02001208   Data        2048  keil_freertos_startup_lpc15xx.o(STACK)
    __initial_sp                             0x02001a08   Data           0  keil_freertos_startup_lpc15xx.o(STACK)

    Global Symbols

    Symbol Name                              Value     Ov Type        Size  Object(Section)

    BuildAttributes$$THM_ISAv4$P$D$K$B$S$PE$A:L22UL41UL21$X:L11$S22US41US21$IEEE1$IW$USESV6$~STKCKD$USESV7$~SHL$OTIME$ROPI$EBA8$UX$STANDARDLIB$REQ8$PRES8$EABIv2 0x00000000   Number         0  anon$$obj.o ABSOLUTE
    __ARM_use_no_argv                        0x00000000   Number         0  main.o ABSOLUTE
    __Vectors                                0x00000000   Data           4  keil_freertos_startup_lpc15xx.o(RESET)
    _printf_flags                            0x00000000   Number         0  printf_stubs.o ABSOLUTE
    _printf_return_value                     0x00000000   Number         0  printf_stubs.o ABSOLUTE
    _printf_sizespec                         0x00000000   Number         0  printf_stubs.o ABSOLUTE
    _printf_widthprec                        0x00000000   Number         0  printf_stubs.o ABSOLUTE
    __ARM_exceptions_init                     - Undefined Weak Reference
    __alloca_initialize                       - Undefined Weak Reference
    __arm_preinit_                            - Undefined Weak Reference
    __cpp_initialize__aeabi_                  - Undefined Weak Reference
    __cxa_finalize                            - Undefined Weak Reference
    __sigvec_lookup                           - Undefined Weak Reference
    __user_heap_extent                        - Undefined Weak Reference
    _atexit_init                              - Undefined Weak Reference
    _call_atexit_fns                          - Undefined Weak Reference
    _clock_init                               - Undefined Weak Reference
    _fp_trap_init                             - Undefined Weak Reference
    _fp_trap_shutdown                         - Undefined Weak Reference
    _get_lc_collate                           - Undefined Weak Reference
    _get_lc_monetary                          - Undefined Weak Reference
    _get_lc_numeric                           - Undefined Weak Reference
    _get_lc_time                              - Undefined Weak Reference
    _getenv_init                              - Undefined Weak Reference
    _handle_redirection                       - Undefined Weak Reference
    _initio                                   - Undefined Weak Reference
    _mutex_acquire                            - Undefined Weak Reference
    _mutex_free                               - Undefined Weak Reference
    _mutex_release                            - Undefined Weak Reference
    _printf_mbtowc                            - Undefined Weak Reference
    _printf_truncate_signed                   - Undefined Weak Reference
    _printf_truncate_unsigned                 - Undefined Weak Reference
    _rand_init                                - Undefined Weak Reference
    _signal_finish                            - Undefined Weak Reference
    _signal_init                              - Undefined Weak Reference
    _terminateio                              - Undefined Weak Reference
    __main                                   0x000000fd   Thumb Code     8  __main.o(!!!main)
    __scatterload                            0x00000105   Thumb Code     0  __scatter.o(!!!scatter)
    __scatterload_rt2                        0x00000105   Thumb Code    44  __scatter.o(!!!scatter)
    __scatterload_rt2_thumb_only             0x00000105   Thumb Code     0  __scatter.o(!!!scatter)
    __scatterload_null                       0x00000113   Thumb Code     0  __scatter.o(!!!scatter)
    __scatterload_copy                       0x00000139   Thumb Code    26  __scatter_copy.o(!!handler_copy)
    __scatterload_zeroinit                   0x00000155   Thumb Code    28  __scatter_zi.o(!!handler_zi)
    _printf_d                                0x00000171   Thumb Code     0  _printf_d.o(.ARM.Collect$$_printf_percent$$00000009)
    _printf_percent                          0x00000171   Thumb Code     0  _printf_percent.o(.ARM.Collect$$_printf_percent$$00000000)
    _printf_percent_end                      0x00000177   Thumb Code     0  _printf_percent_end.o(.ARM.Collect$$_printf_percent$$00000017)
    __rt_lib_init                            0x0000017b   Thumb Code     0  libinit.o(.ARM.Collect$$libinit$$00000000)
    __rt_lib_init_fp_1                       0x0000017d   Thumb Code     0  libinit2.o(.ARM.Collect$$libinit$$00000002)
    __rt_lib_init_heap_2                     0x0000017d   Thumb Code     0  libinit2.o(.ARM.Collect$$libinit$$00000005)
    __rt_lib_init_preinit_1                  0x0000017d   Thumb Code     0  libinit2.o(.ARM.Collect$$libinit$$00000004)
    __rt_lib_init_alloca_1                   0x00000185   Thumb Code     0  libinit2.o(.ARM.Collect$$libinit$$0000002E)
    __rt_lib_init_argv_1                     0x00000185   Thumb Code     0  libinit2.o(.ARM.Collect$$libinit$$0000002C)
    __rt_lib_init_atexit_1                   0x00000185   Thumb Code     0  libinit2.o(.ARM.Collect$$libinit$$0000001B)
    __rt_lib_init_clock_1                    0x00000185   Thumb Code     0  libinit2.o(.ARM.Collect$$libinit$$00000021)
    __rt_lib_init_cpp_1                      0x00000185   Thumb Code     0  libinit2.o(.ARM.Collect$$libinit$$00000032)
    __rt_lib_init_exceptions_1               0x00000185   Thumb Code     0  libinit2.o(.ARM.Collect$$libinit$$00000030)
    __rt_lib_init_fp_trap_1                  0x00000185   Thumb Code     0  libinit2.o(.ARM.Collect$$libinit$$0000001F)
    __rt_lib_init_getenv_1                   0x00000185   Thumb Code     0  libinit2.o(.ARM.Collect$$libinit$$00000023)
    __rt_lib_init_heap_1                     0x00000185   Thumb Code     0  libinit2.o(.ARM.Collect$$libinit$$0000000A)
    __rt_lib_init_lc_collate_1               0x00000185   Thumb Code     0  libinit2.o(.ARM.Collect$$libinit$$00000011)
    __rt_lib_init_lc_ctype_1                 0x00000185   Thumb Code     0  libinit2.o(.ARM.Collect$$libinit$$00000013)
    __rt_lib_init_lc_monetary_1              0x00000185   Thumb Code     0  libinit2.o(.ARM.Collect$$libinit$$00000015)
    __rt_lib_init_lc_numeric_1               0x00000185   Thumb Code     0  libinit2.o(.ARM.Collect$$libinit$$00000017)
    __rt_lib_init_lc_time_1                  0x00000185   Thumb Code     0  libinit2.o(.ARM.Collect$$libinit$$00000019)
    __rt_lib_init_rand_1                     0x00000185   Thumb Code     0  libinit2.o(.ARM.Collect$$libinit$$0000000E)
    __rt_lib_init_return                     0x00000185   Thumb Code     0  libinit2.o(.ARM.Collect$$libinit$$00000033)
    __rt_lib_init_signal_1                   0x00000185   Thumb Code     0  libinit2.o(.ARM.Collect$$libinit$$0000001D)
    __rt_lib_init_stdio_1                    0x00000185   Thumb Code     0  libinit2.o(.ARM.Collect$$libinit$$00000025)
    __rt_lib_init_user_alloc_1               0x00000185   Thumb Code     0  libinit2.o(.ARM.Collect$$libinit$$0000000C)
    __rt_lib_shutdown                        0x00000187   Thumb Code     0  libshutdown.o(.ARM.Collect$$libshutdown$$00000000)
    __rt_lib_shutdown_cpp_1                  0x00000189   Thumb Code     0  libshutdown2.o(.ARM.Collect$$libshutdown$$00000002)
    __rt_lib_shutdown_fp_trap_1              0x00000189   Thumb Code     0  libshutdown2.o(.ARM.Collect$$libshutdown$$00000007)
    __rt_lib_shutdown_heap_1                 0x00000189   Thumb Code     0  libshutdown2.o(.ARM.Collect$$libshutdown$$0000000F)
    __rt_lib_shutdown_return                 0x00000189   Thumb Code     0  libshutdown2.o(.ARM.Collect$$libshutdown$$00000010)
    __rt_lib_shutdown_signal_1               0x00000189   Thumb Code     0  libshutdown2.o(.ARM.Collect$$libshutdown$$0000000A)
    __rt_lib_shutdown_stdio_1                0x00000189   Thumb Code     0  libshutdown2.o(.ARM.Collect$$libshutdown$$00000004)
    __rt_lib_shutdown_user_alloc_1           0x00000189   Thumb Code     0  libshutdown2.o(.ARM.Collect$$libshutdown$$0000000C)
    __rt_entry                               0x0000018b   Thumb Code     0  __rtentry.o(.ARM.Collect$$rtentry$$00000000)
    __rt_entry_presh_1                       0x0000018b   Thumb Code     0  __rtentry2.o(.ARM.Collect$$rtentry$$00000002)
    __rt_entry_sh                            0x0000018b   Thumb Code     0  __rtentry4.o(.ARM.Collect$$rtentry$$00000004)
    __rt_entry_li                            0x00000191   Thumb Code     0  __rtentry2.o(.ARM.Collect$$rtentry$$0000000A)
    __rt_entry_postsh_1                      0x00000191   Thumb Code     0  __rtentry2.o(.ARM.Collect$$rtentry$$00000009)
    __rt_entry_main                          0x00000195   Thumb Code     0  __rtentry2.o(.ARM.Collect$$rtentry$$0000000D)
    __rt_entry_postli_1                      0x00000195   Thumb Code     0  __rtentry2.o(.ARM.Collect$$rtentry$$0000000C)
    __rt_exit                                0x0000019d   Thumb Code     0  rtexit.o(.ARM.Collect$$rtexit$$00000000)
    __rt_exit_ls                             0x0000019f   Thumb Code     0  rtexit2.o(.ARM.Collect$$rtexit$$00000003)
    __rt_exit_prels_1                        0x0000019f   Thumb Code     0  rtexit2.o(.ARM.Collect$$rtexit$$00000002)
    __rt_exit_exit                           0x000001a3   Thumb Code     0  rtexit2.o(.ARM.Collect$$rtexit$$00000004)
    SVC_Handler                              0x000001a9   Thumb Code    32  port.o(.emb_text)
    __asm___6_port_c_39a90d8d__prvStartFirstTask 0x000001cd   Thumb Code    28  port.o(.emb_text)
    PendSV_Handler                           0x000001ed   Thumb Code    64  port.o(.emb_text)
    ulPortSetInterruptMask                   0x00000231   Thumb Code    14  port.o(.emb_text)
    vPortClearInterruptMask                  0x0000023f   Thumb Code     6  port.o(.emb_text)
    vPortGetIPSR                             0x00000245   Thumb Code     6  port.o(.emb_text)
    _maybe_terminate_alloc                   0x0000024d   Thumb Code     0  maybetermalloc1.o(.emb_text)
    vListInitialise                          0x0000024d   Thumb Code    26  list.o(.text)
    vListInitialiseItem                      0x00000267   Thumb Code     6  list.o(.text)
    vListInsertEnd                           0x0000026d   Thumb Code    24  list.o(.text)
    vListInsert                              0x00000285   Thumb Code    52  list.o(.text)
    uxListRemove                             0x000002b9   Thumb Code    40  list.o(.text)
    xQueueGenericReset                       0x000002e1   Thumb Code   110  queue.o(.text)
    xQueueGenericCreate                      0x0000034f   Thumb Code    78  queue.o(.text)
    xQueueGenericSend                        0x000004b9   Thumb Code   234  queue.o(.text)
    xQueueCreateMutex                        0x000005a3   Thumb Code    76  queue.o(.text)
    xQueueGiveMutexRecursive                 0x000005ef   Thumb Code    48  queue.o(.text)
    xQueueGenericReceive                     0x00000663   Thumb Code   284  queue.o(.text)
    xQueueTakeMutexRecursive                 0x0000077f   Thumb Code    60  queue.o(.text)
    xQueueCreateCountingSemaphore            0x000007bb   Thumb Code    26  queue.o(.text)
    xQueueGenericSendFromISR                 0x000007d5   Thumb Code   106  queue.o(.text)
    xQueueGiveFromISR                        0x0000083f   Thumb Code    90  queue.o(.text)
    xQueueReceiveFromISR                     0x00000899   Thumb Code    96  queue.o(.text)
    xQueuePeekFromISR                        0x000008f9   Thumb Code    50  queue.o(.text)
    uxQueueMessagesWaiting                   0x0000092b   Thumb Code    18  queue.o(.text)
    uxQueueSpacesAvailable                   0x0000093d   Thumb Code    24  queue.o(.text)
    uxQueueMessagesWaitingFromISR            0x00000955   Thumb Code     6  queue.o(.text)
    vQueueUnregisterQueue                    0x0000095b   Thumb Code    38  queue.o(.text)
    vQueueDelete                             0x00000981   Thumb Code    20  queue.o(.text)
    uxQueueGetQueueNumber                    0x00000995   Thumb Code     6  queue.o(.text)
    vQueueSetQueueNumber                     0x0000099b   Thumb Code     4  queue.o(.text)
    ucQueueGetQueueType                      0x0000099f   Thumb Code     8  queue.o(.text)
    xQueueIsQueueEmptyFromISR                0x000009a7   Thumb Code    14  queue.o(.text)
    xQueueIsQueueFullFromISR                 0x000009b5   Thumb Code    18  queue.o(.text)
    vQueueAddToRegistry                      0x000009c7   Thumb Code    38  queue.o(.text)
    xTaskGenericCreate                       0x00000adb   Thumb Code   232  tasks.o(.text)
    vTaskDelete                              0x00000bed   Thumb Code   138  tasks.o(.text)
    xTaskIncrementTick                       0x00000c77   Thumb Code   248  tasks.o(.text)
    xTaskResumeAll                           0x00000d6f   Thumb Code   268  tasks.o(.text)
    vTaskSuspendAll                          0x00000eb9   Thumb Code    12  tasks.o(.text)
    vTaskDelayUntil                          0x00000ec5   Thumb Code   126  tasks.o(.text)
    vTaskDelay                               0x00000f43   Thumb Code    72  tasks.o(.text)
    uxTaskPriorityGet                        0x00000f8b   Thumb Code    30  tasks.o(.text)
    uxTaskPriorityGetFromISR                 0x00000fa9   Thumb Code    38  tasks.o(.text)
    vTaskPrioritySet                         0x00000fcf   Thumb Code   214  tasks.o(.text)
    vTaskSwitchContext                       0x000010a5   Thumb Code    76  tasks.o(.text)
    vTaskSuspend                             0x000010f1   Thumb Code   150  tasks.o(.text)
    vTaskResume                              0x000011bf   Thumb Code   150  tasks.o(.text)
    xTaskResumeFromISR                       0x00001255   Thumb Code   112  tasks.o(.text)
    vTaskStartScheduler                      0x0000138b   Thumb Code    52  tasks.o(.text)
    vTaskEndScheduler                        0x000013bf   Thumb Code    18  tasks.o(.text)
    xTaskGetTickCount                        0x000013d1   Thumb Code     6  tasks.o(.text)
    xTaskGetTickCountFromISR                 0x000013d7   Thumb Code     8  tasks.o(.text)
    uxTaskGetNumberOfTasks                   0x000013df   Thumb Code     6  tasks.o(.text)
    uxTaskGetSystemState                     0x000014ab   Thumb Code   132  tasks.o(.text)
    vTaskStepTick                            0x0000152f   Thumb Code    12  tasks.o(.text)
    vTaskPlaceOnEventList                    0x0000153b   Thumb Code    84  tasks.o(.text)
    vTaskPlaceOnUnorderedEventList           0x0000158f   Thumb Code   100  tasks.o(.text)
    xTaskRemoveFromEventList                 0x000015f3   Thumb Code   180  tasks.o(.text)
    xTaskRemoveFromUnorderedEventList        0x000016a7   Thumb Code    94  tasks.o(.text)
    vTaskSetTimeOutState                     0x00001705   Thumb Code    14  tasks.o(.text)
    xTaskCheckForTimeOut                     0x00001713   Thumb Code    84  tasks.o(.text)
    vTaskMissedYield                         0x00001767   Thumb Code     8  tasks.o(.text)
    uxTaskGetTaskNumber                      0x0000176f   Thumb Code    14  tasks.o(.text)
    vTaskSetTaskNumber                       0x0000177d   Thumb Code     8  tasks.o(.text)
    eTaskConfirmSleepModeStatus              0x00001785   Thumb Code    44  tasks.o(.text)
    uxTaskGetStackHighWaterMark              0x000017b1   Thumb Code    34  tasks.o(.text)
    xTaskGetCurrentTaskHandle                0x000017d3   Thumb Code     6  tasks.o(.text)
    xTaskGetSchedulerState                   0x000017d9   Thumb Code    24  tasks.o(.text)
    vTaskPriorityInherit                     0x000017f1   Thumb Code   164  tasks.o(.text)
    xTaskPriorityDisinherit                  0x00001895   Thumb Code   122  tasks.o(.text)
    uxTaskResetEventItemValue                0x0000190f   Thumb Code    24  tasks.o(.text)
    pvTaskIncrementMutexHeldCount            0x00001927   Thumb Code    26  tasks.o(.text)
    ulTaskNotifyTake                         0x00001941   Thumb Code   162  tasks.o(.text)
    xTaskNotifyWait                          0x000019e3   Thumb Code   242  tasks.o(.text)
    xTaskGenericNotify                       0x00001ad5   Thumb Code   166  tasks.o(.text)
    xTaskNotifyFromISR                       0x00001b7b   Thumb Code   190  tasks.o(.text)
    vTaskNotifyGiveFromISR                   0x00001c39   Thumb Code   124  tasks.o(.text)
    pxPortInitialiseStack                    0x00001cd1   Thumb Code    26  port.o(.text)
    vPortSetupTimerInterrupt                 0x00001ceb   Thumb Code    76  port.o(.text)
    xPortStartScheduler                      0x00001d37   Thumb Code    42  port.o(.text)
    vPortEndScheduler                        0x00001d61   Thumb Code     2  port.o(.text)
    vPortYield                               0x00001d63   Thumb Code    20  port.o(.text)
    vPortEnterCritical                       0x00001d77   Thumb Code    26  port.o(.text)
    vPortExitCritical                        0x00001d91   Thumb Code    26  port.o(.text)
    SysTick_Handler                          0x00001dab   Thumb Code    30  port.o(.text)
    vPortSuppressTicksAndSleep               0x00001dc9   Thumb Code   312  port.o(.text)
    pvPortMalloc                             0x00001f1d   Thumb Code    24  heap_3.o(.text)
    vPortFree                                0x00001f35   Thumb Code    22  heap_3.o(.text)
    osInitKernel                             0x00001f4b   Thumb Code     2  os_port_freertos.o(.text)
    osStartKernel                            0x00001f4d   Thumb Code     8  os_port_freertos.o(.text)
    osCreateTask                             0x00001f55   Thumb Code    66  os_port_freertos.o(.text)
    osDeleteTask                             0x00001f97   Thumb Code    12  os_port_freertos.o(.text)
    osDelayTask                              0x00001fa3   Thumb Code    12  os_port_freertos.o(.text)
    osSwitchTask                             0x00001faf   Thumb Code     8  os_port_freertos.o(.text)
    osSuspendAllTasks                        0x00001fb7   Thumb Code    16  os_port_freertos.o(.text)
    osResumeAllTasks                         0x00001fc7   Thumb Code    16  os_port_freertos.o(.text)
    osCreateEvent                            0x00001fd7   Thumb Code    56  os_port_freertos.o(.text)
    osDeleteEvent                            0x0000200f   Thumb Code    16  os_port_freertos.o(.text)
    osSetEvent                               0x0000201f   Thumb Code    18  os_port_freertos.o(.text)
    osResetEvent                             0x00002031   Thumb Code    18  os_port_freertos.o(.text)
    osWaitForEvent                           0x00002043   Thumb Code    44  os_port_freertos.o(.text)
    osSetEventFromIsr                        0x0000206f   Thumb Code    20  os_port_freertos.o(.text)
    osCreateSemaphore                        0x00002083   Thumb Code    28  os_port_freertos.o(.text)
    osDeleteSemaphore                        0x0000209f   Thumb Code    16  os_port_freertos.o(.text)
    osWaitForSemaphore                       0x000020af   Thumb Code    44  os_port_freertos.o(.text)
    osReleaseSemaphore                       0x000020db   Thumb Code    18  os_port_freertos.o(.text)
    osCreateMutex                            0x000020ed   Thumb Code    24  os_port_freertos.o(.text)
    osDeleteMutex                            0x00002105   Thumb Code    16  os_port_freertos.o(.text)
    osAcquireMutex                           0x00002115   Thumb Code    18  os_port_freertos.o(.text)
    osReleaseMutex                           0x00002127   Thumb Code    18  os_port_freertos.o(.text)
    osGetSystemTime                          0x00002139   Thumb Code    12  os_port_freertos.o(.text)
    osAllocMem                               0x00002145   Thumb Code    16  os_port_freertos.o(.text)
    osFreeMem                                0x00002155   Thumb Code    14  os_port_freertos.o(.text)
    osAtomicInc16                            0x00002163   Thumb Code    26  os_port_freertos.o(.text)
    osAtomicInc32                            0x0000217d   Thumb Code    24  os_port_freertos.o(.text)
    vApplicationStackOverflowHook            0x00002195   Thumb Code     8  os_port_freertos.o(.text)
    vAssertCalled                            0x0000219d   Thumb Code    28  os_port_freertos.o(.text)
    SystemInit                               0x000021b9   Thumb Code     8  sysinit.o(.text)
    Reset_Handler                            0x000021c1   Thumb Code     8  keil_freertos_startup_lpc15xx.o(.text)
    NMI_Handler                              0x000021c9   Thumb Code     2  keil_freertos_startup_lpc15xx.o(.text)
    HardFault_Handler                        0x000021cb   Thumb Code     2  keil_freertos_startup_lpc15xx.o(.text)
    Reserved_IRQHandler                      0x000021d3   Thumb Code     2  keil_freertos_startup_lpc15xx.o(.text)
    ACMP0_IRQHandler                         0x000021d5   Thumb Code     0  keil_freertos_startup_lpc15xx.o(.text)
    ACMP1_IRQHandler                         0x000021d5   Thumb Code     0  keil_freertos_startup_lpc15xx.o(.text)
    ACMP2_IRQHandler                         0x000021d5   Thumb Code     0  keil_freertos_startup_lpc15xx.o(.text)
    ACMP3_IRQHandler                         0x000021d5   Thumb Code     0  keil_freertos_startup_lpc15xx.o(.text)
    ADC0A_IRQHandler                         0x000021d5   Thumb Code     0  keil_freertos_startup_lpc15xx.o(.text)
    ADC0B_IRQHandler                         0x000021d5   Thumb Code     0  keil_freertos_startup_lpc15xx.o(.text)
    ADC0_OVR_IRQHandler                      0x000021d5   Thumb Code     0  keil_freertos_startup_lpc15xx.o(.text)
    ADC0_THCMP_IRQHandler                    0x000021d5   Thumb Code     0  keil_freertos_startup_lpc15xx.o(.text)
    ADC1A_IRQHandler                         0x000021d5   Thumb Code     0  keil_freertos_startup_lpc15xx.o(.text)
    ADC1B_IRQHandler                         0x000021d5   Thumb Code     0  keil_freertos_startup_lpc15xx.o(.text)
    ADC1_OVR_IRQHandler                      0x000021d5   Thumb Code     0  keil_freertos_startup_lpc15xx.o(.text)
    ADC1_THCMP_IRQHandler                    0x000021d5   Thumb Code     0  keil_freertos_startup_lpc15xx.o(.text)
    BOD_IRQHandler                           0x000021d5   Thumb Code     0  keil_freertos_startup_lpc15xx.o(.text)
    CAN_IRQHandler                           0x000021d5   Thumb Code     0  keil_freertos_startup_lpc15xx.o(.text)
    DAC_IRQHandler                           0x000021d5   Thumb Code     0  keil_freertos_startup_lpc15xx.o(.text)
    DMA_IRQHandler                           0x000021d5   Thumb Code     0  keil_freertos_startup_lpc15xx.o(.text)
    EEPROM_IRQHandler                        0x000021d5   Thumb Code     0  keil_freertos_startup_lpc15xx.o(.text)
    FMC_IRQHandler                           0x000021d5   Thumb Code     0  keil_freertos_startup_lpc15xx.o(.text)
    GINT0_IRQHandler                         0x000021d5   Thumb Code     0  keil_freertos_startup_lpc15xx.o(.text)
    GINT1_IRQHandler                         0x000021d5   Thumb Code     0  keil_freertos_startup_lpc15xx.o(.text)
    I2C0_IRQHandler                          0x000021d5   Thumb Code     0  keil_freertos_startup_lpc15xx.o(.text)
    MRT_IRQHandler                           0x000021d5   Thumb Code     0  keil_freertos_startup_lpc15xx.o(.text)
    PIN_INT0_IRQHandler                      0x000021d5   Thumb Code     0  keil_freertos_startup_lpc15xx.o(.text)
    PIN_INT1_IRQHandler                      0x000021d5   Thumb Code     0  keil_freertos_startup_lpc15xx.o(.text)
    PIN_INT2_IRQHandler                      0x000021d5   Thumb Code     0  keil_freertos_startup_lpc15xx.o(.text)
    PIN_INT3_IRQHandler                      0x000021d5   Thumb Code     0  keil_freertos_startup_lpc15xx.o(.text)
    PIN_INT4_IRQHandler                      0x000021d5   Thumb Code     0  keil_freertos_startup_lpc15xx.o(.text)
    PIN_INT5_IRQHandler                      0x000021d5   Thumb Code     0  keil_freertos_startup_lpc15xx.o(.text)
    PIN_INT6_IRQHandler                      0x000021d5   Thumb Code     0  keil_freertos_startup_lpc15xx.o(.text)
    PIN_INT7_IRQHandler                      0x000021d5   Thumb Code     0  keil_freertos_startup_lpc15xx.o(.text)
    QEI_IRQHandler                           0x000021d5   Thumb Code     0  keil_freertos_startup_lpc15xx.o(.text)
    RIT_IRQHandler                           0x000021d5   Thumb Code     0  keil_freertos_startup_lpc15xx.o(.text)
    RTC_ALARM_IRQHandler                     0x000021d5   Thumb Code     0  keil_freertos_startup_lpc15xx.o(.text)
    RTC_WAKE_IRQHandler                      0x000021d5   Thumb Code     0  keil_freertos_startup_lpc15xx.o(.text)
    SCT0_IRQHandler                          0x000021d5   Thumb Code     0  keil_freertos_startup_lpc15xx.o(.text)
    SCT1_IRQHandler                          0x000021d5   Thumb Code     0  keil_freertos_startup_lpc15xx.o(.text)
    SCT2_IRQHandler                          0x000021d5   Thumb Code     0  keil_freertos_startup_lpc15xx.o(.text)
    SCT3_IRQHandler                          0x000021d5   Thumb Code     0  keil_freertos_startup_lpc15xx.o(.text)
    SPI0_IRQHandler                          0x000021d5   Thumb Code     0  keil_freertos_startup_lpc15xx.o(.text)
    SPI1_IRQHandler                          0x000021d5   Thumb Code     0  keil_freertos_startup_lpc15xx.o(.text)
    UART0_IRQHandler                         0x000021d5   Thumb Code     0  keil_freertos_startup_lpc15xx.o(.text)
    UART1_IRQHandler                         0x000021d5   Thumb Code     0  keil_freertos_startup_lpc15xx.o(.text)
    UART2_IRQHandler                         0x000021d5   Thumb Code     0  keil_freertos_startup_lpc15xx.o(.text)
    USBWakeup_IRQHandler                     0x000021d5   Thumb Code     0  keil_freertos_startup_lpc15xx.o(.text)
    USB_FIQHandler                           0x000021d5   Thumb Code     0  keil_freertos_startup_lpc15xx.o(.text)
    USB_IRQHandler                           0x000021d5   Thumb Code     0  keil_freertos_startup_lpc15xx.o(.text)
    WDT_IRQHandler                           0x000021d5   Thumb Code     0  keil_freertos_startup_lpc15xx.o(.text)
    __user_initial_stackheap                 0x000021d9   Thumb Code     0  keil_freertos_startup_lpc15xx.o(.text)
    main                                     0x00002245   Thumb Code    96  main.o(.text)
    iInitMyNetwork                           0x000022e1   Thumb Code     4  mynetwork.o(.text)
    vApplicationIdleHook                     0x000022e5   Thumb Code     2  mynetwork.o(.text)
    malloc                                   0x000022e7   Thumb Code    94  h1_alloc.o(.text)
    free                                     0x00002345   Thumb Code    78  h1_free.o(.text)
    __aeabi_uldivmod                         0x00002393   Thumb Code     0  lludivv7m.o(.text)
    _ll_udiv                                 0x00002393   Thumb Code   238  lludivv7m.o(.text)
    __2printf                                0x00002481   Thumb Code    20  noretval__2printf.o(.text)
    _printf_int_dec                          0x00002499   Thumb Code   104  _printf_dec.o(.text)
    __printf                                 0x00002511   Thumb Code   308  __printf_flags_wp.o(.text)
    __aeabi_memcpy                           0x00002649   Thumb Code     0  rt_memcpy_v6.o(.text)
    __rt_memcpy                              0x00002649   Thumb Code   138  rt_memcpy_v6.o(.text)
    _memcpy_lastbytes                        0x000026af   Thumb Code     0  rt_memcpy_v6.o(.text)
    __aeabi_memset                           0x000026d3   Thumb Code    16  aeabi_memset.o(.text)
    __use_two_region_memory                  0x000026e3   Thumb Code     2  heapauxi.o(.text)
    __rt_heap_escrow                         0x000026e5   Thumb Code     2  heapauxi.o(.text)
    __rt_heap_expand                         0x000026e7   Thumb Code     2  heapauxi.o(.text)
    __rt_heap_descriptor                     0x000026e9   Thumb Code     8  rt_heap_descriptor_intlibspace.o(.text)
    __use_no_heap                            0x000026f1   Thumb Code     2  hguard.o(.text)
    __heap$guard                             0x000026f3   Thumb Code     2  hguard.o(.text)
    _terminate_user_alloc                    0x000026f5   Thumb Code     2  init_alloc.o(.text)
    _init_user_alloc                         0x000026f7   Thumb Code     2  init_alloc.o(.text)
    __Heap_Full                              0x000026f9   Thumb Code    34  init_alloc.o(.text)
    __Heap_Broken                            0x0000271b   Thumb Code     6  init_alloc.o(.text)
    _init_alloc                              0x00002721   Thumb Code    94  init_alloc.o(.text)
    __Heap_Initialize                        0x0000277f   Thumb Code    10  h1_init.o(.text)
    __Heap_DescSize                          0x00002789   Thumb Code     4  h1_init.o(.text)
    _printf_int_common                       0x0000278d   Thumb Code   178  _printf_intcommon.o(.text)
    _printf_char_common                      0x0000284b   Thumb Code    32  _printf_char_common.o(.text)
    _printf_char_file                        0x00002871   Thumb Code    32  _printf_char_file.o(.text)
    __aeabi_memcpy4                          0x00002895   Thumb Code     0  rt_memcpy_w.o(.text)
    __aeabi_memcpy8                          0x00002895   Thumb Code     0  rt_memcpy_w.o(.text)
    __rt_memcpy_w                            0x00002895   Thumb Code   100  rt_memcpy_w.o(.text)
    _memcpy_lastbytes_aligned                0x000028dd   Thumb Code     0  rt_memcpy_w.o(.text)
    __aeabi_memclr                           0x000028f9   Thumb Code     0  rt_memclr.o(.text)
    __rt_memclr                              0x000028f9   Thumb Code    68  rt_memclr.o(.text)
    _memset                                  0x000028fd   Thumb Code     0  rt_memclr.o(.text)
    __user_libspace                          0x0000293d   Thumb Code     8  libspace.o(.text)
    __user_perproc_libspace                  0x0000293d   Thumb Code     0  libspace.o(.text)
    __user_perthread_libspace                0x0000293d   Thumb Code     0  libspace.o(.text)
    __Heap_ProvideMemory                     0x00002945   Thumb Code    52  h1_extend.o(.text)
    __rt_SIGRTMEM                            0x00002979   Thumb Code    14  defsig_rtmem_outer.o(.text)
    __aeabi_memclr4                          0x00002987   Thumb Code     0  rt_memclr_w.o(.text)
    __aeabi_memclr8                          0x00002987   Thumb Code     0  rt_memclr_w.o(.text)
    __rt_memclr_w                            0x00002987   Thumb Code    78  rt_memclr_w.o(.text)
    _memset_w                                0x0000298b   Thumb Code     0  rt_memclr_w.o(.text)
    __I$use$semihosting                      0x000029d5   Thumb Code     0  use_no_semi.o(.text)
    __use_no_semihosting_swi                 0x000029d5   Thumb Code     2  use_no_semi.o(.text)
    __semihosting_library_function           0x000029d7   Thumb Code     0  indicate_semi.o(.text)
    __user_setup_stackheap                   0x000029d7   Thumb Code    74  sys_stackheap_outer.o(.text)
    exit                                     0x00002a21   Thumb Code    18  exit.o(.text)
    __sig_exit                               0x00002a33   Thumb Code    10  defsig_exit.o(.text)
    __rt_SIGRTMEM_inner                      0x00002a3d   Thumb Code    22  defsig_rtmem_inner.o(.text)
    __default_signal_display                 0x00002a8d   Thumb Code    50  defsig_general.o(.text)
    _ttywrch                                 0x00002abf   Thumb Code    14  sys_wrch.o(.text)
    Board_Debug_Init                         0x00002acd   Thumb Code    88  board.o(i.Board_Debug_Init)
    Board_Init                               0x00002b2d   Thumb Code    68  board.o(i.Board_Init)
    Board_LED_Set                            0x00002b75   Thumb Code    32  board.o(i.Board_LED_Set)
    Board_SetupClocking                      0x00002b99   Thumb Code    50  board_sysinit.o(i.Board_SetupClocking)
    Board_SetupMuxing                        0x00002bd1   Thumb Code    72  board_sysinit.o(i.Board_SetupMuxing)
    Board_SystemInit                         0x00002c21   Thumb Code    20  board_sysinit.o(i.Board_SystemInit)
    Board_UARTPutChar                        0x00002c39   Thumb Code    14  board.o(i.Board_UARTPutChar)
    Chip_Clock_EnablePeriphClock             0x00002c4d   Thumb Code    28  clock_15xx.o(i.Chip_Clock_EnablePeriphClock)
    Chip_Clock_GetMainClockRate              0x00002c6d   Thumb Code    20  clock_15xx.o(i.Chip_Clock_GetMainClockRate)
    Chip_Clock_GetMain_A_ClockRate           0x00002c85   Thumb Code    36  clock_15xx.o(i.Chip_Clock_GetMain_A_ClockRate)
    Chip_Clock_GetMain_B_ClockRate           0x00002cb9   Thumb Code    44  clock_15xx.o(i.Chip_Clock_GetMain_B_ClockRate)
    Chip_Clock_GetSystemClockRate            0x00002d19   Thumb Code    18  clock_15xx.o(i.Chip_Clock_GetSystemClockRate)
    Chip_Clock_GetSystemPLLInClockRate       0x00002d31   Thumb Code    10  clock_15xx.o(i.Chip_Clock_GetSystemPLLInClockRate)
    Chip_Clock_GetSystemPLLOutClockRate      0x00002d41   Thumb Code    22  clock_15xx.o(i.Chip_Clock_GetSystemPLLOutClockRate)
    Chip_Clock_GetUARTBaseClockRate          0x00002d5d   Thumb Code    60  clock_15xx.o(i.Chip_Clock_GetUARTBaseClockRate)
    Chip_Clock_SetMainClockSource            0x00002d9d   Thumb Code    26  clock_15xx.o(i.Chip_Clock_SetMainClockSource)
    Chip_Clock_SetUARTBaseClockRate          0x00002dbd   Thumb Code    76  clock_15xx.o(i.Chip_Clock_SetUARTBaseClockRate)
    Chip_GPIO_Init                           0x00002e29   Thumb Code    44  gpio_15xx.o(i.Chip_GPIO_Init)
    Chip_IOCON_SetPinMuxing                  0x00002e55   Thumb Code    36  iocon_15xx.o(i.Chip_IOCON_SetPinMuxing)
    Chip_SWM_MovablePinAssign                0x00002e79   Thumb Code    30  swm_15xx.o(i.Chip_SWM_MovablePinAssign)
    Chip_SYSCTL_AssertPeriphReset            0x00002ea9   Thumb Code    30  sysctl_15xx.o(i.Chip_SYSCTL_AssertPeriphReset)
    Chip_SYSCTL_DeassertPeriphReset          0x00002ecd   Thumb Code    30  sysctl_15xx.o(i.Chip_SYSCTL_DeassertPeriphReset)
    Chip_SYSCTL_PowerDown                    0x00002f05   Thumb Code    20  sysctl_15xx.o(i.Chip_SYSCTL_PowerDown)
    Chip_SYSCTL_PowerUp                      0x00002f21   Thumb Code    20  sysctl_15xx.o(i.Chip_SYSCTL_PowerUp)
    Chip_SetupXtalClocking                   0x00002f3d   Thumb Code    92  sysinit_15xx.o(i.Chip_SetupXtalClocking)
    Chip_UART_Init                           0x00002f9d   Thumb Code    42  uart_15xx.o(i.Chip_UART_Init)
    Chip_UART_Send                           0x00002fd1   Thumb Code    28  uart_15xx.o(i.Chip_UART_Send)
    Chip_UART_SendBlocking                   0x00002fed   Thumb Code    36  uart_15xx.o(i.Chip_UART_SendBlocking)
    Chip_UART_SetBaud                        0x00003011   Thumb Code    22  uart_15xx.o(i.Chip_UART_SetBaud)
    SystemCoreClockUpdate                    0x00003029   Thumb Code    12  chip_15xx.o(i.SystemCoreClockUpdate)
    _is_digit                                0x00003039   Thumb Code    14  __printf_wp.o(i._is_digit)
    _sys_exit                                0x00003047   Thumb Code     4  board.o(i._sys_exit)
    ferror                                   0x0000304b   Thumb Code     6  board.o(i.ferror)
    fputc                                    0x00003051   Thumb Code    12  board.o(i.fputc)
    OscRateIn                                0x0000307c   Data           4  board.o(.constdata)
    RTCOscRateIn                             0x00003080   Data           4  board.o(.constdata)
    Region$$Table$$Base                      0x0000312c   Number         0  anon$$obj.o(Region$$Table)
    Region$$Table$$Limit                     0x0000314c   Number         0  anon$$obj.o(Region$$Table)
    pxCurrentTCB                             0x02000000   Data           4  tasks.o(.data)
    SystemCoreClock                          0x02000048   Data           4  chip_15xx.o(.data)
    __stdout                                 0x0200004c   Data           4  board.o(.data)
    xQueueRegistry                           0x02000050   Data          80  queue.o(.bss)
    __libspace_start                         0x020001a4   Data          96  libspace.o(.bss)
    __temporary_stack_top$libspace           0x02000204   Data           0  libspace.o(.bss)



==============================================================================

Memory Map of the image

  Image Entry point : 0x000000fd

  Load Region LR_IROM1 (Base: 0x00000000, Size: 0x0000319c, Max: 0x00040000, ABSOLUTE)

    Execution Region ER_IROM1 (Base: 0x00000000, Size: 0x0000314c, Max: 0x00040000, ABSOLUTE)

    Base Addr    Size         Type   Attr      Idx    E Section Name        Object

    0x00000000   0x000000fc   Data   RO          560    RESET               keil_freertos_startup_lpc15xx.o
    0x000000fc   0x00000008   Code   RO         1756  * !!!main             c_w.l(__main.o)
    0x00000104   0x00000034   Code   RO         1994    !!!scatter          c_w.l(__scatter.o)
    0x00000138   0x0000001a   Code   RO         1996    !!handler_copy      c_w.l(__scatter_copy.o)
    0x00000152   0x00000002   PAD
    0x00000154   0x0000001c   Code   RO         1998    !!handler_zi        c_w.l(__scatter_zi.o)
    0x00000170   0x00000000   Code   RO         1745    .ARM.Collect$$_printf_percent$$00000000  c_w.l(_printf_percent.o)
    0x00000170   0x00000006   Code   RO         1743    .ARM.Collect$$_printf_percent$$00000009  c_w.l(_printf_d.o)
    0x00000176   0x00000004   Code   RO         1805    .ARM.Collect$$_printf_percent$$00000017  c_w.l(_printf_percent_end.o)
    0x0000017a   0x00000002   Code   RO         1935    .ARM.Collect$$libinit$$00000000  c_w.l(libinit.o)
    0x0000017c   0x00000000   Code   RO         1816    .ARM.Collect$$libinit$$00000002  c_w.l(libinit2.o)
    0x0000017c   0x00000000   Code   RO         1818    .ARM.Collect$$libinit$$00000004  c_w.l(libinit2.o)
    0x0000017c   0x00000008   Code   RO         1819    .ARM.Collect$$libinit$$00000005  c_w.l(libinit2.o)
    0x00000184   0x00000000   Code   RO         1821    .ARM.Collect$$libinit$$0000000A  c_w.l(libinit2.o)
    0x00000184   0x00000000   Code   RO         1823    .ARM.Collect$$libinit$$0000000C  c_w.l(libinit2.o)
    0x00000184   0x00000000   Code   RO         1825    .ARM.Collect$$libinit$$0000000E  c_w.l(libinit2.o)
    0x00000184   0x00000000   Code   RO         1828    .ARM.Collect$$libinit$$00000011  c_w.l(libinit2.o)
    0x00000184   0x00000000   Code   RO         1830    .ARM.Collect$$libinit$$00000013  c_w.l(libinit2.o)
    0x00000184   0x00000000   Code   RO         1832    .ARM.Collect$$libinit$$00000015  c_w.l(libinit2.o)
    0x00000184   0x00000000   Code   RO         1834    .ARM.Collect$$libinit$$00000017  c_w.l(libinit2.o)
    0x00000184   0x00000000   Code   RO         1836    .ARM.Collect$$libinit$$00000019  c_w.l(libinit2.o)
    0x00000184   0x00000000   Code   RO         1838    .ARM.Collect$$libinit$$0000001B  c_w.l(libinit2.o)
    0x00000184   0x00000000   Code   RO         1840    .ARM.Collect$$libinit$$0000001D  c_w.l(libinit2.o)
    0x00000184   0x00000000   Code   RO         1842    .ARM.Collect$$libinit$$0000001F  c_w.l(libinit2.o)
    0x00000184   0x00000000   Code   RO         1844    .ARM.Collect$$libinit$$00000021  c_w.l(libinit2.o)
    0x00000184   0x00000000   Code   RO         1846    .ARM.Collect$$libinit$$00000023  c_w.l(libinit2.o)
    0x00000184   0x00000000   Code   RO         1848    .ARM.Collect$$libinit$$00000025  c_w.l(libinit2.o)
    0x00000184   0x00000000   Code   RO         1852    .ARM.Collect$$libinit$$0000002C  c_w.l(libinit2.o)
    0x00000184   0x00000000   Code   RO         1854    .ARM.Collect$$libinit$$0000002E  c_w.l(libinit2.o)
    0x00000184   0x00000000   Code   RO         1856    .ARM.Collect$$libinit$$00000030  c_w.l(libinit2.o)
    0x00000184   0x00000000   Code   RO         1858    .ARM.Collect$$libinit$$00000032  c_w.l(libinit2.o)
    0x00000184   0x00000002   Code   RO         1859    .ARM.Collect$$libinit$$00000033  c_w.l(libinit2.o)
    0x00000186   0x00000002   Code   RO         1991    .ARM.Collect$$libshutdown$$00000000  c_w.l(libshutdown.o)
    0x00000188   0x00000000   Code   RO         1949    .ARM.Collect$$libshutdown$$00000002  c_w.l(libshutdown2.o)
    0x00000188   0x00000000   Code   RO         1951    .ARM.Collect$$libshutdown$$00000004  c_w.l(libshutdown2.o)
    0x00000188   0x00000000   Code   RO         1954    .ARM.Collect$$libshutdown$$00000007  c_w.l(libshutdown2.o)
    0x00000188   0x00000000   Code   RO         1957    .ARM.Collect$$libshutdown$$0000000A  c_w.l(libshutdown2.o)
    0x00000188   0x00000000   Code   RO         1959    .ARM.Collect$$libshutdown$$0000000C  c_w.l(libshutdown2.o)
    0x00000188   0x00000000   Code   RO         1962    .ARM.Collect$$libshutdown$$0000000F  c_w.l(libshutdown2.o)
    0x00000188   0x00000002   Code   RO         1963    .ARM.Collect$$libshutdown$$00000010  c_w.l(libshutdown2.o)
    0x0000018a   0x00000000   Code   RO         1760    .ARM.Collect$$rtentry$$00000000  c_w.l(__rtentry.o)
    0x0000018a   0x00000000   Code   RO         1866    .ARM.Collect$$rtentry$$00000002  c_w.l(__rtentry2.o)
    0x0000018a   0x00000006   Code   RO         1878    .ARM.Collect$$rtentry$$00000004  c_w.l(__rtentry4.o)
    0x00000190   0x00000000   Code   RO         1868    .ARM.Collect$$rtentry$$00000009  c_w.l(__rtentry2.o)
    0x00000190   0x00000004   Code   RO         1869    .ARM.Collect$$rtentry$$0000000A  c_w.l(__rtentry2.o)
    0x00000194   0x00000000   Code   RO         1871    .ARM.Collect$$rtentry$$0000000C  c_w.l(__rtentry2.o)
    0x00000194   0x00000008   Code   RO         1872    .ARM.Collect$$rtentry$$0000000D  c_w.l(__rtentry2.o)
    0x0000019c   0x00000002   Code   RO         1936    .ARM.Collect$$rtexit$$00000000  c_w.l(rtexit.o)
    0x0000019e   0x00000000   Code   RO         1967    .ARM.Collect$$rtexit$$00000002  c_w.l(rtexit2.o)
    0x0000019e   0x00000004   Code   RO         1968    .ARM.Collect$$rtexit$$00000003  c_w.l(rtexit2.o)
    0x000001a2   0x00000006   Code   RO         1969    .ARM.Collect$$rtexit$$00000004  c_w.l(rtexit2.o)
    0x000001a8   0x000000a2   Code   RO          292    .emb_text           port.o
    0x0000024a   0x00000002   PAD
    0x0000024c   0x00000000   Code   RO         1884    .emb_text           c_w.l(maybetermalloc1.o)
    0x0000024c   0x00000094   Code   RO            3    .text               list.o
    0x000002e0   0x00000710   Code   RO          216    .text               queue.o
    0x000009f0   0x000012d8   Code   RO          248    .text               tasks.o
    0x00001cc8   0x00000254   Code   RO          293    .text               port.o
    0x00001f1c   0x0000002e   Code   RO          328    .text               heap_3.o
    0x00001f4a   0x0000026e   Code   RO          365    .text               os_port_freertos.o
    0x000021b8   0x00000008   Code   RO          516    .text               sysinit.o
    0x000021c0   0x0000003c   Code   RO          561    .text               keil_freertos_startup_lpc15xx.o
    0x000021fc   0x000000e4   Code   RO          567    .text               main.o
    0x000022e0   0x00000006   Code   RO          597    .text               mynetwork.o
    0x000022e6   0x0000005e   Code   RO         1646    .text               c_w.l(h1_alloc.o)
    0x00002344   0x0000004e   Code   RO         1648    .text               c_w.l(h1_free.o)
    0x00002392   0x000000ee   Code   RO         1704    .text               c_w.l(lludivv7m.o)
    0x00002480   0x00000018   Code   RO         1710    .text               c_w.l(noretval__2printf.o)
    0x00002498   0x00000078   Code   RO         1720    .text               c_w.l(_printf_dec.o)
    0x00002510   0x00000138   Code   RO         1734    .text               c_w.l(__printf_flags_wp.o)
    0x00002648   0x0000008a   Code   RO         1748    .text               c_w.l(rt_memcpy_v6.o)
    0x000026d2   0x00000010   Code   RO         1750    .text               c_w.l(aeabi_memset.o)
    0x000026e2   0x00000006   Code   RO         1754    .text               c_w.l(heapauxi.o)
    0x000026e8   0x00000008   Code   RO         1768    .text               c_w.l(rt_heap_descriptor_intlibspace.o)
    0x000026f0   0x00000004   Code   RO         1775    .text               c_w.l(hguard.o)
    0x000026f4   0x0000008a   Code   RO         1777    .text               c_w.l(init_alloc.o)
    0x0000277e   0x0000000e   Code   RO         1781    .text               c_w.l(h1_init.o)
    0x0000278c   0x000000b2   Code   RO         1795    .text               c_w.l(_printf_intcommon.o)
    0x0000283e   0x00000002   PAD
    0x00002840   0x00000030   Code   RO         1797    .text               c_w.l(_printf_char_common.o)
    0x00002870   0x00000024   Code   RO         1803    .text               c_w.l(_printf_char_file.o)
    0x00002894   0x00000064   Code   RO         1809    .text               c_w.l(rt_memcpy_w.o)
    0x000028f8   0x00000044   Code   RO         1811    .text               c_w.l(rt_memclr.o)
    0x0000293c   0x00000008   Code   RO         1862    .text               c_w.l(libspace.o)
    0x00002944   0x00000034   Code   RO         1886    .text               c_w.l(h1_extend.o)
    0x00002978   0x0000000e   Code   RO         1892    .text               c_w.l(defsig_rtmem_outer.o)
    0x00002986   0x0000004e   Code   RO         1896    .text               c_w.l(rt_memclr_w.o)
    0x000029d4   0x00000002   Code   RO         1907    .text               c_w.l(use_no_semi.o)
    0x000029d6   0x00000000   Code   RO         1909    .text               c_w.l(indicate_semi.o)
    0x000029d6   0x0000004a   Code   RO         1910    .text               c_w.l(sys_stackheap_outer.o)
    0x00002a20   0x00000012   Code   RO         1916    .text               c_w.l(exit.o)
    0x00002a32   0x0000000a   Code   RO         1918    .text               c_w.l(defsig_exit.o)
    0x00002a3c   0x00000050   Code   RO         1924    .text               c_w.l(defsig_rtmem_inner.o)
    0x00002a8c   0x00000032   Code   RO         1944    .text               c_w.l(defsig_general.o)
    0x00002abe   0x0000000e   Code   RO         1964    .text               c_w.l(sys_wrch.o)
    0x00002acc   0x00000060   Code   RO          784    i.Board_Debug_Init  board_nxp_lpcxpresso_1549.lib(board.o)
    0x00002b2c   0x00000048   Code   RO          785    i.Board_Init        board_nxp_lpcxpresso_1549.lib(board.o)
    0x00002b74   0x00000024   Code   RO          787    i.Board_LED_Set     board_nxp_lpcxpresso_1549.lib(board.o)
    0x00002b98   0x00000038   Code   RO         1059    i.Board_SetupClocking  board_nxp_lpcxpresso_1549.lib(board_sysinit.o)
    0x00002bd0   0x00000050   Code   RO         1060    i.Board_SetupMuxing  board_nxp_lpcxpresso_1549.lib(board_sysinit.o)
    0x00002c20   0x00000018   Code   RO         1061    i.Board_SystemInit  board_nxp_lpcxpresso_1549.lib(board_sysinit.o)
    0x00002c38   0x00000014   Code   RO          791    i.Board_UARTPutChar  board_nxp_lpcxpresso_1549.lib(board.o)
    0x00002c4c   0x00000020   Code   RO         1173    i.Chip_Clock_EnablePeriphClock  chip_15xx_lib.lib(clock_15xx.o)
    0x00002c6c   0x00000018   Code   RO         1175    i.Chip_Clock_GetMainClockRate  chip_15xx_lib.lib(clock_15xx.o)
    0x00002c84   0x00000034   Code   RO         1177    i.Chip_Clock_GetMain_A_ClockRate  chip_15xx_lib.lib(clock_15xx.o)
    0x00002cb8   0x00000034   Code   RO         1178    i.Chip_Clock_GetMain_B_ClockRate  chip_15xx_lib.lib(clock_15xx.o)
    0x00002cec   0x0000000c   Code   RO         1179    i.Chip_Clock_GetPLLFreq  chip_15xx_lib.lib(clock_15xx.o)
    0x00002cf8   0x00000020   Code   RO         1180    i.Chip_Clock_GetPLLInClockRate  chip_15xx_lib.lib(clock_15xx.o)
    0x00002d18   0x00000018   Code   RO         1184    i.Chip_Clock_GetSystemClockRate  chip_15xx_lib.lib(clock_15xx.o)
    0x00002d30   0x00000010   Code   RO         1185    i.Chip_Clock_GetSystemPLLInClockRate  chip_15xx_lib.lib(clock_15xx.o)
    0x00002d40   0x0000001c   Code   RO         1186    i.Chip_Clock_GetSystemPLLOutClockRate  chip_15xx_lib.lib(clock_15xx.o)
    0x00002d5c   0x00000040   Code   RO         1187    i.Chip_Clock_GetUARTBaseClockRate  chip_15xx_lib.lib(clock_15xx.o)
    0x00002d9c   0x00000020   Code   RO         1191    i.Chip_Clock_SetMainClockSource  chip_15xx_lib.lib(clock_15xx.o)
    0x00002dbc   0x00000050   Code   RO         1193    i.Chip_Clock_SetUARTBaseClockRate  chip_15xx_lib.lib(clock_15xx.o)
    0x00002e0c   0x0000001c   Code   RO         1434    i.Chip_FMC_SetFLASHAccess  chip_15xx_lib.lib(sysinit_15xx.o)
    0x00002e28   0x0000002c   Code   RO         1316    i.Chip_GPIO_Init    chip_15xx_lib.lib(gpio_15xx.o)
    0x00002e54   0x00000024   Code   RO         1368    i.Chip_IOCON_SetPinMuxing  chip_15xx_lib.lib(iocon_15xx.o)
    0x00002e78   0x00000024   Code   RO         1395    i.Chip_SWM_MovablePinAssign  chip_15xx_lib.lib(swm_15xx.o)
    0x00002e9c   0x0000000a   Code   RO          794    i.Chip_SWM_MovablePortPinAssign  board_nxp_lpcxpresso_1549.lib(board.o)
    0x00002ea6   0x00000002   PAD
    0x00002ea8   0x00000024   Code   RO         1112    i.Chip_SYSCTL_AssertPeriphReset  chip_15xx_lib.lib(sysctl_15xx.o)
    0x00002ecc   0x00000024   Code   RO         1113    i.Chip_SYSCTL_DeassertPeriphReset  chip_15xx_lib.lib(sysctl_15xx.o)
    0x00002ef0   0x00000012   Code   RO         1477    i.Chip_SYSCTL_PeriphReset  chip_15xx_lib.lib(uart_15xx.o)
    0x00002f02   0x00000002   PAD
    0x00002f04   0x0000001c   Code   RO         1115    i.Chip_SYSCTL_PowerDown  chip_15xx_lib.lib(sysctl_15xx.o)
    0x00002f20   0x0000001c   Code   RO         1116    i.Chip_SYSCTL_PowerUp  chip_15xx_lib.lib(sysctl_15xx.o)
    0x00002f3c   0x00000060   Code   RO         1436    i.Chip_SetupXtalClocking  chip_15xx_lib.lib(sysinit_15xx.o)
    0x00002f9c   0x00000034   Code   RO         1480    i.Chip_UART_Init    chip_15xx_lib.lib(uart_15xx.o)
    0x00002fd0   0x0000001c   Code   RO         1485    i.Chip_UART_Send    chip_15xx_lib.lib(uart_15xx.o)
    0x00002fec   0x00000024   Code   RO         1486    i.Chip_UART_SendBlocking  chip_15xx_lib.lib(uart_15xx.o)
    0x00003010   0x00000016   Code   RO         1488    i.Chip_UART_SetBaud  chip_15xx_lib.lib(uart_15xx.o)
    0x00003026   0x00000002   PAD
    0x00003028   0x00000010   Code   RO          612    i.SystemCoreClockUpdate  chip_15xx_lib.lib(chip_15xx.o)
    0x00003038   0x0000000e   Code   RO         1732    i._is_digit         c_w.l(__printf_wp.o)
    0x00003046   0x00000004   Code   RO          796    i._sys_exit         board_nxp_lpcxpresso_1549.lib(board.o)
    0x0000304a   0x00000006   Code   RO          798    i.ferror            board_nxp_lpcxpresso_1549.lib(board.o)
    0x00003050   0x0000000c   Code   RO          800    i.fputc             board_nxp_lpcxpresso_1549.lib(board.o)
    0x0000305c   0x00000020   Code   RO         1491    i.getUARTClockID    chip_15xx_lib.lib(uart_15xx.o)
    0x0000307c   0x00000004   Data   RO          801    .constdata          board_nxp_lpcxpresso_1549.lib(board.o)
    0x00003080   0x00000004   Data   RO          802    .constdata          board_nxp_lpcxpresso_1549.lib(board.o)
    0x00003084   0x00000015   Data   RO          803    .constdata          board_nxp_lpcxpresso_1549.lib(board.o)
    0x00003099   0x00000003   PAD
    0x0000309c   0x0000007c   Data   RO         1062    .constdata          board_nxp_lpcxpresso_1549.lib(board_sysinit.o)
    0x00003118   0x00000011   Data   RO         1735    .constdata          c_w.l(__printf_flags_wp.o)
    0x00003129   0x00000003   PAD
    0x0000312c   0x00000020   Data   RO         1992    Region$$Table       anon$$obj.o


    Execution Region RW_IRAM1 (Base: 0x02000000, Size: 0x00001a08, Max: 0x00009000, ABSOLUTE)

    Base Addr    Size         Type   Attr      Idx    E Section Name        Object

    0x02000000   0x00000038   Data   RW          250    .data               tasks.o
    0x02000038   0x00000010   Data   RW          294    .data               port.o
    0x02000048   0x00000004   Data   RW          613    .data               chip_15xx_lib.lib(chip_15xx.o)
    0x0200004c   0x00000004   Data   RW          804    .data               board_nxp_lpcxpresso_1549.lib(board.o)
    0x02000050   0x00000050   Zero   RW          217    .bss                queue.o
    0x020000a0   0x00000104   Zero   RW          249    .bss                tasks.o
    0x020001a4   0x00000060   Zero   RW         1863    .bss                c_w.l(libspace.o)
    0x02000204   0x00000004   PAD
    0x02000208   0x00001000   Zero   RW          559    HEAP                keil_freertos_startup_lpc15xx.o
    0x02001208   0x00000800   Zero   RW          558    STACK               keil_freertos_startup_lpc15xx.o


==============================================================================

Image component sizes


      Code (inc. data)   RO Data    RW Data    ZI Data      Debug   Object Name

        46          0          0          0          0        861   heap_3.o
        60         28        252          0       6144        760   keil_freertos_startup_lpc15xx.o
       148          0          0          0          0      13822   list.o
       228         60          0          0          0        967   main.o
         6          0          0          0          0        602   mynetwork.o
       622          0          0          0          0      12033   os_port_freertos.o
       758         40          0         16          0       5658   port.o
      1808          4          0          0         80      17794   queue.o
         8          0          0          0          0        453   sysinit.o
      4824        286          0         56        260      21273   tasks.o

    ----------------------------------------------------------------------
      8510        418        284         72       6484      74223   Object Totals
         0          0         32          0          0          0   (incl. Generated)
         2          0          0          0          0          0   (incl. Padding)

    ----------------------------------------------------------------------

      Code (inc. data)   RO Data    RW Data    ZI Data      Debug   Library Member Name

       256         22         29          4          0      17376   board.o
       160         18        124          0          0      15705   board_sysinit.o
         8          0          0          0          0         68   __main.o
       312          4         17          0          0         92   __printf_flags_wp.o
        14          0          0          0          0         68   __printf_wp.o
         0          0          0          0          0          0   __rtentry.o
        12          0          0          0          0          0   __rtentry2.o
         6          0          0          0          0          0   __rtentry4.o
        52          8          0          0          0          0   __scatter.o
        26          0          0          0          0          0   __scatter_copy.o
        28          0          0          0          0          0   __scatter_zi.o
        48          6          0          0          0         96   _printf_char_common.o
        36          4          0          0          0         80   _printf_char_file.o
         6          0          0          0          0          0   _printf_d.o
       120         16          0          0          0         92   _printf_dec.o
       178          0          0          0          0         88   _printf_intcommon.o
         0          0          0          0          0          0   _printf_percent.o
         4          0          0          0          0          0   _printf_percent_end.o
        16          0          0          0          0         68   aeabi_memset.o
        10          0          0          0          0         68   defsig_exit.o
        50          0          0          0          0         88   defsig_general.o
        80         58          0          0          0         76   defsig_rtmem_inner.o
        14          0          0          0          0         80   defsig_rtmem_outer.o
        18          0          0          0          0         80   exit.o
        94          0          0          0          0         80   h1_alloc.o
        52          0          0          0          0         68   h1_extend.o
        78          0          0          0          0         80   h1_free.o
        14          0          0          0          0         84   h1_init.o
         6          0          0          0          0        152   heapauxi.o
         4          0          0          0          0        136   hguard.o
         0          0          0          0          0          0   indicate_semi.o
       138          0          0          0          0        168   init_alloc.o
         2          0          0          0          0          0   libinit.o
        10          0          0          0          0          0   libinit2.o
         2          0          0          0          0          0   libshutdown.o
         2          0          0          0          0          0   libshutdown2.o
         8          4          0          0         96         68   libspace.o
       238          0          0          0          0        100   lludivv7m.o
         0          0          0          0          0          0   maybetermalloc1.o
        24          4          0          0          0         84   noretval__2printf.o
         8          4          0          0          0         68   rt_heap_descriptor_intlibspace.o
        68          0          0          0          0         68   rt_memclr.o
        78          0          0          0          0         80   rt_memclr_w.o
       138          0          0          0          0         68   rt_memcpy_v6.o
       100          0          0          0          0         80   rt_memcpy_w.o
         2          0          0          0          0          0   rtexit.o
        10          0          0          0          0          0   rtexit2.o
        74          0          0          0          0         80   sys_stackheap_outer.o
        14          0          0          0          0         76   sys_wrch.o
         2          0          0          0          0         68   use_no_semi.o
        16          4          0          4          0      11082   chip_15xx.o
       448         72          0          0          0      12562   clock_15xx.o
        44          0          0          0          0       2933   gpio_15xx.o
        36          0          0          0          0       2258   iocon_15xx.o
        36          6          0          0          0        624   swm_15xx.o
       128         28          0          0          0       9188   sysctl_15xx.o
       124          8          0          0          0      12633   sysinit_15xx.o
       188         18          0          0          0      12296   uart_15xx.o

    ----------------------------------------------------------------------
      3650        284        176          8        100      99309   Library Totals
        10          0          6          0          4          0   (incl. Padding)

    ----------------------------------------------------------------------

      Code (inc. data)   RO Data    RW Data    ZI Data      Debug   Library Name

       416         40        153          4          0      33081   board_nxp_lpcxpresso_1549.lib
      2204        108         17          0         96       2652   c_w.l
      1020        136          0          4          0      63576   chip_15xx_lib.lib

    ----------------------------------------------------------------------
      3650        284        176          8        100      99309   Library Totals

    ----------------------------------------------------------------------

==============================================================================


      Code (inc. data)   RO Data    RW Data    ZI Data      Debug   

     12160        702        460         80       6584     169368   Grand Totals
     12160        702        460         80       6584     169368   ELF Image Totals
     12160        702        460         80          0          0   ROM Totals

==============================================================================

    Total RO  Size (Code + RO Data)                12620 (  12.32kB)
    Total RW  Size (RW Data + ZI Data)              6664 (   6.51kB)
    Total ROM Size (Code + RO Data + RW Data)      12700 (  12.40kB)

==============================================================================

